Archive member included to satisfy reference by file (symbol)

/opt/stm32cubeide/plugins/com.st.stm32cube.ide.mcu.externaltools.gnu-tools-for-stm32.14.3.rel1.linux64_1.0.100.202602081740/tools/bin/../lib/gcc/arm-none-eabi/14.3.1/../../../../arm-none-eabi/lib/thumb/v6-m/nofp/libc_nano.a(libc_a-exit.o)
                              /opt/stm32cubeide/plugins/com.st.stm32cube.ide.mcu.externaltools.gnu-tools-for-stm32.14.3.rel1.linux64_1.0.100.202602081740/tools/bin/../lib/gcc/arm-none-eabi/14.3.1/../../../../arm-none-eabi/lib/thumb/v6-m/nofp/crt0.o (exit)
/opt/stm32cubeide/plugins/com.st.stm32cube.ide.mcu.externaltools.gnu-tools-for-stm32.14.3.rel1.linux64_1.0.100.202602081740/tools/bin/../lib/gcc/arm-none-eabi/14.3.1/../../../../arm-none-eabi/lib/thumb/v6-m/nofp/libc_nano.a(libc_a-findfp.o)
                              /opt/stm32cubeide/plugins/com.st.stm32cube.ide.mcu.externaltools.gnu-tools-for-stm32.14.3.rel1.linux64_1.0.100.202602081740/tools/bin/../lib/gcc/arm-none-eabi/14.3.1/../../../../arm-none-eabi/lib/thumb/v6-m/nofp/libc_nano.a(libc_a-exit.o) (__stdio_exit_handler)
/opt/stm32cubeide/plugins/com.st.stm32cube.ide.mcu.externaltools.gnu-tools-for-stm32.14.3.rel1.linux64_1.0.100.202602081740/tools/bin/../lib/gcc/arm-none-eabi/14.3.1/../../../../arm-none-eabi/lib/thumb/v6-m/nofp/libc_nano.a(libc_a-fwalk.o)
                              /opt/stm32cubeide/plugins/com.st.stm32cube.ide.mcu.externaltools.gnu-tools-for-stm32.14.3.rel1.linux64_1.0.100.202602081740/tools/bin/../lib/gcc/arm-none-eabi/14.3.1/../../../../arm-none-eabi/lib/thumb/v6-m/nofp/libc_nano.a(libc_a-findfp.o) (_fwalk_sglue)
/opt/stm32cubeide/plugins/com.st.stm32cube.ide.mcu.externaltools.gnu-tools-for-stm32.14.3.rel1.linux64_1.0.100.202602081740/tools/bin/../lib/gcc/arm-none-eabi/14.3.1/../../../../arm-none-eabi/lib/thumb/v6-m/nofp/libc_nano.a(libc_a-stdio.o)
                              /opt/stm32cubeide/plugins/com.st.stm32cube.ide.mcu.externaltools.gnu-tools-for-stm32.14.3.rel1.linux64_1.0.100.202602081740/tools/bin/../lib/gcc/arm-none-eabi/14.3.1/../../../../arm-none-eabi/lib/thumb/v6-m/nofp/libc_nano.a(libc_a-findfp.o) (__sread)
/opt/stm32cubeide/plugins/com.st.stm32cube.ide.mcu.externaltools.gnu-tools-for-stm32.14.3.rel1.linux64_1.0.100.202602081740/tools/bin/../lib/gcc/arm-none-eabi/14.3.1/../../../../arm-none-eabi/lib/thumb/v6-m/nofp/libc_nano.a(libc_a-memset.o)
                              /opt/stm32cubeide/plugins/com.st.stm32cube.ide.mcu.externaltools.gnu-tools-for-stm32.14.3.rel1.linux64_1.0.100.202602081740/tools/bin/../lib/gcc/arm-none-eabi/14.3.1/../../../../arm-none-eabi/lib/thumb/v6-m/nofp/crt0.o (memset)
/opt/stm32cubeide/plugins/com.st.stm32cube.ide.mcu.externaltools.gnu-tools-for-stm32.14.3.rel1.linux64_1.0.100.202602081740/tools/bin/../lib/gcc/arm-none-eabi/14.3.1/../../../../arm-none-eabi/lib/thumb/v6-m/nofp/libc_nano.a(libc_a-closer.o)
                              /opt/stm32cubeide/plugins/com.st.stm32cube.ide.mcu.externaltools.gnu-tools-for-stm32.14.3.rel1.linux64_1.0.100.202602081740/tools/bin/../lib/gcc/arm-none-eabi/14.3.1/../../../../arm-none-eabi/lib/thumb/v6-m/nofp/libc_nano.a(libc_a-stdio.o) (_close_r)
/opt/stm32cubeide/plugins/com.st.stm32cube.ide.mcu.externaltools.gnu-tools-for-stm32.14.3.rel1.linux64_1.0.100.202602081740/tools/bin/../lib/gcc/arm-none-eabi/14.3.1/../../../../arm-none-eabi/lib/thumb/v6-m/nofp/libc_nano.a(libc_a-reent.o)
                              /opt/stm32cubeide/plugins/com.st.stm32cube.ide.mcu.externaltools.gnu-tools-for-stm32.14.3.rel1.linux64_1.0.100.202602081740/tools/bin/../lib/gcc/arm-none-eabi/14.3.1/../../../../arm-none-eabi/lib/thumb/v6-m/nofp/libc_nano.a(libc_a-closer.o) (errno)
/opt/stm32cubeide/plugins/com.st.stm32cube.ide.mcu.externaltools.gnu-tools-for-stm32.14.3.rel1.linux64_1.0.100.202602081740/tools/bin/../lib/gcc/arm-none-eabi/14.3.1/../../../../arm-none-eabi/lib/thumb/v6-m/nofp/libc_nano.a(libc_a-impure.o)
                              /opt/stm32cubeide/plugins/com.st.stm32cube.ide.mcu.externaltools.gnu-tools-for-stm32.14.3.rel1.linux64_1.0.100.202602081740/tools/bin/../lib/gcc/arm-none-eabi/14.3.1/../../../../arm-none-eabi/lib/thumb/v6-m/nofp/libc_nano.a(libc_a-reent.o) (_impure_ptr)
/opt/stm32cubeide/plugins/com.st.stm32cube.ide.mcu.externaltools.gnu-tools-for-stm32.14.3.rel1.linux64_1.0.100.202602081740/tools/bin/../lib/gcc/arm-none-eabi/14.3.1/../../../../arm-none-eabi/lib/thumb/v6-m/nofp/libc_nano.a(libc_a-lseekr.o)
                              /opt/stm32cubeide/plugins/com.st.stm32cube.ide.mcu.externaltools.gnu-tools-for-stm32.14.3.rel1.linux64_1.0.100.202602081740/tools/bin/../lib/gcc/arm-none-eabi/14.3.1/../../../../arm-none-eabi/lib/thumb/v6-m/nofp/libc_nano.a(libc_a-stdio.o) (_lseek_r)
/opt/stm32cubeide/plugins/com.st.stm32cube.ide.mcu.externaltools.gnu-tools-for-stm32.14.3.rel1.linux64_1.0.100.202602081740/tools/bin/../lib/gcc/arm-none-eabi/14.3.1/../../../../arm-none-eabi/lib/thumb/v6-m/nofp/libc_nano.a(libc_a-readr.o)
[...]
Memory Configuration

Name             Origin             Length             Attributes
RAM              0x20000000         0x00008000         xrw
FLASH            0x08000000         0x00040000         xr
*default*        0x00000000         0xffffffff

Linker script and memory map

LOAD /opt/stm32cubeide/plugins/com.st.stm32cube.ide.mcu.externaltools.gnu-tools-for-stm32.14.3.rel1.linux64_1.0.100.202602081740/tools/bin/../lib/gcc/arm-none-eabi/14.3.1/thumb/v6-m/nofp/crti.o
LOAD /opt/stm32cubeide/plugins/com.st.stm32cube.ide.mcu.externaltools.gnu-tools-for-stm32.14.3.rel1.linux64_1.0.100.202602081740/tools/bin/../lib/gcc/arm-none-eabi/14.3.1/thumb/v6-m/nofp/crtbegin.o
LOAD /opt/stm32cubeide/plugins/com.st.stm32cube.ide.mcu.externaltools.gnu-tools-for-stm32.14.3.rel1.linux64_1.0.100.202602081740/tools/bin/../lib/gcc/arm-none-eabi/14.3.1/../../../../arm-none-eabi/lib/thumb/v6-m/nofp/crt0.o
LOAD ./Core/Src/commands.o
LOAD ./Core/Src/display.o
LOAD ./Core/Src/main.o
LOAD ./Core/Src/stm32f0xx_hal_msp.o
LOAD ./Core/Src/stm32f0xx_it.o
LOAD ./Core/Src/syscalls.o
LOAD ./Core/Src/sysmem.o
LOAD ./Core/Src/system_stm32f0xx.o
LOAD ./Core/Startup/startup_stm32f091rctx.o
LOAD ./Drivers/STM32F0xx_HAL_Driver/Src/stm32f0xx_hal.o
LOAD ./Drivers/STM32F0xx_HAL_Driver/Src/stm32f0xx_hal_cortex.o
LOAD ./Drivers/STM32F0xx_HAL_Driver/Src/stm32f0xx_hal_dma.o
LOAD ./Drivers/STM32F0xx_HAL_Driver/Src/stm32f0xx_hal_exti.o
LOAD ./Drivers/STM32F0xx_HAL_Driver/Src/stm32f0xx_hal_flash.o
LOAD ./Drivers/STM32F0xx_HAL_Driver/Src/stm32f0xx_hal_flash_ex.o
LOAD ./Drivers/STM32F0xx_HAL_Driver/Src/stm32f0xx_hal_gpio.o
LOAD ./Drivers/STM32F0xx_HAL_Driver/Src/stm32f0xx_hal_i2c.o
LOAD ./Drivers/STM32F0xx_HAL_Driver/Src/stm32f0xx_hal_i2c_ex.o
LOAD ./Drivers/STM32F0xx_HAL_Driver/Src/stm32f0xx_hal_pwr.o
LOAD ./Drivers/STM32F0xx_HAL_Driver/Src/stm32f0xx_hal_pwr_ex.o
LOAD ./Drivers/STM32F0xx_HAL_Driver/Src/stm32f0xx_hal_rcc.o
LOAD ./Drivers/STM32F0xx_HAL_Driver/Src/stm32f0xx_hal_rcc_ex.o
LOAD ./Drivers/STM32F0xx_HAL_Driver/Src/stm32f0xx_hal_spi.o
LOAD ./Drivers/STM32F0xx_HAL_Driver/Src/stm32f0xx_hal_spi_ex.o
LOAD ./Drivers/STM32F0xx_HAL_Driver/Src/stm32f0xx_hal_uart.o
LOAD ./Drivers/STM32F0xx_HAL_Driver/Src/stm32f0xx_hal_uart_ex.o
START GROUP
LOAD /opt/stm32cubeide/plugins/com.st.stm32cube.ide.mcu.externaltools.gnu-tools-for-stm32.14.3.rel1.linux64_1.0.100.202602081740/tools/bin/../lib/gcc/arm-none-eabi/14.3.1/../../../../arm-none-eabi/lib/thumb/v6-m/nofp/libc_nano.a
LOAD /opt/stm32cubeide/plugins/com.st.stm32cube.ide.mcu.externaltools.gnu-tools-for-stm32.14.3.rel1.linux64_1.0.100.202602081740/tools/bin/../lib/gcc/arm-none-eabi/14.3.1/../../../../arm-none-eabi/lib/thumb/v6-m/nofp/libm.a
END GROUP
START GROUP
LOAD /opt/stm32cubeide/plugins/com.st.stm32cube.ide.mcu.externaltools.gnu-tools-for-stm32.14.3.rel1.linux64_1.0.100.202602081740/tools/bin/../lib/gcc/arm-none-eabi/14.3.1/thumb/v6-m/nofp/libgcc.a
LOAD /opt/stm32cubeide/plugins/com.st.stm32cube.ide.mcu.externaltools.gnu-tools-for-stm32.14.3.rel1.linux64_1.0.100.202602081740/tools/bin/../lib/gcc/arm-none-eabi/14.3.1/../../../../arm-none-eabi/lib/thumb/v6-m/nofp/libc_nano.a
END GROUP
START GROUP
LOAD /opt/stm32cubeide/plugins/com.st.stm32cube.ide.mcu.externaltools.gnu-tools-for-stm32.14.3.rel1.linux64_1.0.100.202602081740/tools/bin/../lib/gcc/arm-none-eabi/14.3.1/thumb/v6-m/nofp/libgcc.a
LOAD /opt/stm32cubeide/plugins/com.st.stm32cube.ide.mcu.externaltools.gnu-tools-for-stm32.14.3.rel1.linux64_1.0.100.202602081740/tools/bin/../lib/gcc/arm-none-eabi/14.3.1/../../../../arm-none-eabi/lib/thumb/v6-m/nofp/libc_nano.a
LOAD /opt/stm32cubeide/plugins/com.st.stm32cube.ide.mcu.externaltools.gnu-tools-for-stm32.14.3.rel1.linux64_1.0.100.202602081740/tools/bin/../lib/gcc/arm-none-eabi/14.3.1/../../../../arm-none-eabi/lib/thumb/v6-m/nofp/libnosys.a
END GROUP
START GROUP
LOAD /opt/stm32cubeide/plugins/com.st.stm32cube.ide.mcu.externaltools.gnu-tools-for-stm32.14.3.rel1.linux64_1.0.100.202602081740/tools/bin/../lib/gcc/arm-none-eabi/14.3.1/thumb/v6-m/nofp/libgcc.a
LOAD /opt/stm32cubeide/plugins/com.st.stm32cube.ide.mcu.externaltools.gnu-tools-for-stm32.14.3.rel1.linux64_1.0.100.202602081740/tools/bin/../lib/gcc/arm-none-eabi/14.3.1/../../../../arm-none-eabi/lib/thumb/v6-m/nofp/libc_nano.a
LOAD /opt/stm32cubeide/plugins/com.st.stm32cube.ide.mcu.externaltools.gnu-tools-for-stm32.14.3.rel1.linux64_1.0.100.202602081740/tools/bin/../lib/gcc/arm-none-eabi/14.3.1/../../../../arm-none-eabi/lib/thumb/v6-m/nofp/libnosys.a
END GROUP
LOAD /opt/stm32cubeide/plugins/com.st.stm32cube.ide.mcu.externaltools.gnu-tools-for-stm32.14.3.rel1.linux64_1.0.100.202602081740/tools/bin/../lib/gcc/arm-none-eabi/14.3.1/thumb/v6-m/nofp/crtend.o
LOAD /opt/stm32cubeide/plugins/com.st.stm32cube.ide.mcu.externaltools.gnu-tools-for-stm32.14.3.rel1.linux64_1.0.100.202602081740/tools/bin/../lib/gcc/arm-none-eabi/14.3.1/thumb/v6-m/nofp/crtn.o
                0x20008000                        _estack = (ORIGIN (RAM) + LENGTH (RAM))
                0x00000200                        _Min_Heap_Size = 0x200
                0x00000400                        _Min_Stack_Size = 0x400

.isr_vector     0x08000000       0xbc
                0x08000000                        . = ALIGN (0x4)
 *(.isr_vector)
 .isr_vector    0x08000000       0xbc ./Core/Startup/startup_stm32f091rctx.o
                0x08000000                g_pfnVectors
                0x080000bc                        . = ALIGN (0x4)

.text           0x080000bc     0x4fb4
                0x080000bc                        . = ALIGN (0x4)
 *(.text)
 .text          0x080000bc       0x48 /opt/stm32cubeide/plugins/com.st.stm32cube.ide.mcu.externaltools.gnu-tools-for-stm32.14.3.rel1.linux64_1.0.100.202602081740/tools/bin/../lib/gcc/arm-none-eabi/14.3.1/thumb/v6-m/nofp/crtbegin.o
 .text          0x08000104      0x114 /opt/stm32cubeide/plugins/com.st.stm32cube.ide.mcu.externaltools.gnu-tools-for-stm32.14.3.rel1.linux64_1.0.100.202602081740/tools/bin/../lib/gcc/arm-none-eabi/14.3.1/thumb/v6-m/nofp/libgcc.a(_udivsi3.o)
                0x08000104                __udivsi3
                0x08000104                __aeabi_uidiv
                0x08000210                __aeabi_uidivmod
 .text          0x08000218        0x4 /opt/stm32cubeide/plugins/com.st.stm32cube.ide.mcu.externaltools.gnu-tools-for-stm32.14.3.rel1.linux64_1.0.100.202602081740/tools/bin/../lib/gcc/arm-none-eabi/14.3.1/thumb/v6-m/nofp/libgcc.a(_dvmd_tls.o)
                0x08000218                __aeabi_ldiv0
                0x08000218                __aeabi_idiv0
 *(.text*)
 .text.commandsInit
                0x0800021c       0x1c ./Core/Src/commands.o
                0x0800021c                commandsInit
 .text.helpCMD  0x08000238       0x1c ./Core/Src/commands.o
                0x08000238                helpCMD
 .text.displayImageCMD
                0x08000254       0x90 ./Core/Src/commands.o
                0x08000254                displayImageCMD
 .text.refreshCMD
                0x080002e4       0x4c ./Core/Src/commands.o
                0x080002e4                refreshCMD
 .text.orCMD    0x08000330       0x3c ./Core/Src/commands.o
                0x08000330                orCMD
 .text.stringsEqual
                0x0800036c       0x40 ./Core/Src/commands.o
                0x0800036c                stringsEqual
 .text.getCommandBuffer
                0x080003ac       0x10 ./Core/Src/commands.o
                0x080003ac                getCommandBuffer
 .text.getCommandSize
                0x080003bc        0xc ./Core/Src/commands.o
                0x080003bc                getCommandSize
 .text.parseCommand
                0x080003c8       0xbc ./Core/Src/commands.o
                0x080003c8                parseCommand
 .text.HAL_UARTEx_RxEventCallback
                0x08000484       0x34 ./Core/Src/commands.o
                0x08000484                HAL_UARTEx_RxEventCallback
 .text.DISPLAY_RESET
                0x080004b8       0x34 ./Core/Src/display.o
                0x080004b8                DISPLAY_RESET
 .text.DISPLAY_SELECT
                0x080004ec       0x1a ./Core/Src/display.o
                0x080004ec                DISPLAY_SELECT
 .text.DISPLAY_DESELECT
                0x08000506       0x1a ./Core/Src/display.o
                0x08000506                DISPLAY_DESELECT
 .text.DISPLAY_CMD
                0x08000520       0x3c ./Core/Src/display.o
                0x08000520                DISPLAY_CMD
 .text.DISPLAY_DATA
                0x0800055c       0x40 ./Core/Src/display.o
                0x0800055c                DISPLAY_DATA
 .text.DISPLAY_UNLOCK_EXTENDED
                0x0800059c       0x4c ./Core/Src/display.o
                0x0800059c                DISPLAY_UNLOCK_EXTENDED
 .text.DISPLAY_LOCK_EXTENDED
                0x080005e8       0x4c ./Core/Src/display.o
                0x080005e8                DISPLAY_LOCK_EXTENDED
 .text.DISPLAY_INIT
                0x08000634       0xc8 ./Core/Src/display.o
                0x08000634                DISPLAY_INIT
 .text.DISPLAY_FILL
                0x080006fc       0xa8 ./Core/Src/display.o
                0x080006fc                DISPLAY_FILL
 .text.DISPLAY_REFRESH
                0x080007a4      0x124 ./Core/Src/display.o
                0x080007a4                DISPLAY_REFRESH
 .text.DISPLAY_WRITE
                0x080008c8      0x75c ./Core/Src/display.o
                0x080008c8                DISPLAY_WRITE
 .text.HAL_SPI_TxCpltCallback
                0x08001024      0x214 ./Core/Src/display.o
                0x08001024                HAL_SPI_TxCpltCallback
 .text.main     0x08001238       0x84 ./Core/Src/main.o
                0x08001238                main
 .text.SystemClock_Config
                0x080012bc       0xbe ./Core/Src/main.o
                0x080012bc                SystemClock_Config
 *fill*         0x0800137a        0x2 
 .text.MX_SPI1_Init
                0x0800137c       0x7c ./Core/Src/main.o
 .text.MX_USART2_UART_Init
                0x080013f8       0x60 ./Core/Src/main.o
 .text.MX_DMA_Init
                0x08001458       0x4c ./Core/Src/main.o
 .text.MX_GPIO_Init
                0x080014a4      0x160 ./Core/Src/main.o
 .text.Error_Handler
                0x08001604        0xc ./Core/Src/main.o
                0x08001604                Error_Handler
 .text.HAL_MspInit
                0x08001610       0x48 ./Core/Src/stm32f0xx_hal_msp.o
                0x08001610                HAL_MspInit
 .text.HAL_SPI_MspInit
                0x08001658      0x118 ./Core/Src/stm32f0xx_hal_msp.o
                0x08001658                HAL_SPI_MspInit
 .text.HAL_UART_MspInit
                0x08001770      0x120 ./Core/Src/stm32f0xx_hal_msp.o
                0x08001770                HAL_UART_MspInit
 .text.NMI_Handler
                0x08001890        0x8 ./Core/Src/stm32f0xx_it.o
                0x08001890                NMI_Handler
 .text.HardFault_Handler
                0x08001898        0x8 ./Core/Src/stm32f0xx_it.o
                0x08001898                HardFault_Handler
 .text.SVC_Handler
                0x080018a0        0xa ./Core/Src/stm32f0xx_it.o
                0x080018a0                SVC_Handler
 .text.PendSV_Handler
                0x080018aa        0xa ./Core/Src/stm32f0xx_it.o
                0x080018aa                PendSV_Handler
 .text.SysTick_Handler
                0x080018b4        0xe ./Core/Src/stm32f0xx_it.o
                0x080018b4                SysTick_Handler
 *fill*         0x080018c2        0x2 
 .text.DMA1_Ch1_IRQHandler
                0x080018c4       0x18 ./Core/Src/stm32f0xx_it.o
                0x080018c4                DMA1_Ch1_IRQHandler
 .text.DMA1_Ch2_3_DMA2_Ch1_2_IRQHandler
                0x080018dc       0x18 ./Core/Src/stm32f0xx_it.o
                0x080018dc                DMA1_Ch2_3_DMA2_Ch1_2_IRQHandler
 .text.USART2_IRQHandler
                0x080018f4       0x18 ./Core/Src/stm32f0xx_it.o
                0x080018f4                USART2_IRQHandler
 .text.SystemInit
                0x0800190c        0xa ./Core/Src/system_stm32f0xx.o
                0x0800190c                SystemInit
 *fill*         0x08001916        0x2 
 .text.Reset_Handler
                0x08001918       0x50 ./Core/Startup/startup_stm32f091rctx.o
                0x08001918                Reset_Handler
 .text.Default_Handler
                0x08001968        0x2 ./Core/Startup/startup_stm32f091rctx.o
                0x08001968                TIM1_CC_IRQHandler
                0x08001968                TSC_IRQHandler
                0x08001968                ADC1_COMP_IRQHandler
                0x08001968                I2C1_IRQHandler
                0x08001968                RCC_CRS_IRQHandler
                0x08001968                SPI1_IRQHandler
                0x08001968                TIM6_DAC_IRQHandler
                0x08001968                EXTI2_3_IRQHandler
                0x08001968                I2C2_IRQHandler
                0x08001968                TIM17_IRQHandler
                0x08001968                CEC_CAN_IRQHandler
                0x08001968                RTC_IRQHandler
                0x08001968                PVD_VDDIO2_IRQHandler
                0x08001968                TIM16_IRQHandler
                0x08001968                TIM3_IRQHandler
                0x08001968                EXTI4_15_IRQHandler
                0x08001968                USART3_8_IRQHandler
                0x08001968                Default_Handler
                0x08001968                TIM14_IRQHandler
                0x08001968                TIM7_IRQHandler
                0x08001968                TIM15_IRQHandler
                0x08001968                EXTI0_1_IRQHandler
                0x08001968                SPI2_IRQHandler
                0x08001968                DMA1_Ch4_7_DMA2_Ch3_5_IRQHandler
                0x08001968                WWDG_IRQHandler
                0x08001968                TIM2_IRQHandler
                0x08001968                FLASH_IRQHandler
                0x08001968                USART1_IRQHandler
                0x08001968                TIM1_BRK_UP_TRG_COM_IRQHandler
 *fill*         0x0800196a        0x2 
 .text.HAL_Init
                0x0800196c       0x28 ./Drivers/STM32F0xx_HAL_Driver/Src/stm32f0xx_hal.o
                0x0800196c                HAL_Init
 .text.HAL_InitTick
                0x08001994       0x68 ./Drivers/STM32F0xx_HAL_Driver/Src/stm32f0xx_hal.o
                0x08001994                HAL_InitTick
 .text.HAL_IncTick
                0x080019fc       0x24 ./Drivers/STM32F0xx_HAL_Driver/Src/stm32f0xx_hal.o
                0x080019fc                HAL_IncTick
 .text.HAL_GetTick
                0x08001a20       0x14 ./Drivers/STM32F0xx_HAL_Driver/Src/stm32f0xx_hal.o
                0x08001a20                HAL_GetTick
 .text.HAL_Delay
                0x08001a34       0x48 ./Drivers/STM32F0xx_HAL_Driver/Src/stm32f0xx_hal.o
                0x08001a34                HAL_Delay
 .text.__NVIC_EnableIRQ
                0x08001a7c       0x34 ./Drivers/STM32F0xx_HAL_Driver/Src/stm32f0xx_hal_cortex.o
 .text.__NVIC_SetPriority
                0x08001ab0       0xdc ./Drivers/STM32F0xx_HAL_Driver/Src/stm32f0xx_hal_cortex.o
 .text.SysTick_Config
                0x08001b8c       0x48 ./Drivers/STM32F0xx_HAL_Driver/Src/stm32f0xx_hal_cortex.o
 .text.HAL_NVIC_SetPriority
                0x08001bd4       0x2a ./Drivers/STM32F0xx_HAL_Driver/Src/stm32f0xx_hal_cortex.o
                0x08001bd4                HAL_NVIC_SetPriority
 .text.HAL_NVIC_EnableIRQ
                0x08001bfe       0x20 ./Drivers/STM32F0xx_HAL_Driver/Src/stm32f0xx_hal_cortex.o
                0x08001bfe                HAL_NVIC_EnableIRQ
 .text.HAL_SYSTICK_Config
                0x08001c1e       0x1a ./Drivers/STM32F0xx_HAL_Driver/Src/stm32f0xx_hal_cortex.o
                0x08001c1e                HAL_SYSTICK_Config
 .text.HAL_DMA_Init
                0x08001c38       0x90 ./Drivers/STM32F0xx_HAL_Driver/Src/stm32f0xx_hal_dma.o
                0x08001c38                HAL_DMA_Init
 .text.HAL_DMA_Start_IT
                0x08001cc8       0xcc ./Drivers/STM32F0xx_HAL_Driver/Src/stm32f0xx_hal_dma.o
                0x08001cc8                HAL_DMA_Start_IT
 .text.HAL_DMA_Abort
                0x08001d94       0x70 ./Drivers/STM32F0xx_HAL_Driver/Src/stm32f0xx_hal_dma.o
                0x08001d94                HAL_DMA_Abort
 .text.HAL_DMA_Abort_IT
                0x08001e04       0x8a ./Drivers/STM32F0xx_HAL_Driver/Src/stm32f0xx_hal_dma.o
                0x08001e04                HAL_DMA_Abort_IT
 .text.HAL_DMA_IRQHandler
                0x08001e8e      0x144 ./Drivers/STM32F0xx_HAL_Driver/Src/stm32f0xx_hal_dma.o
                0x08001e8e                HAL_DMA_IRQHandler
 .text.DMA_SetConfig
                0x08001fd2       0x58 ./Drivers/STM32F0xx_HAL_Driver/Src/stm32f0xx_hal_dma.o
 *fill*         0x0800202a        0x2 
 .text.DMA_CalcBaseAndBitshift
                0x0800202c       0x74 ./Drivers/STM32F0xx_HAL_Driver/Src/stm32f0xx_hal_dma.o
 .text.HAL_GPIO_Init
                0x080020a0      0x2f0 ./Drivers/STM32F0xx_HAL_Driver/Src/stm32f0xx_hal_gpio.o
                0x080020a0                HAL_GPIO_Init
 .text.HAL_GPIO_WritePin
                0x08002390       0x3a ./Drivers/STM32F0xx_HAL_Driver/Src/stm32f0xx_hal_gpio.o
                0x08002390                HAL_GPIO_WritePin
 *fill*         0x080023ca        0x2 
 .text.HAL_RCC_OscConfig
                0x080023cc      0x70c ./Drivers/STM32F0xx_HAL_Driver/Src/stm32f0xx_hal_rcc.o
                0x080023cc                HAL_RCC_OscConfig
 .text.HAL_RCC_ClockConfig
                0x08002ad8      0x1b4 ./Drivers/STM32F0xx_HAL_Driver/Src/stm32f0xx_hal_rcc.o
                0x08002ad8                HAL_RCC_ClockConfig
 .text.HAL_RCC_GetSysClockFreq
                0x08002c8c       0xe4 ./Drivers/STM32F0xx_HAL_Driver/Src/stm32f0xx_hal_rcc.o
                0x08002c8c                HAL_RCC_GetSysClockFreq
 .text.HAL_RCC_GetHCLKFreq
                0x08002d70       0x14 ./Drivers/STM32F0xx_HAL_Driver/Src/stm32f0xx_hal_rcc.o
                0x08002d70                HAL_RCC_GetHCLKFreq
 .text.HAL_RCC_GetPCLK1Freq
                0x08002d84       0x2c ./Drivers/STM32F0xx_HAL_Driver/Src/stm32f0xx_hal_rcc.o
                0x08002d84                HAL_RCC_GetPCLK1Freq
 .text.HAL_RCCEx_PeriphCLKConfig
                0x08002db0      0x200 ./Drivers/STM32F0xx_HAL_Driver/Src/stm32f0xx_hal_rcc_ex.o
                0x08002db0                HAL_RCCEx_PeriphCLKConfig
 .text.HAL_SPI_Init
                0x08002fb0      0x170 ./Drivers/STM32F0xx_HAL_Driver/Src/stm32f0xx_hal_spi.o
                0x08002fb0                HAL_SPI_Init
 .text.HAL_SPI_Transmit
                0x08003120      0x2be ./Drivers/STM32F0xx_HAL_Driver/Src/stm32f0xx_hal_spi.o
                0x08003120                HAL_SPI_Transmit
 *fill*         0x080033de        0x2 
 .text.HAL_SPI_Transmit_DMA
                0x080033e0      0x204 ./Drivers/STM32F0xx_HAL_Driver/Src/stm32f0xx_hal_spi.o
                0x080033e0                HAL_SPI_Transmit_DMA
 .text.HAL_SPI_TxHalfCpltCallback
                0x080035e4       0x10 ./Drivers/STM32F0xx_HAL_Driver/Src/stm32f0xx_hal_spi.o
                0x080035e4                HAL_SPI_TxHalfCpltCallback
 .text.HAL_SPI_ErrorCallback
                0x080035f4       0x10 ./Drivers/STM32F0xx_HAL_Driver/Src/stm32f0xx_hal_spi.o
                0x080035f4                HAL_SPI_ErrorCallback
 .text.SPI_DMATransmitCplt
                0x08003604       0xac ./Drivers/STM32F0xx_HAL_Driver/Src/stm32f0xx_hal_spi.o
 .text.SPI_DMAHalfTransmitCplt
                0x080036b0       0x1e ./Drivers/STM32F0xx_HAL_Driver/Src/stm32f0xx_hal_spi.o
 .text.SPI_DMAError
                0x080036ce       0x42 ./Drivers/STM32F0xx_HAL_Driver/Src/stm32f0xx_hal_spi.o
 .text.SPI_WaitFlagStateUntilTimeout
                0x08003710      0x11c ./Drivers/STM32F0xx_HAL_Driver/Src/stm32f0xx_hal_spi.o
 .text.SPI_WaitFifoStateUntilTimeout
                0x0800382c      0x144 ./Drivers/STM32F0xx_HAL_Driver/Src/stm32f0xx_hal_spi.o
 .text.SPI_EndRxTxTransaction
                0x08003970       0x8c ./Drivers/STM32F0xx_HAL_Driver/Src/stm32f0xx_hal_spi.o
 .text.HAL_UART_Init
                0x080039fc       0xa8 ./Drivers/STM32F0xx_HAL_Driver/Src/stm32f0xx_hal_uart.o
                0x080039fc                HAL_UART_Init
 .text.HAL_UART_Transmit_IT
                0x08003aa4       0xe0 ./Drivers/STM32F0xx_HAL_Driver/Src/stm32f0xx_hal_uart.o
                0x08003aa4                HAL_UART_Transmit_IT
 .text.HAL_UART_IRQHandler
                0x08003b84      0x5c0 ./Drivers/STM32F0xx_HAL_Driver/Src/stm32f0xx_hal_uart.o
                0x08003b84                HAL_UART_IRQHandler
 .text.HAL_UART_TxCpltCallback
                0x08004144       0x10 ./Drivers/STM32F0xx_HAL_Driver/Src/stm32f0xx_hal_uart.o
                0x08004144                HAL_UART_TxCpltCallback
 .text.HAL_UART_RxCpltCallback
                0x08004154       0x10 ./Drivers/STM32F0xx_HAL_Driver/Src/stm32f0xx_hal_uart.o
                0x08004154                HAL_UART_RxCpltCallback
 .text.HAL_UART_RxHalfCpltCallback
                0x08004164       0x10 ./Drivers/STM32F0xx_HAL_Driver/Src/stm32f0xx_hal_uart.o
                0x08004164                HAL_UART_RxHalfCpltCallback
 .text.HAL_UART_ErrorCallback
                0x08004174       0x10 ./Drivers/STM32F0xx_HAL_Driver/Src/stm32f0xx_hal_uart.o
                0x08004174                HAL_UART_ErrorCallback
 .text.UART_SetConfig
                0x08004184      0x3d0 ./Drivers/STM32F0xx_HAL_Driver/Src/stm32f0xx_hal_uart.o
                0x08004184                UART_SetConfig
 .text.UART_AdvFeatureConfig
                0x08004554      0x168 ./Drivers/STM32F0xx_HAL_Driver/Src/stm32f0xx_hal_uart.o
                0x08004554                UART_AdvFeatureConfig
 .text.UART_CheckIdleState
                0x080046bc      0x150 ./Drivers/STM32F0xx_HAL_Driver/Src/stm32f0xx_hal_uart.o
                0x080046bc                UART_CheckIdleState
 .text.UART_WaitOnFlagUntilTimeout
                0x0800480c       0xde ./Drivers/STM32F0xx_HAL_Driver/Src/stm32f0xx_hal_uart.o
                0x0800480c                UART_WaitOnFlagUntilTimeout
 *fill*         0x080048ea        0x2 
 .text.UART_Start_Receive_DMA
                0x080048ec      0x140 ./Drivers/STM32F0xx_HAL_Driver/Src/stm32f0xx_hal_uart.o
                0x080048ec                UART_Start_Receive_DMA
 .text.UART_EndTxTransfer
                0x08004a2c       0x48 ./Drivers/STM32F0xx_HAL_Driver/Src/stm32f0xx_hal_uart.o
 .text.UART_EndRxTransfer
                0x08004a74       0xc8 ./Drivers/STM32F0xx_HAL_Driver/Src/stm32f0xx_hal_uart.o
 .text.UART_DMAReceiveCplt
                0x08004b3c      0x12c ./Drivers/STM32F0xx_HAL_Driver/Src/stm32f0xx_hal_uart.o
 .text.UART_DMARxHalfCplt
                0x08004c68       0x42 ./Drivers/STM32F0xx_HAL_Driver/Src/stm32f0xx_hal_uart.o
 .text.UART_DMAError
                0x08004caa       0x84 ./Drivers/STM32F0xx_HAL_Driver/Src/stm32f0xx_hal_uart.o
 .text.UART_DMAAbortOnError
                0x08004d2e       0x2e ./Drivers/STM32F0xx_HAL_Driver/Src/stm32f0xx_hal_uart.o
 .text.UART_TxISR_8BIT
                0x08004d5c       0xb2 ./Drivers/STM32F0xx_HAL_Driver/Src/stm32f0xx_hal_uart.o
 .text.UART_TxISR_16BIT
                0x08004e0e       0xbc ./Drivers/STM32F0xx_HAL_Driver/Src/stm32f0xx_hal_uart.o
 .text.UART_EndTransmit_IT
                0x08004eca       0x56 ./Drivers/STM32F0xx_HAL_Driver/Src/stm32f0xx_hal_uart.o
 .text.HAL_UARTEx_WakeupCallback
                0x08004f20       0x10 ./Drivers/STM32F0xx_HAL_Driver/Src/stm32f0xx_hal_uart_ex.o
                0x08004f20                HAL_UARTEx_WakeupCallback
 .text.HAL_UARTEx_ReceiveToIdle_DMA
                0x08004f30       0xd0 ./Drivers/STM32F0xx_HAL_Driver/Src/stm32f0xx_hal_uart_ex.o
                0x08004f30                HAL_UARTEx_ReceiveToIdle_DMA
 .text.memset   0x08005000       0x10 /opt/stm32cubeide/plugins/com.st.stm32cube.ide.mcu.externaltools.gnu-tools-for-stm32.14.3.rel1.linux64_1.0.100.202602081740/tools/bin/../lib/gcc/arm-none-eabi/14.3.1/../../../../arm-none-eabi/lib/thumb/v6-m/nofp/libc_nano.a(libc_a-memset.o)
                0x08005000                memset
 .text.__libc_init_array
                0x08005010       0x48 /opt/stm32cubeide/plugins/com.st.stm32cube.ide.mcu.externaltools.gnu-tools-for-stm32.14.3.rel1.linux64_1.0.100.202602081740/tools/bin/../lib/gcc/arm-none-eabi/14.3.1/../../../../arm-none-eabi/lib/thumb/v6-m/nofp/libc_nano.a(libc_a-init.o)
                0x08005010                __libc_init_array
 *(.glue_7)
 .glue_7        0x08005058        0x0 linker stubs
 *(.glue_7t)
 .glue_7t       0x08005058        0x0 linker stubs
 *(.eh_frame)
 .eh_frame      0x08005058        0x0 /opt/stm32cubeide/plugins/com.st.stm32cube.ide.mcu.externaltools.gnu-tools-for-stm32.14.3.rel1.linux64_1.0.100.202602081740/tools/bin/../lib/gcc/arm-none-eabi/14.3.1/thumb/v6-m/nofp/crtbegin.o
 *(.init)
 .init          0x08005058        0x4 /opt/stm32cubeide/plugins/com.st.stm32cube.ide.mcu.externaltools.gnu-tools-for-stm32.14.3.rel1.linux64_1.0.100.202602081740/tools/bin/../lib/gcc/arm-none-eabi/14.3.1/thumb/v6-m/nofp/crti.o
                0x08005058                _init
 .init          0x0800505c        0x8 /opt/stm32cubeide/plugins/com.st.stm32cube.ide.mcu.externaltools.gnu-tools-for-stm32.14.3.rel1.linux64_1.0.100.202602081740/tools/bin/../lib/gcc/arm-none-eabi/14.3.1/thumb/v6-m/nofp/crtn.o
 *(.fini)
 .fini          0x08005064        0x4 /opt/stm32cubeide/plugins/com.st.stm32cube.ide.mcu.externaltools.gnu-tools-for-stm32.14.3.rel1.linux64_1.0.100.202602081740/tools/bin/../lib/gcc/arm-none-eabi/14.3.1/thumb/v6-m/nofp/crti.o
                0x08005064                _fini
 .fini          0x08005068        0x8 /opt/stm32cubeide/plugins/com.st.stm32cube.ide.mcu.externaltools.gnu-tools-for-stm32.14.3.rel1.linux64_1.0.100.202602081740/tools/bin/../lib/gcc/arm-none-eabi/14.3.1/thumb/v6-m/nofp/crtn.o
                0x08005070                        . = ALIGN (0x4)
                0x08005070                        _etext = .

.vfp11_veneer   0x08005070        0x0
 .vfp11_veneer  0x08005070        0x0 linker stubs

.v4_bx          0x08005070        0x0
 .v4_bx         0x08005070        0x0 linker stubs

.iplt           0x08005070        0x0
 .iplt          0x08005070        0x0 /opt/stm32cubeide/plugins/com.st.stm32cube.ide.mcu.externaltools.gnu-tools-for-stm32.14.3.rel1.linux64_1.0.100.202602081740/tools/bin/../lib/gcc/arm-none-eabi/14.3.1/thumb/v6-m/nofp/crtbegin.o

.rodata         0x08005070    0x175bc
                0x08005070                        . = ALIGN (0x4)
 *(.rodata)
 .rodata        0x08005070       0x54 ./Core/Src/commands.o
 *(.rodata*)
 .rodata.File_002_ObjNum_001_NEW_6_17_26_DATA
                0x080050c4      0xf4f ./Core/Src/commands.o
 *fill*         0x08006013        0x1 
 .rodata.File_002_ObjNum_001_NEW_6_17_26
                0x08006014        0xc ./Core/Src/commands.o
 .rodata.File_005_ObjNum_004_480x320_6_18_26_DATA
                0x08006020      0x4b5 ./Core/Src/commands.o
 *fill*         0x080064d5        0x3 
 .rodata.File_005_ObjNum_004_480x320_6_18_26
                0x080064d8        0xc ./Core/Src/commands.o
 .rodata.File_006_ObjNum_005_480x320_6_18_26_C_DATA
                0x080064e4      0xbb3 ./Core/Src/commands.o
 *fill*         0x08007097        0x1 
 .rodata.File_006_ObjNum_005_480x320_6_18_26_C
                0x08007098        0xc ./Core/Src/commands.o
 .rodata.File_007_ObjNum_006_480x320_6_18_26_DATA
                0x080070a4      0x4b5 ./Core/Src/commands.o
 *fill*         0x08007559        0x3 
 .rodata.File_007_ObjNum_006_480x320_6_18_26
                0x0800755c        0xc ./Core/Src/commands.o
 .rodata.File_008_ObjNum_007_96x190_6_18_26_DATA
                0x08007568      0x2ad ./Core/Src/commands.o
 *fill*         0x08007815        0x3 
 .rodata.File_008_ObjNum_007_96x190_6_18_26
                0x08007818        0xc ./Core/Src/commands.o
 .rodata.File_009_ObjNum_008_96x190_6_18_26_DATA
                0x08007824      0x2bd ./Core/Src/commands.o
 *fill*         0x08007ae1        0x3 
 .rodata.File_009_ObjNum_008_96x190_6_18_26
                0x08007ae4        0xc ./Core/Src/commands.o
 .rodata.File_010_ObjNum_009_96x190_6_18_26_DATA
                0x08007af0      0x2c5 ./Core/Src/commands.o
 *fill*         0x08007db5        0x3 
 .rodata.File_010_ObjNum_009_96x190_6_18_26
                0x08007db8        0xc ./Core/Src/commands.o
 .rodata.File_011_ObjNum_010_96x190_6_18_26_DATA
                0x08007dc4      0x2dd ./Core/Src/commands.o
 *fill*         0x080080a1        0x3 
 .rodata.File_011_ObjNum_010_96x190_6_18_26
                0x080080a4        0xc ./Core/Src/commands.o
 .rodata.File_012_ObjNum_011_96x190_6_18_26_DATA
                0x080080b0      0x2ed ./Core/Src/commands.o
 *fill*         0x0800839d        0x3 
 .rodata.File_012_ObjNum_011_96x190_6_18_26
                0x080083a0        0xc ./Core/Src/commands.o
 .rodata.File_013_ObjNum_012_96x190_6_18_26_DATA
                0x080083ac      0x2fd ./Core/Src/commands.o
 *fill*         0x080086a9        0x3 
 .rodata.File_013_ObjNum_012_96x190_6_18_26
                0x080086ac        0xc ./Core/Src/commands.o
 .rodata.File_014_ObjNum_013_96x190_6_18_26_DATA
                0x080086b8      0x30d ./Core/Src/commands.o
 *fill*         0x080089c5        0x3 
 .rodata.File_014_ObjNum_013_96x190_6_18_26
                0x080089c8        0xc ./Core/Src/commands.o
 .rodata.File_015_ObjNum_014_96x190_6_18_26_DATA
                0x080089d4      0x31d ./Core/Src/commands.o
 *fill*         0x08008cf1        0x3 
 .rodata.File_015_ObjNum_014_96x190_6_18_26
                0x08008cf4        0xc ./Core/Src/commands.o
 .rodata.File_016_ObjNum_015_96x190_6_18_26_DATA
                0x08008d00      0x32d ./Core/Src/commands.o
 *fill*         0x0800902d        0x3 
 .rodata.File_016_ObjNum_015_96x190_6_18_26
                0x08009030        0xc ./Core/Src/commands.o
 .rodata.File_017_ObjNum_016_96x190_6_18_26_DATA
                0x0800903c      0x33d ./Core/Src/commands.o
 *fill*         0x08009379        0x3 
 .rodata.File_017_ObjNum_016_96x190_6_18_26
                0x0800937c        0xc ./Core/Src/commands.o
 .rodata.File_018_ObjNum_017_96x190_6_16_26_DATA
                0x08009388      0x34d ./Core/Src/commands.o
 *fill*         0x080096d5        0x3 
 .rodata.File_018_ObjNum_017_96x190_6_16_26
                0x080096d8        0xc ./Core/Src/commands.o
 .rodata.File_019_ObjNum_018_48x208_6_19_26_DATA
                0x080096e4      0x291 ./Core/Src/commands.o
 *fill*         0x08009975        0x3 
 .rodata.File_019_ObjNum_018_48x208_6_19_26
                0x08009978        0xc ./Core/Src/commands.o
 .rodata.File_020_ObjNum_019_48x208_6_19_26_DATA
                0x08009984      0x287 ./Core/Src/commands.o
 *fill*         0x08009c0b        0x1 
 .rodata.File_020_ObjNum_019_48x208_6_19_26
                0x08009c0c        0xc ./Core/Src/commands.o
 .rodata.File_021_ObjNum_020_48x208_6_19_26_DATA
                0x08009c18      0x263 ./Core/Src/commands.o
 *fill*         0x08009e7b        0x1 
 .rodata.File_021_ObjNum_020_48x208_6_19_26
                0x08009e7c        0xc ./Core/Src/commands.o
 .rodata.File_022_ObjNum_021_48x208_6_19_26_DATA
                0x08009e88      0x245 ./Core/Src/commands.o
 *fill*         0x0800a0cd        0x3 
 .rodata.File_022_ObjNum_021_48x208_6_19_26
                0x0800a0d0        0xc ./Core/Src/commands.o
 .rodata.File_023_ObjNum_022_48x208_6_19_26_DATA
                0x0800a0dc      0x223 ./Core/Src/commands.o
 *fill*         0x0800a2ff        0x1 
 .rodata.File_023_ObjNum_022_48x208_6_19_26
                0x0800a300        0xc ./Core/Src/commands.o
 .rodata.File_024_ObjNum_023_48x208_6_19_26_DATA
                0x0800a30c      0x205 ./Core/Src/commands.o
 *fill*         0x0800a511        0x3 
 .rodata.File_024_ObjNum_023_48x208_6_19_26
                0x0800a514        0xc ./Core/Src/commands.o
 .rodata.File_025_ObjNum_024_48x208_6_19_26_DATA
                0x0800a520      0x1e7 ./Core/Src/commands.o
 *fill*         0x0800a707        0x1 
 .rodata.File_025_ObjNum_024_48x208_6_19_26
                0x0800a708        0xc ./Core/Src/commands.o
 .rodata.File_026_ObjNum_025_48x208_6_19_26_DATA
                0x0800a714      0x1c3 ./Core/Src/commands.o
 *fill*         0x0800a8d7        0x1 
 .rodata.File_026_ObjNum_025_48x208_6_19_26
                0x0800a8d8        0xc ./Core/Src/commands.o
 .rodata.File_027_ObjNum_026_48x208_6_19_26_DATA
                0x0800a8e4      0x1a5 ./Core/Src/commands.o
 *fill*         0x0800aa89        0x3 
 .rodata.File_027_ObjNum_026_48x208_6_19_26
                0x0800aa8c        0xc ./Core/Src/commands.o
 .rodata.File_028_ObjNum_027_48x208_6_19_26_DATA
                0x0800aa98      0x187 ./Core/Src/commands.o
 *fill*         0x0800ac1f        0x1 
 .rodata.File_028_ObjNum_027_48x208_6_19_26
                0x0800ac20        0xc ./Core/Src/commands.o
 .rodata.File_029_ObjNum_028_48x208_6_19_26_DATA
                0x0800ac2c      0x169 ./Core/Src/commands.o
 *fill*         0x0800ad95        0x3 
 .rodata.File_029_ObjNum_028_48x208_6_19_26
                0x0800ad98        0xc ./Core/Src/commands.o
 .rodata.File_030_ObjNum_029_64x25_6_19_26_DATA
                0x0800ada4       0x8b ./Core/Src/commands.o
 *fill*         0x0800ae2f        0x1 
 .rodata.File_030_ObjNum_029_64x25_6_19_26
                0x0800ae30        0xc ./Core/Src/commands.o
 .rodata.File_031_ObjNum_030_64x25_6_19_26_DATA
                0x0800ae3c      0x105 ./Core/Src/commands.o
 *fill*         0x0800af41        0x3 
 .rodata.File_031_ObjNum_030_64x25_6_19_26
                0x0800af44        0xc ./Core/Src/commands.o
 .rodata.File_032_ObjNum_031_96x190_6_19_26_DATA
                0x0800af50      0x165 ./Core/Src/commands.o
 *fill*         0x0800b0b5        0x3 
 .rodata.File_032_ObjNum_031_96x190_6_19_26
                0x0800b0b8        0xc ./Core/Src/commands.o
 .rodata.File_033_ObjNum_032_96x190_6_19_26_DATA
                0x0800b0c4      0x15b ./Core/Src/commands.o
 *fill*         0x0800b21f        0x1 
 .rodata.File_033_ObjNum_032_96x190_6_19_26
                0x0800b220        0xc ./Core/Src/commands.o
 .rodata.File_034_ObjNum_033_96x190_6_19_26_DATA
                0x0800b22c      0x151 ./Core/Src/commands.o
 *fill*         0x0800b37d        0x3 
 .rodata.File_034_ObjNum_033_96x190_6_19_26
                0x0800b380        0xc ./Core/Src/commands.o
 .rodata.File_035_ObjNum_034_96x190_6_19_26_DATA
                0x0800b38c      0x147 ./Core/Src/commands.o
 *fill*         0x0800b4d3        0x1 
 .rodata.File_035_ObjNum_034_96x190_6_19_26
                0x0800b4d4        0xc ./Core/Src/commands.o
 .rodata.File_036_ObjNum_035_96x190_6_19_26_DATA
                0x0800b4e0      0x13d ./Core/Src/commands.o
 *fill*         0x0800b61d        0x3 
 .rodata.File_036_ObjNum_035_96x190_6_19_26
                0x0800b620        0xc ./Core/Src/commands.o
 .rodata.File_037_ObjNum_036_96x190_6_19_26_DATA
                0x0800b62c      0x133 ./Core/Src/commands.o
 *fill*         0x0800b75f        0x1 
 .rodata.File_037_ObjNum_036_96x190_6_19_26
                0x0800b760        0xc ./Core/Src/commands.o
 .rodata.File_038_ObjNum_037_96x190_6_19_26_DATA
                0x0800b76c      0x129 ./Core/Src/commands.o
 *fill*         0x0800b895        0x3 
 .rodata.File_038_ObjNum_037_96x190_6_19_26
                0x0800b898        0xc ./Core/Src/commands.o
 .rodata.File_039_ObjNum_038_96x190_6_19_26_DATA
                0x0800b8a4      0x11f ./Core/Src/commands.o
 *fill*         0x0800b9c3        0x1 
 .rodata.File_039_ObjNum_038_96x190_6_19_26
                0x0800b9c4        0xc ./Core/Src/commands.o
 .rodata.File_040_ObjNum_039_96x190_6_19_26_DATA
                0x0800b9d0      0x115 ./Core/Src/commands.o
 *fill*         0x0800bae5        0x3 
 .rodata.File_040_ObjNum_039_96x190_6_19_26
                0x0800bae8        0xc ./Core/Src/commands.o
 .rodata.File_041_ObjNum_040_96x190_6_19_26_DATA
                0x0800baf4      0x10b ./Core/Src/commands.o
 *fill*         0x0800bbff        0x1 
 .rodata.File_041_ObjNum_040_96x190_6_19_26
                0x0800bc00        0xc ./Core/Src/commands.o
 .rodata.File_042_ObjNum_041_96x190_6_19_26_DATA
                0x0800bc0c      0x101 ./Core/Src/commands.o
 *fill*         0x0800bd0d        0x3 
 .rodata.File_042_ObjNum_041_96x190_6_19_26
                0x0800bd10        0xc ./Core/Src/commands.o
 .rodata.File_043_ObjNum_042_144x208_6_19_26_DATA
                0x0800bd1c      0x27d ./Core/Src/commands.o
 *fill*         0x0800bf99        0x3 
 .rodata.File_043_ObjNum_042_144x208_6_19_26
                0x0800bf9c        0xc ./Core/Src/commands.o
 .rodata.File_044_ObjNum_043_144x208_6_19_26_DATA
                0x0800bfa8      0x2a5 ./Core/Src/commands.o
 *fill*         0x0800c24d        0x3 
 .rodata.File_044_ObjNum_043_144x208_6_19_26
                0x0800c250        0xc ./Core/Src/commands.o
 .rodata.File_045_ObjNum_044_144x208_6_19_26_DATA
                0x0800c25c      0x293 ./Core/Src/commands.o
 *fill*         0x0800c4ef        0x1 
 .rodata.File_045_ObjNum_044_144x208_6_19_26
                0x0800c4f0        0xc ./Core/Src/commands.o
 .rodata.File_046_ObjNum_045_144x208_6_19_26_DATA
                0x0800c4fc      0x2a3 ./Core/Src/commands.o
 *fill*         0x0800c79f        0x1 
 .rodata.File_046_ObjNum_045_144x208_6_19_26
                0x0800c7a0        0xc ./Core/Src/commands.o
 .rodata.File_047_ObjNum_046_144x208_6_19_26_DATA
                0x0800c7ac      0x27b ./Core/Src/commands.o
 *fill*         0x0800ca27        0x1 
 .rodata.File_047_ObjNum_046_144x208_6_19_26
                0x0800ca28        0xc ./Core/Src/commands.o
 .rodata.File_048_ObjNum_052_144x183_6_19_26_DATA
                0x0800ca34      0x363 ./Core/Src/commands.o
 *fill*         0x0800cd97        0x1 
 .rodata.File_048_ObjNum_052_144x183_6_19_26
                0x0800cd98        0xc ./Core/Src/commands.o
 .rodata.File_049_ObjNum_053_144x183_6_19_26_DATA
                0x0800cda4      0x301 ./Core/Src/commands.o
 *fill*         0x0800d0a5        0x3 
 .rodata.File_049_ObjNum_053_144x183_6_19_26
                0x0800d0a8        0xc ./Core/Src/commands.o
 .rodata.File_050_ObjNum_054_144x183_6_19_26_DATA
                0x0800d0b4      0x40f ./Core/Src/commands.o
 *fill*         0x0800d4c3        0x1 
 .rodata.File_050_ObjNum_054_144x183_6_19_26
                0x0800d4c4        0xc ./Core/Src/commands.o
 .rodata.File_051_ObjNum_055_144x183_6_19_26_DATA
                0x0800d4d0      0x255 ./Core/Src/commands.o
 *fill*         0x0800d725        0x3 
 .rodata.File_051_ObjNum_055_144x183_6_19_26
                0x0800d728        0xc ./Core/Src/commands.o
 .rodata.File_052_ObjNum_057_144x30_6_19_26_DATA
                0x0800d734       0x51 ./Core/Src/commands.o
 *fill*         0x0800d785        0x3 
 .rodata.File_052_ObjNum_057_144x30_6_19_26
                0x0800d788        0xc ./Core/Src/commands.o
 .rodata.File_053_ObjNum_077_48x30_6_19_26_DATA
                0x0800d794       0x39 ./Core/Src/commands.o
 *fill*         0x0800d7cd        0x3 
 .rodata.File_053_ObjNum_077_48x30_6_19_26
                0x0800d7d0        0xc ./Core/Src/commands.o
 .rodata.File_054_ObjNum_087_48x255_6_19_26_DATA
                0x0800d7dc       0x5f ./Core/Src/commands.o
 *fill*         0x0800d83b        0x1 
 .rodata.File_054_ObjNum_087_48x255_6_19_26
                0x0800d83c        0xc ./Core/Src/commands.o
 .rodata.File_055_ObjNum_090_480x320_6_18_26_DATA
                0x0800d848      0xaf7 ./Core/Src/commands.o
 *fill*         0x0800e33f        0x1 
 .rodata.File_055_ObjNum_090_480x320_6_18_26
                0x0800e340        0xc ./Core/Src/commands.o
 .rodata.File_056_ObjNum_091_480x320_6_18_26_DATA
                0x0800e34c      0xb65 ./Core/Src/commands.o
 *fill*         0x0800eeb1        0x3 
 .rodata.File_056_ObjNum_091_480x320_6_18_26
                0x0800eeb4        0xc ./Core/Src/commands.o
 .rodata.File_057_ObjNum_092_480x320_6_18_26_DATA
                0x0800eec0      0xb1b ./Core/Src/commands.o
 *fill*         0x0800f9db        0x1 
 .rodata.File_057_ObjNum_092_480x320_6_18_26
                0x0800f9dc        0xc ./Core/Src/commands.o
 .rodata.File_058_ObjNum_093_480x320_6_18_26_DATA
                0x0800f9e8      0xa79 ./Core/Src/commands.o
 *fill*         0x08010461        0x3 
 .rodata.File_058_ObjNum_093_480x320_6_18_26
                0x08010464        0xc ./Core/Src/commands.o
 .rodata.File_059_ObjNum_094_480x320_6_18_26_DATA
                0x08010470      0xab9 ./Core/Src/commands.o
 *fill*         0x08010f29        0x3 
 .rodata.File_059_ObjNum_094_480x320_6_18_26
                0x08010f2c        0xc ./Core/Src/commands.o
 .rodata.File_062_ObjNum_097_480x40_6_19_26_DATA
                0x08010f38       0x97 ./Core/Src/commands.o
 *fill*         0x08010fcf        0x1 
 .rodata.File_062_ObjNum_097_480x40_6_19_26
                0x08010fd0        0xc ./Core/Src/commands.o
 .rodata.File_063_ObjNum_098_176x33_6_19_26_DATA
                0x08010fdc       0x37 ./Core/Src/commands.o
 *fill*         0x08011013        0x1 
 .rodata.File_063_ObjNum_098_176x33_6_19_26
                0x08011014        0xc ./Core/Src/commands.o
 .rodata.File_064_ObjNum_099_48x63_6_19_26_DATA
                0x08011020       0x18 ./Core/Src/commands.o
 .rodata.File_064_ObjNum_099_48x63_6_19_26
                0x08011038        0xc ./Core/Src/commands.o
 .rodata.File_065_ObjNum_104_16x30_6_19_26_DATA
                0x08011044       0x2a ./Core/Src/commands.o
 *fill*         0x0801106e        0x2 
 .rodata.File_065_ObjNum_104_16x30_6_19_26
                0x08011070        0xc ./Core/Src/commands.o
 .rodata.File_066_ObjNum_109_96x80_6_19_26_DATA
                0x0801107c      0x11d ./Core/Src/commands.o
 *fill*         0x08011199        0x3 
 .rodata.File_066_ObjNum_109_96x80_6_19_26
                0x0801119c        0xc ./Core/Src/commands.o
 .rodata.File_067_ObjNum_114_64x103_6_19_26_DATA
                0x080111a8      0x1e1 ./Core/Src/commands.o
 *fill*         0x08011389        0x3 
 .rodata.File_067_ObjNum_114_64x103_6_19_26
                0x0801138c        0xc ./Core/Src/commands.o
 .rodata.File_068_ObjNum_119_64x103_6_19_26_DATA
                0x08011398       0xdf ./Core/Src/commands.o
 *fill*         0x08011477        0x1 
 .rodata.File_068_ObjNum_119_64x103_6_19_26
                0x08011478        0xc ./Core/Src/commands.o
 .rodata.File_069_ObjNum_124_64x103_6_19_26_DATA
                0x08011484      0x1e1 ./Core/Src/commands.o
 *fill*         0x08011665        0x3 
 .rodata.File_069_ObjNum_124_64x103_6_19_26
                0x08011668        0xc ./Core/Src/commands.o
 .rodata.File_070_ObjNum_129_96x80_6_19_26_DATA
                0x08011674      0x11d ./Core/Src/commands.o
 *fill*         0x08011791        0x3 
 .rodata.File_070_ObjNum_129_96x80_6_19_26
                0x08011794        0xc ./Core/Src/commands.o
 .rodata.File_071_ObjNum_134_176x188_6_19_26_DATA
                0x080117a0      0x103 ./Core/Src/commands.o
 *fill*         0x080118a3        0x1 
 .rodata.File_071_ObjNum_134_176x188_6_19_26
                0x080118a4        0xc ./Core/Src/commands.o
 .rodata.File_072_ObjNum_135_480x320_6_18_26_DATA
                0x080118b0     0x3201 ./Core/Src/commands.o
 *fill*         0x08014ab1        0x3 
 .rodata.File_072_ObjNum_135_480x320_6_18_26
                0x08014ab4        0xc ./Core/Src/commands.o
 .rodata.File_073_ObjNum_136_480x320_6_18_26_DATA
                0x08014ac0     0x3200 ./Core/Src/commands.o
 .rodata.File_073_ObjNum_136_480x320_6_18_26
                0x08017cc0        0xc ./Core/Src/commands.o
 .rodata.File_074_ObjNum_138_48x143_6_19_26_DATA
                0x08017ccc       0x35 ./Core/Src/commands.o
 *fill*         0x08017d01        0x3 
 .rodata.File_074_ObjNum_138_48x143_6_19_26
                0x08017d04        0xc ./Core/Src/commands.o
 .rodata.File_075_ObjNum_140_368x40_6_19_26_DATA
                0x08017d10      0x1c5 ./Core/Src/commands.o
 *fill*         0x08017ed5        0x3 
 .rodata.File_075_ObjNum_140_368x40_6_19_26
                0x08017ed8        0xc ./Core/Src/commands.o
 .rodata.File_076_ObjNum_143_368x40_6_19_26_DATA
                0x08017ee4      0x1c7 ./Core/Src/commands.o
 *fill*         0x080180ab        0x1 
 .rodata.File_076_ObjNum_143_368x40_6_19_26
                0x080180ac        0xc ./Core/Src/commands.o
 .rodata.File_077_ObjNum_147_480x320_6_18_26_DATA
                0x080180b8      0x593 ./Core/Src/commands.o
 *fill*         0x0801864b        0x1 
 .rodata.File_077_ObjNum_147_480x320_6_18_26
                0x0801864c        0xc ./Core/Src/commands.o
 .rodata.File_078_ObjNum_148_480x320_6_18_26_DATA
                0x08018658      0x575 ./Core/Src/commands.o
 *fill*         0x08018bcd        0x3 
 .rodata.File_078_ObjNum_148_480x320_6_18_26
                0x08018bd0        0xc ./Core/Src/commands.o
 .rodata.File_079_ObjNum_149_480x320_6_17_26_DATA
                0x08018bdc      0x7b3 ./Core/Src/commands.o
 *fill*         0x0801938f        0x1 
 .rodata.File_079_ObjNum_149_480x320_6_17_26
                0x08019390        0xc ./Core/Src/commands.o
 .rodata.errorMsg
                0x0801939c       0x16 ./Core/Src/commands.o
                0x0801939c                errorMsg
 *fill*         0x080193b2        0x2 
 .rodata.commands
                0x080193b4       0x30 ./Core/Src/commands.o
                0x080193b4                commands
 .rodata.File_072_ObjNum_135_480x320_6_18_26_DATA
                0x080193e4     0x3201 ./Core/Src/main.o
 *fill*         0x0801c5e5        0x3 
 .rodata.File_072_ObjNum_135_480x320_6_18_26
                0x0801c5e8        0xc ./Core/Src/main.o
 .rodata.AHBPrescTable
                0x0801c5f4       0x10 ./Core/Src/system_stm32f0xx.o
                0x0801c5f4                AHBPrescTable
 .rodata.APBPrescTable
                0x0801c604        0x8 ./Core/Src/system_stm32f0xx.o
                0x0801c604                APBPrescTable
 .rodata.aPLLMULFactorTable.1
                0x0801c60c       0x10 ./Drivers/STM32F0xx_HAL_Driver/Src/stm32f0xx_hal_rcc.o
 .rodata.aPredivFactorTable.0
                0x0801c61c       0x10 ./Drivers/STM32F0xx_HAL_Driver/Src/stm32f0xx_hal_rcc.o
                0x0801c62c                        . = ALIGN (0x4)

.ARM.extab      0x0801c62c        0x0
                0x0801c62c                        . = ALIGN (0x4)
 *(.ARM.extab* .gnu.linkonce.armextab.*)
                0x0801c62c                        . = ALIGN (0x4)

.ARM            0x0801c62c        0x0
                0x0801c62c                        . = ALIGN (0x4)
                0x0801c62c                        __exidx_start = .
 *(.ARM.exidx*)
                0x0801c62c                        __exidx_end = .
                0x0801c62c                        . = ALIGN (0x4)

.preinit_array  0x0801c62c        0x0
                0x0801c62c                        . = ALIGN (0x4)
                0x0801c62c                        PROVIDE (__preinit_array_start = .)
 *(.preinit_array*)
                0x0801c62c                        PROVIDE (__preinit_array_end = .)
                0x0801c62c                        . = ALIGN (0x4)

.init_array     0x0801c62c        0x4
                0x0801c62c                        . = ALIGN (0x4)
                0x0801c62c                        PROVIDE (__init_array_start = .)
 *(SORT_BY_NAME(.init_array.*))
 *(.init_array*)
 .init_array    0x0801c62c        0x4 /opt/stm32cubeide/plugins/com.st.stm32cube.ide.mcu.externaltools.gnu-tools-for-stm32.14.3.rel1.linux64_1.0.100.202602081740/tools/bin/../lib/gcc/arm-none-eabi/14.3.1/thumb/v6-m/nofp/crtbegin.o
                0x0801c630                        PROVIDE (__init_array_end = .)
                0x0801c630                        . = ALIGN (0x4)

.fini_array     0x0801c630        0x4
                0x0801c630                        . = ALIGN (0x4)
                [!provide]                        PROVIDE (__fini_array_start = .)
 *(SORT_BY_NAME(.fini_array.*))
 *(.fini_array*)
 .fini_array    0x0801c630        0x4 /opt/stm32cubeide/plugins/com.st.stm32cube.ide.mcu.externaltools.gnu-tools-for-stm32.14.3.rel1.linux64_1.0.100.202602081740/tools/bin/../lib/gcc/arm-none-eabi/14.3.1/thumb/v6-m/nofp/crtbegin.o
                [!provide]                        PROVIDE (__fini_array_end = .)
                0x0801c634                        . = ALIGN (0x4)
                0x0801c634                        _sidata = LOADADDR (.data)

.rel.dyn        0x0801c634        0x0
 .rel.iplt      0x0801c634        0x0 /opt/stm32cubeide/plugins/com.st.stm32cube.ide.mcu.externaltools.gnu-tools-for-stm32.14.3.rel1.linux64_1.0.100.202602081740/tools/bin/../lib/gcc/arm-none-eabi/14.3.1/thumb/v6-m/nofp/crtbegin.o

.data           0x20000000      0x22c load address 0x0801c634
                0x20000000                        . = ALIGN (0x4)
                0x20000000                        _sdata = .
 *(.data)
 *(.data*)
 .data.images   0x20000000      0x128 ./Core/Src/commands.o
                0x20000000                images
 .data.msg.0    0x20000128       0x5e ./Core/Src/commands.o
 *fill*         0x20000186        0x2 
 .data.msg.2    0x20000188       0x1f ./Core/Src/commands.o
 *fill*         0x200001a7        0x1 
 .data.msg.1    0x200001a8       0x1d ./Core/Src/commands.o
 *fill*         0x200001c5        0x3 
 .data.msg.4    0x200001c8       0x21 ./Core/Src/commands.o
 *fill*         0x200001e9        0x3 
 .data.msg.3    0x200001ec       0x1f ./Core/Src/commands.o
 *fill*         0x2000020b        0x1 
 .data.msg.5    0x2000020c       0x11 ./Core/Src/commands.o
 *fill*         0x2000021d        0x3 
 .data.SystemCoreClock
                0x20000220        0x4 ./Core/Src/system_stm32f0xx.o
                0x20000220                SystemCoreClock
 .data.uwTickPrio
                0x20000224        0x4 ./Drivers/STM32F0xx_HAL_Driver/Src/stm32f0xx_hal.o
                0x20000224                uwTickPrio
 .data.uwTickFreq
                0x20000228        0x1 ./Drivers/STM32F0xx_HAL_Driver/Src/stm32f0xx_hal.o
                0x20000228                uwTickFreq
 *(.RamFunc)
 *(.RamFunc*)
                0x2000022c                        . = ALIGN (0x4)
 *fill*         0x20000229        0x3 
                0x2000022c                        _edata = .

.igot.plt       0x2000022c        0x0 load address 0x0801c860
 .igot.plt      0x2000022c        0x0 /opt/stm32cubeide/plugins/com.st.stm32cube.ide.mcu.externaltools.gnu-tools-for-stm32.14.3.rel1.linux64_1.0.100.202602081740/tools/bin/../lib/gcc/arm-none-eabi/14.3.1/thumb/v6-m/nofp/crtbegin.o
                0x2000022c                        . = ALIGN (0x4)

.bss            0x2000022c     0x6dc0 load address 0x0801c860
                0x2000022c                        _sbss = .
                0x2000022c                        __bss_start__ = _sbss
 *(.bss)
 .bss           0x2000022c       0x1c /opt/stm32cubeide/plugins/com.st.stm32cube.ide.mcu.externaltools.gnu-tools-for-stm32.14.3.rel1.linux64_1.0.100.202602081740/tools/bin/../lib/gcc/arm-none-eabi/14.3.1/thumb/v6-m/nofp/crtbegin.o
 *(.bss*)
 .bss.spi       0x20000248        0x4 ./Core/Src/commands.o
 .bss.imageNum  0x2000024c        0x1 ./Core/Src/commands.o
 .bss.isOr      0x2000024d        0x1 ./Core/Src/commands.o
 *fill*         0x2000024e        0x2 
 .bss.commandBuffer
                0x20000250       0xff ./Core/Src/commands.o
                0x20000250                commandBuffer
 *fill*         0x2000034f        0x1 
 .bss.state     0x20000350     0x6b24 ./Core/Src/display.o
 .bss.hspi1     0x20006e74       0x64 ./Core/Src/main.o
                0x20006e74                hspi1
 .bss.hdma_spi1_tx
                0x20006ed8       0x44 ./Core/Src/main.o
                0x20006ed8                hdma_spi1_tx
 .bss.huart2    0x20006f1c       0x88 ./Core/Src/main.o
                0x20006f1c                huart2
 .bss.hdma_usart2_rx
                0x20006fa4       0x44 ./Core/Src/main.o
                0x20006fa4                hdma_usart2_rx
 .bss.uwTick    0x20006fe8        0x4 ./Drivers/STM32F0xx_HAL_Driver/Src/stm32f0xx_hal.o
                0x20006fe8                uwTick
 *(COMMON)
                0x20006fec                        . = ALIGN (0x4)
                0x20006fec                        _ebss = .
                0x20006fec                        __bss_end__ = _ebss

._user_heap_stack
                0x20006fec      0x604 load address 0x0801c860
                0x20006ff0                        . = ALIGN (0x8)
 *fill*         0x20006fec        0x4 
                [!provide]                        PROVIDE (end = .)
                0x20006ff0                        PROVIDE (_end = .)
                0x200071f0                        . = (. + _Min_Heap_Size)
 *fill*         0x20006ff0      0x200 
                0x200075f0                        . = (. + _Min_Stack_Size)
 *fill*         0x200071f0      0x400 
                0x200075f0                        . = ALIGN (0x8)

/DISCARD/
 libc.a(*)
 libm.a(*)
 libgcc.a(*)

.ARM.attributes
                0x00000000       0x28
 *(.ARM.attributes)
 .ARM.attributes
                0x00000000       0x1e /opt/stm32cubeide/plugins/com.st.stm32cube.ide.mcu.externaltools.gnu-tools-for-stm32.14.3.rel1.linux64_1.0.100.202602081740/tools/bin/../lib/gcc/arm-none-eabi/14.3.1/thumb/v6-m/nofp/crti.o
 .ARM.attributes
                0x0000001e       0x2c /opt/stm32cubeide/plugins/com.st.stm32cube.ide.mcu.externaltools.gnu-tools-for-stm32.14.3.rel1.linux64_1.0.100.202602081740/tools/bin/../lib/gcc/arm-none-eabi/14.3.1/thumb/v6-m/nofp/crtbegin.o
 .ARM.attributes
                0x0000004a       0x2c ./Core/Src/commands.o
 .ARM.attributes
                0x00000076       0x2c ./Core/Src/display.o
 .ARM.attributes
                0x000000a2       0x2c ./Core/Src/main.o
 .ARM.attributes
                0x000000ce       0x2c ./Core/Src/stm32f0xx_hal_msp.o
 .ARM.attributes
                0x000000fa       0x2c ./Core/Src/stm32f0xx_it.o
 .ARM.attributes
                0x00000126       0x2c ./Core/Src/system_stm32f0xx.o
 .ARM.attributes
                0x00000152       0x21 ./Core/Startup/startup_stm32f091rctx.o
 .ARM.attributes
                0x00000173       0x2c ./Drivers/STM32F0xx_HAL_Driver/Src/stm32f0xx_hal.o
 .ARM.attributes
                0x0000019f       0x2c ./Drivers/STM32F0xx_HAL_Driver/Src/stm32f0xx_hal_cortex.o
 .ARM.attributes
                0x000001cb       0x2c ./Drivers/STM32F0xx_HAL_Driver/Src/stm32f0xx_hal_dma.o
 .ARM.attributes
                0x000001f7       0x2c ./Drivers/STM32F0xx_HAL_Driver/Src/stm32f0xx_hal_gpio.o
 .ARM.attributes
                0x00000223       0x2c ./Drivers/STM32F0xx_HAL_Driver/Src/stm32f0xx_hal_rcc.o
 .ARM.attributes
                0x0000024f       0x2c ./Drivers/STM32F0xx_HAL_Driver/Src/stm32f0xx_hal_rcc_ex.o
 .ARM.attributes
                0x0000027b       0x2c ./Drivers/STM32F0xx_HAL_Driver/Src/stm32f0xx_hal_spi.o
 .ARM.attributes
                0x000002a7       0x2c ./Drivers/STM32F0xx_HAL_Driver/Src/stm32f0xx_hal_uart.o
 .ARM.attributes
                0x000002d3       0x2c ./Drivers/STM32F0xx_HAL_Driver/Src/stm32f0xx_hal_uart_ex.o
 .ARM.attributes
                0x000002ff       0x2c /opt/stm32cubeide/plugins/com.st.stm32cube.ide.mcu.externaltools.gnu-tools-for-stm32.14.3.rel1.linux64_1.0.100.202602081740/tools/bin/../lib/gcc/arm-none-eabi/14.3.1/../../../../arm-none-eabi/lib/thumb/v6-m/nofp/libc_nano.a(libc_a-memset.o)
 .ARM.attributes
                0x0000032b       0x2c /opt/stm32cubeide/plugins/com.st.stm32cube.ide.mcu.externaltools.gnu-tools-for-stm32.14.3.rel1.linux64_1.0.100.202602081740/tools/bin/../lib/gcc/arm-none-eabi/14.3.1/../../../../arm-none-eabi/lib/thumb/v6-m/nofp/libc_nano.a(libc_a-init.o)
 .ARM.attributes
                0x00000357       0x1e /opt/stm32cubeide/plugins/com.st.stm32cube.ide.mcu.externaltools.gnu-tools-for-stm32.14.3.rel1.linux64_1.0.100.202602081740/tools/bin/../lib/gcc/arm-none-eabi/14.3.1/thumb/v6-m/nofp/libgcc.a(_udivsi3.o)
 .ARM.attributes
                0x00000375       0x1e /opt/stm32cubeide/plugins/com.st.stm32cube.ide.mcu.externaltools.gnu-tools-for-stm32.14.3.rel1.linux64_1.0.100.202602081740/tools/bin/../lib/gcc/arm-none-eabi/14.3.1/thumb/v6-m/nofp/libgcc.a(_dvmd_tls.o)
 .ARM.attributes
                0x00000393       0x1e /opt/stm32cubeide/plugins/com.st.stm32cube.ide.mcu.externaltools.gnu-tools-for-stm32.14.3.rel1.linux64_1.0.100.202602081740/tools/bin/../lib/gcc/arm-none-eabi/14.3.1/thumb/v6-m/nofp/crtn.o
OUTPUT(Display-ST7796.elf elf32-littlearm)
LOAD linker stubs
LOAD /opt/stm32cubeide/plugins/com.st.stm32cube.ide.mcu.externaltools.gnu-tools-for-stm32.14.3.rel1.linux64_1.0.100.202602081740/tools/bin/../lib/gcc/arm-none-eabi/14.3.1/../../../../arm-none-eabi/lib/thumb/v6-m/nofp/libc.a
LOAD /opt/stm32cubeide/plugins/com.st.stm32cube.ide.mcu.externaltools.gnu-tools-for-stm32.14.3.rel1.linux64_1.0.100.202602081740/tools/bin/../lib/gcc/arm-none-eabi/14.3.1/../../../../arm-none-eabi/lib/thumb/v6-m/nofp/libm.a
LOAD /opt/stm32cubeide/plugins/com.st.stm32cube.ide.mcu.externaltools.gnu-tools-for-stm32.14.3.rel1.linux64_1.0.100.202602081740/tools/bin/../lib/gcc/arm-none-eabi/14.3.1/thumb/v6-m/nofp/libgcc.a

.debug_info     0x00000000     0xdb67
 .debug_info    0x00000000     0x1e40 ./Core/Src/commands.o
 .debug_info    0x00001e40      0xd62 ./Core/Src/display.o
 .debug_info    0x00002ba2     0x11ee ./Core/Src/main.o
 .debug_info    0x00003d90      0xde0 ./Core/Src/stm32f0xx_hal_msp.o
 .debug_info    0x00004b70      0x723 ./Core/Src/stm32f0xx_it.o
 .debug_info    0x00005293      0x242 ./Core/Src/system_stm32f0xx.o
 .debug_info    0x000054d5       0x30 ./Core/Startup/startup_stm32f091rctx.o
 .debug_info    0x00005505      0x6c3 ./Drivers/STM32F0xx_HAL_Driver/Src/stm32f0xx_hal.o
 .debug_info    0x00005bc8      0x6bf ./Drivers/STM32F0xx_HAL_Driver/Src/stm32f0xx_hal_cortex.o
 .debug_info    0x00006287      0x712 ./Drivers/STM32F0xx_HAL_Driver/Src/stm32f0xx_hal_dma.o
 .debug_info    0x00006999      0x5e6 ./Drivers/STM32F0xx_HAL_Driver/Src/stm32f0xx_hal_gpio.o
 .debug_info    0x00006f7f      0x83f ./Drivers/STM32F0xx_HAL_Driver/Src/stm32f0xx_hal_rcc.o
 .debug_info    0x000077be      0x5e7 ./Drivers/STM32F0xx_HAL_Driver/Src/stm32f0xx_hal_rcc_ex.o
 .debug_info    0x00007da5     0x1640 ./Drivers/STM32F0xx_HAL_Driver/Src/stm32f0xx_hal_spi.o
 .debug_info    0x000093e5     0x3acc ./Drivers/STM32F0xx_HAL_Driver/Src/stm32f0xx_hal_uart.o
 .debug_info    0x0000ceb1      0xcb6 ./Drivers/STM32F0xx_HAL_Driver/Src/stm32f0xx_hal_uart_ex.o

.debug_abbrev   0x00000000     0x21ee
 .debug_abbrev  0x00000000      0x2a4 ./Core/Src/commands.o
 .debug_abbrev  0x000002a4      0x2d9 ./Core/Src/display.o
 .debug_abbrev  0x0000057d      0x2a8 ./Core/Src/main.o
 .debug_abbrev  0x00000825      0x20b ./Core/Src/stm32f0xx_hal_msp.o
 .debug_abbrev  0x00000a30      0x187 ./Core/Src/stm32f0xx_it.o
 .debug_abbrev  0x00000bb7      0x11c ./Core/Src/system_stm32f0xx.o
 .debug_abbrev  0x00000cd3       0x24 ./Core/Startup/startup_stm32f091rctx.o
 .debug_abbrev  0x00000cf7      0x213 ./Drivers/STM32F0xx_HAL_Driver/Src/stm32f0xx_hal.o
 .debug_abbrev  0x00000f0a      0x28c ./Drivers/STM32F0xx_HAL_Driver/Src/stm32f0xx_hal_cortex.o
 .debug_abbrev  0x00001196      0x236 ./Drivers/STM32F0xx_HAL_Driver/Src/stm32f0xx_hal_dma.o
 .debug_abbrev  0x000013cc      0x1da ./Drivers/STM32F0xx_HAL_Driver/Src/stm32f0xx_hal_gpio.o
 .debug_abbrev  0x000015a6      0x28c ./Drivers/STM32F0xx_HAL_Driver/Src/stm32f0xx_hal_rcc.o
 .debug_abbrev  0x00001832      0x1a7 ./Drivers/STM32F0xx_HAL_Driver/Src/stm32f0xx_hal_rcc_ex.o
 .debug_abbrev  0x000019d9      0x27b ./Drivers/STM32F0xx_HAL_Driver/Src/stm32f0xx_hal_spi.o
 .debug_abbrev  0x00001c54      0x2df ./Drivers/STM32F0xx_HAL_Driver/Src/stm32f0xx_hal_uart.o
 .debug_abbrev  0x00001f33      0x2bb ./Drivers/STM32F0xx_HAL_Driver/Src/stm32f0xx_hal_uart_ex.o

.debug_aranges  0x00000000      0x9f0
 .debug_aranges
                0x00000000       0x68 ./Core/Src/commands.o
 .debug_aranges
                0x00000068       0x78 ./Core/Src/display.o
 .debug_aranges
                0x000000e0       0x50 ./Core/Src/main.o
 .debug_aranges
                0x00000130       0x40 ./Core/Src/stm32f0xx_hal_msp.o
 .debug_aranges
                0x00000170       0x58 ./Core/Src/stm32f0xx_it.o
 .debug_aranges
                0x000001c8       0x28 ./Core/Src/system_stm32f0xx.o
 .debug_aranges
                0x000001f0       0x28 ./Core/Startup/startup_stm32f091rctx.o
 .debug_aranges
                0x00000218       0xd0 ./Drivers/STM32F0xx_HAL_Driver/Src/stm32f0xx_hal.o
 .debug_aranges
                0x000002e8       0xc0 ./Drivers/STM32F0xx_HAL_Driver/Src/stm32f0xx_hal_cortex.o
 .debug_aranges
                0x000003a8       0x88 ./Drivers/STM32F0xx_HAL_Driver/Src/stm32f0xx_hal_dma.o
 .debug_aranges
                0x00000430       0x58 ./Drivers/STM32F0xx_HAL_Driver/Src/stm32f0xx_hal_gpio.o
 .debug_aranges
                0x00000488       0x80 ./Drivers/STM32F0xx_HAL_Driver/Src/stm32f0xx_hal_rcc.o
 .debug_aranges
                0x00000508       0x78 ./Drivers/STM32F0xx_HAL_Driver/Src/stm32f0xx_hal_rcc_ex.o
 .debug_aranges
                0x00000580      0x1d8 ./Drivers/STM32F0xx_HAL_Driver/Src/stm32f0xx_hal_spi.o
 .debug_aranges
                0x00000758      0x228 ./Drivers/STM32F0xx_HAL_Driver/Src/stm32f0xx_hal_uart.o
 .debug_aranges
                0x00000980       0x70 ./Drivers/STM32F0xx_HAL_Driver/Src/stm32f0xx_hal_uart_ex.o

.debug_rnglists
                0x00000000      0x7ad
 .debug_rnglists
                0x00000000       0x4b ./Core/Src/commands.o
 .debug_rnglists
                0x0000004b       0x5a ./Core/Src/display.o
 .debug_rnglists
                0x000000a5       0x3a ./Core/Src/main.o
 .debug_rnglists
                0x000000df       0x2d ./Core/Src/stm32f0xx_hal_msp.o
 .debug_rnglists
                0x0000010c       0x3d ./Core/Src/stm32f0xx_it.o
 .debug_rnglists
                0x00000149       0x1a ./Core/Src/system_stm32f0xx.o
 .debug_rnglists
                0x00000163       0x19 ./Core/Startup/startup_stm32f091rctx.o
 .debug_rnglists
                0x0000017c       0x97 ./Drivers/STM32F0xx_HAL_Driver/Src/stm32f0xx_hal.o
 .debug_rnglists
                0x00000213       0x8c ./Drivers/STM32F0xx_HAL_Driver/Src/stm32f0xx_hal_cortex.o
 .debug_rnglists
                0x0000029f       0x6a ./Drivers/STM32F0xx_HAL_Driver/Src/stm32f0xx_hal_dma.o
 .debug_rnglists
                0x00000309       0x3f ./Drivers/STM32F0xx_HAL_Driver/Src/stm32f0xx_hal_gpio.o
 .debug_rnglists
                0x00000348       0x61 ./Drivers/STM32F0xx_HAL_Driver/Src/stm32f0xx_hal_rcc.o
 .debug_rnglists
                0x000003a9       0x5b ./Drivers/STM32F0xx_HAL_Driver/Src/stm32f0xx_hal_rcc_ex.o
 .debug_rnglists
                0x00000404      0x17a ./Drivers/STM32F0xx_HAL_Driver/Src/stm32f0xx_hal_spi.o
 .debug_rnglists
                0x0000057e      0x1db ./Drivers/STM32F0xx_HAL_Driver/Src/stm32f0xx_hal_uart.o
 .debug_rnglists
                0x00000759       0x54 ./Drivers/STM32F0xx_HAL_Driver/Src/stm32f0xx_hal_uart_ex.o

.debug_macro    0x00000000    0x1b3ee
 .debug_macro   0x00000000      0x4e0 ./Core/Src/commands.o
 .debug_macro   0x000004e0      0xaae ./Core/Src/commands.o
 .debug_macro   0x00000f8e      0x133 ./Core/Src/commands.o
 .debug_macro   0x000010c1       0x2e ./Core/Src/commands.o
 .debug_macro   0x000010ef       0x22 ./Core/Src/commands.o
 .debug_macro   0x00001111       0x22 ./Core/Src/commands.o
 .debug_macro   0x00001133       0x8e ./Core/Src/commands.o
 .debug_macro   0x000011c1       0x51 ./Core/Src/commands.o
 .debug_macro   0x00001212      0x103 ./Core/Src/commands.o
 .debug_macro   0x00001315       0x6a ./Core/Src/commands.o
 .debug_macro   0x0000137f      0x1df ./Core/Src/commands.o
 .debug_macro   0x0000155e       0x1c ./Core/Src/commands.o
 .debug_macro   0x0000157a       0x22 ./Core/Src/commands.o
 .debug_macro   0x0000159c       0xaf ./Core/Src/commands.o
 .debug_macro   0x0000164b      0x391 ./Core/Src/commands.o
 .debug_macro   0x000019dc    0x10e6b ./Core/Src/commands.o
 .debug_macro   0x00012847       0x66 ./Core/Src/commands.o
 .debug_macro   0x000128ad     0x34da ./Core/Src/commands.o
 .debug_macro   0x00015d87      0x190 ./Core/Src/commands.o
 .debug_macro   0x00015f17       0x55 ./Core/Src/commands.o
 .debug_macro   0x00015f6c      0x946 ./Core/Src/commands.o
 .debug_macro   0x000168b2      0x69b ./Core/Src/commands.o
 .debug_macro   0x00016f4d      0x1ae ./Core/Src/commands.o
 .debug_macro   0x000170fb      0x202 ./Core/Src/commands.o
 .debug_macro   0x000172fd      0x1a7 ./Core/Src/commands.o
 .debug_macro   0x000174a4      0x1bc ./Core/Src/commands.o
 .debug_macro   0x00017660      0x4cf ./Core/Src/commands.o
 .debug_macro   0x00017b2f       0x3c ./Core/Src/commands.o
 .debug_macro   0x00017b6b       0x28 ./Core/Src/commands.o
 .debug_macro   0x00017b93       0xb0 ./Core/Src/commands.o
 .debug_macro   0x00017c43      0x23f ./Core/Src/commands.o
 .debug_macro   0x00017e82      0x22c ./Core/Src/commands.o
 .debug_macro   0x000180ae       0x61 ./Core/Src/commands.o
 .debug_macro   0x0001810f       0xa5 ./Core/Src/commands.o
 .debug_macro   0x000181b4       0x4c ./Core/Src/commands.o
 .debug_macro   0x00018200      0x16d ./Core/Src/commands.o
 .debug_macro   0x0001836d      0x2fe ./Core/Src/commands.o
 .debug_macro   0x0001866b      0x5ba ./Core/Src/commands.o
 .debug_macro   0x00018c25       0x44 ./Core/Src/commands.o
 .debug_macro   0x00018c69      0x435 ./Core/Src/commands.o
 .debug_macro   0x0001909e       0x70 ./Core/Src/commands.o
 .debug_macro   0x0001910e       0x22 ./Core/Src/commands.o
 .debug_macro   0x00019130       0x3a ./Core/Src/commands.o
 .debug_macro   0x0001916a      0x2ce ./Core/Src/display.o
 .debug_macro   0x00019438       0x61 ./Core/Src/display.o
 .debug_macro   0x00019499       0x24 ./Core/Src/display.o
 .debug_macro   0x000194bd       0x43 ./Core/Src/display.o
 .debug_macro   0x00019500       0x34 ./Core/Src/display.o
 .debug_macro   0x00019534      0x364 ./Core/Src/display.o
 .debug_macro   0x00019898       0x16 ./Core/Src/display.o
 .debug_macro   0x000198ae       0x4a ./Core/Src/display.o
 .debug_macro   0x000198f8       0x34 ./Core/Src/display.o
 .debug_macro   0x0001992c       0x10 ./Core/Src/display.o
 .debug_macro   0x0001993c       0x58 ./Core/Src/display.o
 .debug_macro   0x00019994       0x8e ./Core/Src/display.o
 .debug_macro   0x00019a22       0x1c ./Core/Src/display.o
 .debug_macro   0x00019a3e      0x17e ./Core/Src/display.o
 .debug_macro   0x00019bbc       0x10 ./Core/Src/display.o
 .debug_macro   0x00019bcc       0x3c ./Core/Src/display.o
 .debug_macro   0x00019c08       0x20 ./Core/Src/display.o
 .debug_macro   0x00019c28      0x206 ./Core/Src/main.o
 .debug_macro   0x00019e2e      0x1d2 ./Core/Src/stm32f0xx_hal_msp.o
 .debug_macro   0x0001a000      0x1dc ./Core/Src/stm32f0xx_it.o
 .debug_macro   0x0001a1dc      0x1c3 ./Core/Src/system_stm32f0xx.o
 .debug_macro   0x0001a39f      0x1e7 ./Drivers/STM32F0xx_HAL_Driver/Src/stm32f0xx_hal.o
 .debug_macro   0x0001a586      0x1c3 ./Drivers/STM32F0xx_HAL_Driver/Src/stm32f0xx_hal_cortex.o
 .debug_macro   0x0001a749      0x1c3 ./Drivers/STM32F0xx_HAL_Driver/Src/stm32f0xx_hal_dma.o
 .debug_macro   0x0001a90c      0x1ca ./Drivers/STM32F0xx_HAL_Driver/Src/stm32f0xx_hal_gpio.o
 .debug_macro   0x0001aad6      0x1d5 ./Drivers/STM32F0xx_HAL_Driver/Src/stm32f0xx_hal_rcc.o
 .debug_macro   0x0001acab      0x1d5 ./Drivers/STM32F0xx_HAL_Driver/Src/stm32f0xx_hal_rcc_ex.o
 .debug_macro   0x0001ae80      0x1cb ./Drivers/STM32F0xx_HAL_Driver/Src/stm32f0xx_hal_spi.o
 .debug_macro   0x0001b04b      0x1e0 ./Drivers/STM32F0xx_HAL_Driver/Src/stm32f0xx_hal_uart.o
 .debug_macro   0x0001b22b      0x1c3 ./Drivers/STM32F0xx_HAL_Driver/Src/stm32f0xx_hal_uart_ex.o

.debug_line     0x00000000     0xdad5
 .debug_line    0x00000000     0x13b6 ./Core/Src/commands.o
 .debug_line    0x000013b6      0xe5b ./Core/Src/display.o
 .debug_line    0x00002211      0x87b ./Core/Src/main.o
 .debug_line    0x00002a8c      0x775 ./Core/Src/stm32f0xx_hal_msp.o
 .debug_line    0x00003201      0x72c ./Core/Src/stm32f0xx_it.o
 .debug_line    0x0000392d      0x70f ./Core/Src/system_stm32f0xx.o
 .debug_line    0x0000403c       0x7b ./Core/Startup/startup_stm32f091rctx.o
 .debug_line    0x000040b7      0x909 ./Drivers/STM32F0xx_HAL_Driver/Src/stm32f0xx_hal.o
 .debug_line    0x000049c0      0x9ae ./Drivers/STM32F0xx_HAL_Driver/Src/stm32f0xx_hal_cortex.o
 .debug_line    0x0000536e      0xc2b ./Drivers/STM32F0xx_HAL_Driver/Src/stm32f0xx_hal_dma.o
 .debug_line    0x00005f99      0xa80 ./Drivers/STM32F0xx_HAL_Driver/Src/stm32f0xx_hal_gpio.o
 .debug_line    0x00006a19      0xe4b ./Drivers/STM32F0xx_HAL_Driver/Src/stm32f0xx_hal_rcc.o
 .debug_line    0x00007864      0xb9b ./Drivers/STM32F0xx_HAL_Driver/Src/stm32f0xx_hal_rcc_ex.o
 .debug_line    0x000083ff     0x1f25 ./Drivers/STM32F0xx_HAL_Driver/Src/stm32f0xx_hal_spi.o
 .debug_line    0x0000a324     0x2cdd ./Drivers/STM32F0xx_HAL_Driver/Src/stm32f0xx_hal_uart.o
 .debug_line    0x0000d001      0xad4 ./Drivers/STM32F0xx_HAL_Driver/Src/stm32f0xx_hal_uart_ex.o

.debug_str      0x00000000    0xa4616
 .debug_str     0x00000000    0xa4616 ./Core/Src/commands.o
                              0x9f264 (size before relaxing)
 .debug_str     0x000a4616    0xa021d ./Core/Src/display.o
 .debug_str     0x000a4616    0x9d716 ./Core/Src/main.o
 .debug_str     0x000a4616    0x9d232 ./Core/Src/stm32f0xx_hal_msp.o
 .debug_str     0x000a4616    0x9cdab ./Core/Src/stm32f0xx_it.o
 .debug_str     0x000a4616    0x9c77f ./Core/Src/system_stm32f0xx.o
 .debug_str     0x000a4616       0x8c ./Core/Startup/startup_stm32f091rctx.o
 .debug_str     0x000a4616    0x9cd6f ./Drivers/STM32F0xx_HAL_Driver/Src/stm32f0xx_hal.o
 .debug_str     0x000a4616    0x9cb60 ./Drivers/STM32F0xx_HAL_Driver/Src/stm32f0xx_hal_cortex.o
 .debug_str     0x000a4616    0x9cb35 ./Drivers/STM32F0xx_HAL_Driver/Src/stm32f0xx_hal_dma.o
 .debug_str     0x000a4616    0x9c935 ./Drivers/STM32F0xx_HAL_Driver/Src/stm32f0xx_hal_gpio.o
 .debug_str     0x000a4616    0x9cbc6 ./Drivers/STM32F0xx_HAL_Driver/Src/stm32f0xx_hal_rcc.o
 .debug_str     0x000a4616    0x9cb62 ./Drivers/STM32F0xx_HAL_Driver/Src/stm32f0xx_hal_rcc_ex.o
 .debug_str     0x000a4616    0x9d0ff ./Drivers/STM32F0xx_HAL_Driver/Src/stm32f0xx_hal_spi.o
 .debug_str     0x000a4616    0x9d4f3 ./Drivers/STM32F0xx_HAL_Driver/Src/stm32f0xx_hal_uart.o
 .debug_str     0x000a4616    0x9ce24 ./Drivers/STM32F0xx_HAL_Driver/Src/stm32f0xx_hal_uart_ex.o

.comment        0x00000000       0x43
 .comment       0x00000000       0x43 ./Core/Src/commands.o
                                 0x44 (size before relaxing)
 .comment       0x00000043       0x44 ./Core/Src/display.o
 .comment       0x00000043       0x44 ./Core/Src/main.o
 .comment       0x00000043       0x44 ./Core/Src/stm32f0xx_hal_msp.o
 .comment       0x00000043       0x44 ./Core/Src/stm32f0xx_it.o
 .comment       0x00000043       0x44 ./Core/Src/system_stm32f0xx.o
 .comment       0x00000043       0x44 ./Drivers/STM32F0xx_HAL_Driver/Src/stm32f0xx_hal.o
 .comment       0x00000043       0x44 ./Drivers/STM32F0xx_HAL_Driver/Src/stm32f0xx_hal_cortex.o
 .comment       0x00000043       0x44 ./Drivers/STM32F0xx_HAL_Driver/Src/stm32f0xx_hal_dma.o
 .comment       0x00000043       0x44 ./Drivers/STM32F0xx_HAL_Driver/Src/stm32f0xx_hal_gpio.o
 .comment       0x00000043       0x44 ./Drivers/STM32F0xx_HAL_Driver/Src/stm32f0xx_hal_rcc.o
 .comment       0x00000043       0x44 ./Drivers/STM32F0xx_HAL_Driver/Src/stm32f0xx_hal_rcc_ex.o
 .comment       0x00000043       0x44 ./Drivers/STM32F0xx_HAL_Driver/Src/stm32f0xx_hal_spi.o
 .comment       0x00000043       0x44 ./Drivers/STM32F0xx_HAL_Driver/Src/stm32f0xx_hal_uart.o
 .comment       0x00000043       0x44 ./Drivers/STM32F0xx_HAL_Driver/Src/stm32f0xx_hal_uart_ex.o

.debug_frame    0x00000000     0x221c
 .debug_frame   0x00000000      0x148 ./Core/Src/commands.o
 .debug_frame   0x00000148      0x188 ./Core/Src/display.o
 .debug_frame   0x000002d0       0xe4 ./Core/Src/main.o
 .debug_frame   0x000003b4       0xb0 ./Core/Src/stm32f0xx_hal_msp.o
 .debug_frame   0x00000464       0xf0 ./Core/Src/stm32f0xx_it.o
 .debug_frame   0x00000554       0x4c ./Core/Src/system_stm32f0xx.o
 .debug_frame   0x000005a0      0x2a4 ./Drivers/STM32F0xx_HAL_Driver/Src/stm32f0xx_hal.o
 .debug_frame   0x00000844      0x2a0 ./Drivers/STM32F0xx_HAL_Driver/Src/stm32f0xx_hal_cortex.o
 .debug_frame   0x00000ae4      0x1d0 ./Drivers/STM32F0xx_HAL_Driver/Src/stm32f0xx_hal_dma.o
 .debug_frame   0x00000cb4      0x110 ./Drivers/STM32F0xx_HAL_Driver/Src/stm32f0xx_hal_gpio.o
 .debug_frame   0x00000dc4      0x198 ./Drivers/STM32F0xx_HAL_Driver/Src/stm32f0xx_hal_rcc.o
 .debug_frame   0x00000f5c      0x180 ./Drivers/STM32F0xx_HAL_Driver/Src/stm32f0xx_hal_rcc_ex.o
 .debug_frame   0x000010dc      0x710 ./Drivers/STM32F0xx_HAL_Driver/Src/stm32f0xx_hal_spi.o
 .debug_frame   0x000017ec      0x850 ./Drivers/STM32F0xx_HAL_Driver/Src/stm32f0xx_hal_uart.o
 .debug_frame   0x0000203c      0x174 ./Drivers/STM32F0xx_HAL_Driver/Src/stm32f0xx_hal_uart_ex.o
 .debug_frame   0x000021b0       0x20 /opt/stm32cubeide/plugins/com.st.stm32cube.ide.mcu.externaltools.gnu-tools-for-stm32.14.3.rel1.linux64_1.0.100.202602081740/tools/bin/../lib/gcc/arm-none-eabi/14.3.1/../../../../arm-none-eabi/lib/thumb/v6-m/nofp/libc_nano.a(libc_a-memset.o)
 .debug_frame   0x000021d0       0x2c /opt/stm32cubeide/plugins/com.st.stm32cube.ide.mcu.externaltools.gnu-tools-for-stm32.14.3.rel1.linux64_1.0.100.202602081740/tools/bin/../lib/gcc/arm-none-eabi/14.3.1/../../../../arm-none-eabi/lib/thumb/v6-m/nofp/libc_nano.a(libc_a-init.o)
 .debug_frame   0x000021fc       0x20 /opt/stm32cubeide/plugins/com.st.stm32cube.ide.mcu.externaltools.gnu-tools-for-stm32.14.3.rel1.linux64_1.0.100.202602081740/tools/bin/../lib/gcc/arm-none-eabi/14.3.1/thumb/v6-m/nofp/libgcc.a(_udivsi3.o)

.debug_line_str
                0x00000000       0x70
 .debug_line_str
                0x00000000       0x70 ./Core/Startup/startup_stm32f091rctx.o
