Archive member included to satisfy reference by file (symbol)

/opt/stm32cubeide/plugins/com.st.stm32cube.ide.mcu.externaltools.gnu-tools-for-stm32.14.3.rel1.linux64_1.0.100.202602081740/tools/bin/../lib/gcc/arm-none-eabi/14.3.1/../../../../arm-none-eabi/lib/thumb/v6-m/nofp/libc_nano.a(libc_a-exit.o)
                              /opt/stm32cubeide/plugins/com.st.stm32cube.ide.mcu.externaltools.gnu-tools-for-stm32.14.3.rel1.linux64_1.0.100.202602081740/tools/bin/../lib/gcc/arm-none-eabi/14.3.1/../../../../arm-none-eabi/lib/thumb/v6-m/nofp/crt0.o (exit)
/opt/stm32cubeide/plugins/com.st.stm32cube.ide.mcu.externaltools.gnu-tools-for-stm32.14.3.rel1.linux64_1.0.100.202602081740/tools/bin/../lib/gcc/arm-none-eabi/14.3.1/../../../../arm-none-eabi/lib/thumb/v6-m/nofp/libc_nano.a(libc_a-findfp.o)
                              /opt/stm32cubeide/plugins/com.st.stm32cube.ide.mcu.externaltools.gnu-tools-for-stm32.14.3.rel1.linux64_1.0.100.202602081740/tools/bin/../lib/gcc/arm-none-eabi/14.3.1/../../../../arm-none-eabi/lib/thumb/v6-m/nofp/libc_nano.a(libc_a-exit.o) (__stdio_exit_handler)
/opt/stm32cubeide/plugins/com.st.stm32cube.ide.mcu.externaltools.gnu-tools-for-stm32.14.3.rel1.linux64_1.0.100.202602081740/tools/bin/../lib/gcc/arm-none-eabi/14.3.1/../../../../arm-none-eabi/lib/thumb/v6-m/nofp/libc_nano.a(libc_a-fwalk.o)
                              /opt/stm32cubeide/plugins/com.st.stm32cube.ide.mcu.externaltools.gnu-tools-for-stm32.14.3.rel1.linux64_1.0.100.202602081740/tools/bin/../lib/gcc/arm-none-eabi/14.3.1/../../../../arm-none-eabi/lib/thumb/v6-m/nofp/libc_nano.a(libc_a-findfp.o) (_fwalk_sglue)
/opt/stm32cubeide/plugins/com.st.stm32cube.ide.mcu.externaltools.gnu-tools-for-stm32.14.3.rel1.linux64_1.0.100.202602081740/tools/bin/../lib/gcc/arm-none-eabi/14.3.1/../../../../arm-none-eabi/lib/thumb/v6-m/nofp/libc_nano.a(libc_a-stdio.o)
                              /opt/stm32cubeide/plugins/com.st.stm32cube.ide.mcu.externaltools.gnu-tools-for-stm32.14.3.rel1.linux64_1.0.100.202602081740/tools/bin/../lib/gcc/arm-none-eabi/14.3.1/../../../../arm-none-eabi/lib/thumb/v6-m/nofp/libc_nano.a(libc_a-findfp.o) (__sread)
/opt/stm32cubeide/plugins/com.st.stm32cube.ide.mcu.externaltools.gnu-tools-for-stm32.14.3.rel1.linux64_1.0.100.202602081740/tools/bin/../lib/gcc/arm-none-eabi/14.3.1/../../../../arm-none-eabi/lib/thumb/v6-m/nofp/libc_nano.a(libc_a-memset.o)
                              /opt/stm32cubeide/plugins/com.st.stm32cube.ide.mcu.externaltools.gnu-tools-for-stm32.14.3.rel1.linux64_1.0.100.202602081740/tools/bin/../lib/gcc/arm-none-eabi/14.3.1/../../../../arm-none-eabi/lib/thumb/v6-m/nofp/crt0.o (memset)
/opt/stm32cubeide/plugins/com.st.stm32cube.ide.mcu.externaltools.gnu-tools-for-stm32.14.3.rel1.linux64_1.0.100.202602081740/tools/bin/../lib/gcc/arm-none-eabi/14.3.1/../../../../arm-none-eabi/lib/thumb/v6-m/nofp/libc_nano.a(libc_a-closer.o)
                              /opt/stm32cubeide/plugins/com.st.stm32cube.ide.mcu.externaltools.gnu-tools-for-stm32.14.3.rel1.linux64_1.0.100.202602081740/tools/bin/../lib/gcc/arm-none-eabi/14.3.1/../../../../arm-none-eabi/lib/thumb/v6-m/nofp/libc_nano.a(libc_a-stdio.o) (_close_r)
/opt/stm32cubeide/plugins/com.st.stm32cube.ide.mcu.externaltools.gnu-tools-for-stm32.14.3.rel1.linux64_1.0.100.202602081740/tools/bin/../lib/gcc/arm-none-eabi/14.3.1/../../../../arm-none-eabi/lib/thumb/v6-m/nofp/libc_nano.a(libc_a-reent.o)
                              /opt/stm32cubeide/plugins/com.st.stm32cube.ide.mcu.externaltools.gnu-tools-for-stm32.14.3.rel1.linux64_1.0.100.202602081740/tools/bin/../lib/gcc/arm-none-eabi/14.3.1/../../../../arm-none-eabi/lib/thumb/v6-m/nofp/libc_nano.a(libc_a-closer.o) (errno)
/opt/stm32cubeide/plugins/com.st.stm32cube.ide.mcu.externaltools.gnu-tools-for-stm32.14.3.rel1.linux64_1.0.100.202602081740/tools/bin/../lib/gcc/arm-none-eabi/14.3.1/../../../../arm-none-eabi/lib/thumb/v6-m/nofp/libc_nano.a(libc_a-impure.o)
                              /opt/stm32cubeide/plugins/com.st.stm32cube.ide.mcu.externaltools.gnu-tools-for-stm32.14.3.rel1.linux64_1.0.100.202602081740/tools/bin/../lib/gcc/arm-none-eabi/14.3.1/../../../../arm-none-eabi/lib/thumb/v6-m/nofp/libc_nano.a(libc_a-reent.o) (_impure_ptr)
/opt/stm32cubeide/plugins/com.st.stm32cube.ide.mcu.externaltools.gnu-tools-for-stm32.14.3.rel1.linux64_1.0.100.202602081740/tools/bin/../lib/gcc/arm-none-eabi/14.3.1/../../../../arm-none-eabi/lib/thumb/v6-m/nofp/libc_nano.a(libc_a-lseekr.o)
                              /opt/stm32cubeide/plugins/com.st.stm32cube.ide.mcu.externaltools.gnu-tools-for-stm32.14.3.rel1.linux64_1.0.100.202602081740/tools/bin/../lib/gcc/arm-none-eabi/14.3.1/../../../../arm-none-eabi/lib/thumb/v6-m/nofp/libc_nano.a(libc_a-stdio.o) (_lseek_r)
/opt/stm32cubeide/plugins/com.st.stm32cube.ide.mcu.externaltools.gnu-tools-for-stm32.14.3.rel1.linux64_1.0.100.202602081740/tools/bin/../lib/gcc/arm-none-eabi/14.3.1/../../../../arm-none-eabi/lib/thumb/v6-m/nofp/libc_nano.a(libc_a-readr.o)
[...]
Memory Configuration

Name             Origin             Length             Attributes
RAM              0x20000000         0x00008000         xrw
FLASH            0x08000000         0x00040000         xr
*default*        0x00000000         0xffffffff

Linker script and memory map

LOAD /opt/stm32cubeide/plugins/com.st.stm32cube.ide.mcu.externaltools.gnu-tools-for-stm32.14.3.rel1.linux64_1.0.100.202602081740/tools/bin/../lib/gcc/arm-none-eabi/14.3.1/thumb/v6-m/nofp/crti.o
LOAD /opt/stm32cubeide/plugins/com.st.stm32cube.ide.mcu.externaltools.gnu-tools-for-stm32.14.3.rel1.linux64_1.0.100.202602081740/tools/bin/../lib/gcc/arm-none-eabi/14.3.1/thumb/v6-m/nofp/crtbegin.o
LOAD /opt/stm32cubeide/plugins/com.st.stm32cube.ide.mcu.externaltools.gnu-tools-for-stm32.14.3.rel1.linux64_1.0.100.202602081740/tools/bin/../lib/gcc/arm-none-eabi/14.3.1/../../../../arm-none-eabi/lib/thumb/v6-m/nofp/crt0.o
LOAD ./Core/Src/commands-can.o
LOAD ./Core/Src/commands-usart.o
LOAD ./Core/Src/display-ili9488.o
LOAD ./Core/Src/display-st7796s.o
LOAD ./Core/Src/main.o
LOAD ./Core/Src/stm32f0xx_hal_msp.o
LOAD ./Core/Src/stm32f0xx_it.o
LOAD ./Core/Src/syscalls.o
LOAD ./Core/Src/sysmem.o
LOAD ./Core/Src/system_stm32f0xx.o
LOAD ./Core/Startup/startup_stm32f091rctx.o
LOAD ./Drivers/STM32F0xx_HAL_Driver/Src/stm32f0xx_hal.o
LOAD ./Drivers/STM32F0xx_HAL_Driver/Src/stm32f0xx_hal_can.o
LOAD ./Drivers/STM32F0xx_HAL_Driver/Src/stm32f0xx_hal_cortex.o
LOAD ./Drivers/STM32F0xx_HAL_Driver/Src/stm32f0xx_hal_dma.o
LOAD ./Drivers/STM32F0xx_HAL_Driver/Src/stm32f0xx_hal_exti.o
LOAD ./Drivers/STM32F0xx_HAL_Driver/Src/stm32f0xx_hal_flash.o
LOAD ./Drivers/STM32F0xx_HAL_Driver/Src/stm32f0xx_hal_flash_ex.o
LOAD ./Drivers/STM32F0xx_HAL_Driver/Src/stm32f0xx_hal_gpio.o
LOAD ./Drivers/STM32F0xx_HAL_Driver/Src/stm32f0xx_hal_i2c.o
LOAD ./Drivers/STM32F0xx_HAL_Driver/Src/stm32f0xx_hal_i2c_ex.o
LOAD ./Drivers/STM32F0xx_HAL_Driver/Src/stm32f0xx_hal_pwr.o
LOAD ./Drivers/STM32F0xx_HAL_Driver/Src/stm32f0xx_hal_pwr_ex.o
LOAD ./Drivers/STM32F0xx_HAL_Driver/Src/stm32f0xx_hal_rcc.o
LOAD ./Drivers/STM32F0xx_HAL_Driver/Src/stm32f0xx_hal_rcc_ex.o
LOAD ./Drivers/STM32F0xx_HAL_Driver/Src/stm32f0xx_hal_spi.o
LOAD ./Drivers/STM32F0xx_HAL_Driver/Src/stm32f0xx_hal_spi_ex.o
LOAD ./Drivers/STM32F0xx_HAL_Driver/Src/stm32f0xx_hal_uart.o
LOAD ./Drivers/STM32F0xx_HAL_Driver/Src/stm32f0xx_hal_uart_ex.o
START GROUP
LOAD /opt/stm32cubeide/plugins/com.st.stm32cube.ide.mcu.externaltools.gnu-tools-for-stm32.14.3.rel1.linux64_1.0.100.202602081740/tools/bin/../lib/gcc/arm-none-eabi/14.3.1/../../../../arm-none-eabi/lib/thumb/v6-m/nofp/libc_nano.a
LOAD /opt/stm32cubeide/plugins/com.st.stm32cube.ide.mcu.externaltools.gnu-tools-for-stm32.14.3.rel1.linux64_1.0.100.202602081740/tools/bin/../lib/gcc/arm-none-eabi/14.3.1/../../../../arm-none-eabi/lib/thumb/v6-m/nofp/libm.a
END GROUP
START GROUP
LOAD /opt/stm32cubeide/plugins/com.st.stm32cube.ide.mcu.externaltools.gnu-tools-for-stm32.14.3.rel1.linux64_1.0.100.202602081740/tools/bin/../lib/gcc/arm-none-eabi/14.3.1/thumb/v6-m/nofp/libgcc.a
LOAD /opt/stm32cubeide/plugins/com.st.stm32cube.ide.mcu.externaltools.gnu-tools-for-stm32.14.3.rel1.linux64_1.0.100.202602081740/tools/bin/../lib/gcc/arm-none-eabi/14.3.1/../../../../arm-none-eabi/lib/thumb/v6-m/nofp/libc_nano.a
END GROUP
START GROUP
LOAD /opt/stm32cubeide/plugins/com.st.stm32cube.ide.mcu.externaltools.gnu-tools-for-stm32.14.3.rel1.linux64_1.0.100.202602081740/tools/bin/../lib/gcc/arm-none-eabi/14.3.1/thumb/v6-m/nofp/libgcc.a
LOAD /opt/stm32cubeide/plugins/com.st.stm32cube.ide.mcu.externaltools.gnu-tools-for-stm32.14.3.rel1.linux64_1.0.100.202602081740/tools/bin/../lib/gcc/arm-none-eabi/14.3.1/../../../../arm-none-eabi/lib/thumb/v6-m/nofp/libc_nano.a
LOAD /opt/stm32cubeide/plugins/com.st.stm32cube.ide.mcu.externaltools.gnu-tools-for-stm32.14.3.rel1.linux64_1.0.100.202602081740/tools/bin/../lib/gcc/arm-none-eabi/14.3.1/../../../../arm-none-eabi/lib/thumb/v6-m/nofp/libnosys.a
END GROUP
START GROUP
LOAD /opt/stm32cubeide/plugins/com.st.stm32cube.ide.mcu.externaltools.gnu-tools-for-stm32.14.3.rel1.linux64_1.0.100.202602081740/tools/bin/../lib/gcc/arm-none-eabi/14.3.1/thumb/v6-m/nofp/libgcc.a
LOAD /opt/stm32cubeide/plugins/com.st.stm32cube.ide.mcu.externaltools.gnu-tools-for-stm32.14.3.rel1.linux64_1.0.100.202602081740/tools/bin/../lib/gcc/arm-none-eabi/14.3.1/../../../../arm-none-eabi/lib/thumb/v6-m/nofp/libc_nano.a
LOAD /opt/stm32cubeide/plugins/com.st.stm32cube.ide.mcu.externaltools.gnu-tools-for-stm32.14.3.rel1.linux64_1.0.100.202602081740/tools/bin/../lib/gcc/arm-none-eabi/14.3.1/../../../../arm-none-eabi/lib/thumb/v6-m/nofp/libnosys.a
END GROUP
LOAD /opt/stm32cubeide/plugins/com.st.stm32cube.ide.mcu.externaltools.gnu-tools-for-stm32.14.3.rel1.linux64_1.0.100.202602081740/tools/bin/../lib/gcc/arm-none-eabi/14.3.1/thumb/v6-m/nofp/crtend.o
LOAD /opt/stm32cubeide/plugins/com.st.stm32cube.ide.mcu.externaltools.gnu-tools-for-stm32.14.3.rel1.linux64_1.0.100.202602081740/tools/bin/../lib/gcc/arm-none-eabi/14.3.1/thumb/v6-m/nofp/crtn.o
                0x20008000                        _estack = (ORIGIN (RAM) + LENGTH (RAM))
                0x00000200                        _Min_Heap_Size = 0x200
                0x00000400                        _Min_Stack_Size = 0x400

.isr_vector     0x08000000       0xbc
                0x08000000                        . = ALIGN (0x4)
 *(.isr_vector)
 .isr_vector    0x08000000       0xbc ./Core/Startup/startup_stm32f091rctx.o
                0x08000000                g_pfnVectors
                0x080000bc                        . = ALIGN (0x4)

.text           0x080000bc     0x5d7c
                0x080000bc                        . = ALIGN (0x4)
 *(.text)
 .text          0x080000bc       0x48 /opt/stm32cubeide/plugins/com.st.stm32cube.ide.mcu.externaltools.gnu-tools-for-stm32.14.3.rel1.linux64_1.0.100.202602081740/tools/bin/../lib/gcc/arm-none-eabi/14.3.1/thumb/v6-m/nofp/crtbegin.o
 .text          0x08000104      0x114 /opt/stm32cubeide/plugins/com.st.stm32cube.ide.mcu.externaltools.gnu-tools-for-stm32.14.3.rel1.linux64_1.0.100.202602081740/tools/bin/../lib/gcc/arm-none-eabi/14.3.1/thumb/v6-m/nofp/libgcc.a(_udivsi3.o)
                0x08000104                __udivsi3
                0x08000104                __aeabi_uidiv
                0x08000210                __aeabi_uidivmod
 .text          0x08000218      0x1d4 /opt/stm32cubeide/plugins/com.st.stm32cube.ide.mcu.externaltools.gnu-tools-for-stm32.14.3.rel1.linux64_1.0.100.202602081740/tools/bin/../lib/gcc/arm-none-eabi/14.3.1/thumb/v6-m/nofp/libgcc.a(_divsi3.o)
                0x08000218                __aeabi_idiv
                0x08000218                __divsi3
                0x080003e4                __aeabi_idivmod
 .text          0x080003ec        0x4 /opt/stm32cubeide/plugins/com.st.stm32cube.ide.mcu.externaltools.gnu-tools-for-stm32.14.3.rel1.linux64_1.0.100.202602081740/tools/bin/../lib/gcc/arm-none-eabi/14.3.1/thumb/v6-m/nofp/libgcc.a(_dvmd_tls.o)
                0x080003ec                __aeabi_ldiv0
                0x080003ec                __aeabi_idiv0
 *(.text*)
 .text.HAL_CAN_RxFifo0MsgPendingCallback
                0x080003f0       0x58 ./Core/Src/commands-can.o
                0x080003f0                HAL_CAN_RxFifo0MsgPendingCallback
 .text.usartCommandsInit
                0x08000448       0x2c ./Core/Src/commands-usart.o
                0x08000448                usartCommandsInit
 .text.helpCMD  0x08000474       0x1c ./Core/Src/commands-usart.o
                0x08000474                helpCMD
 .text.displayImageCMD
                0x08000490       0x94 ./Core/Src/commands-usart.o
                0x08000490                displayImageCMD
 .text.refreshCMD
                0x08000524       0x4c ./Core/Src/commands-usart.o
                0x08000524                refreshCMD
 .text.orCMD    0x08000570       0x3c ./Core/Src/commands-usart.o
                0x08000570                orCMD
 .text.stringsEqual
                0x080005ac       0x40 ./Core/Src/commands-usart.o
                0x080005ac                stringsEqual
 .text.parseCommand
                0x080005ec       0xbc ./Core/Src/commands-usart.o
                0x080005ec                parseCommand
 .text.HAL_UARTEx_RxEventCallback
                0x080006a8       0x34 ./Core/Src/commands-usart.o
                0x080006a8                HAL_UARTEx_RxEventCallback
 .text.ILI9488_RESET
                0x080006dc       0x34 ./Core/Src/display-ili9488.o
                0x080006dc                ILI9488_RESET
 .text.ILI9488_SELECT
                0x08000710       0x1a ./Core/Src/display-ili9488.o
                0x08000710                ILI9488_SELECT
 .text.ILI9488_DESELECT
                0x0800072a       0x1a ./Core/Src/display-ili9488.o
                0x0800072a                ILI9488_DESELECT
 .text.ILI9488_CMD
                0x08000744       0x3c ./Core/Src/display-ili9488.o
                0x08000744                ILI9488_CMD
 .text.ILI9488_DATA
                0x08000780       0x40 ./Core/Src/display-ili9488.o
                0x08000780                ILI9488_DATA
 .text.ILI9488_INIT
                0x080007c0       0xbc ./Core/Src/display-ili9488.o
                0x080007c0                ILI9488_INIT
 .text.ILI9488_REFRESH
                0x0800087c      0x1ec ./Core/Src/display-ili9488.o
                0x0800087c                ILI9488_REFRESH
 .text.ILI9488_LOAD_IMAGE
                0x08000a68      0x1fc ./Core/Src/display-ili9488.o
                0x08000a68                ILI9488_LOAD_IMAGE
 .text.ILI9488_LOAD_TEXT
                0x08000c64      0x274 ./Core/Src/display-ili9488.o
                0x08000c64                ILI9488_LOAD_TEXT
 .text.ILI9488_DRAW
                0x08000ed8      0x4d0 ./Core/Src/display-ili9488.o
                0x08000ed8                ILI9488_DRAW
 .text.HAL_SPI_TxCpltCallback
                0x080013a8      0x1d8 ./Core/Src/display-ili9488.o
                0x080013a8                HAL_SPI_TxCpltCallback
 .text.main     0x08001580      0x158 ./Core/Src/main.o
                0x08001580                main
 .text.SystemClock_Config
                0x080016d8       0xbe ./Core/Src/main.o
                0x080016d8                SystemClock_Config
 *fill*         0x08001796        0x2 
 .text.MX_CAN_Init
                0x08001798       0x6c ./Core/Src/main.o
 .text.MX_SPI1_Init
                0x08001804       0x7c ./Core/Src/main.o
 .text.MX_USART2_UART_Init
                0x08001880       0x60 ./Core/Src/main.o
 .text.MX_DMA_Init
                0x080018e0       0x4c ./Core/Src/main.o
 .text.MX_GPIO_Init
                0x0800192c      0x160 ./Core/Src/main.o
 .text.Error_Handler
                0x08001a8c        0xc ./Core/Src/main.o
                0x08001a8c                Error_Handler
 .text.HAL_MspInit
                0x08001a98       0x48 ./Core/Src/stm32f0xx_hal_msp.o
                0x08001a98                HAL_MspInit
 .text.HAL_CAN_MspInit
                0x08001ae0       0xac ./Core/Src/stm32f0xx_hal_msp.o
                0x08001ae0                HAL_CAN_MspInit
 .text.HAL_SPI_MspInit
                0x08001b8c      0x118 ./Core/Src/stm32f0xx_hal_msp.o
                0x08001b8c                HAL_SPI_MspInit
 .text.HAL_UART_MspInit
                0x08001ca4      0x120 ./Core/Src/stm32f0xx_hal_msp.o
                0x08001ca4                HAL_UART_MspInit
 .text.NMI_Handler
                0x08001dc4        0x8 ./Core/Src/stm32f0xx_it.o
                0x08001dc4                NMI_Handler
 .text.HardFault_Handler
                0x08001dcc        0x8 ./Core/Src/stm32f0xx_it.o
                0x08001dcc                HardFault_Handler
 .text.SVC_Handler
                0x08001dd4        0xa ./Core/Src/stm32f0xx_it.o
                0x08001dd4                SVC_Handler
 .text.PendSV_Handler
                0x08001dde        0xa ./Core/Src/stm32f0xx_it.o
                0x08001dde                PendSV_Handler
 .text.SysTick_Handler
                0x08001de8        0xe ./Core/Src/stm32f0xx_it.o
                0x08001de8                SysTick_Handler
 *fill*         0x08001df6        0x2 
 .text.DMA1_Ch1_IRQHandler
                0x08001df8       0x18 ./Core/Src/stm32f0xx_it.o
                0x08001df8                DMA1_Ch1_IRQHandler
 .text.DMA1_Ch2_3_DMA2_Ch1_2_IRQHandler
                0x08001e10       0x18 ./Core/Src/stm32f0xx_it.o
                0x08001e10                DMA1_Ch2_3_DMA2_Ch1_2_IRQHandler
 .text.USART2_IRQHandler
                0x08001e28       0x18 ./Core/Src/stm32f0xx_it.o
                0x08001e28                USART2_IRQHandler
 .text.CEC_CAN_IRQHandler
                0x08001e40       0x18 ./Core/Src/stm32f0xx_it.o
                0x08001e40                CEC_CAN_IRQHandler
 .text.SystemInit
                0x08001e58        0xa ./Core/Src/system_stm32f0xx.o
                0x08001e58                SystemInit
 *fill*         0x08001e62        0x2 
 .text.Reset_Handler
                0x08001e64       0x50 ./Core/Startup/startup_stm32f091rctx.o
                0x08001e64                Reset_Handler
 .text.Default_Handler
                0x08001eb4        0x2 ./Core/Startup/startup_stm32f091rctx.o
                0x08001eb4                TIM1_CC_IRQHandler
                0x08001eb4                TSC_IRQHandler
                0x08001eb4                ADC1_COMP_IRQHandler
                0x08001eb4                I2C1_IRQHandler
                0x08001eb4                RCC_CRS_IRQHandler
                0x08001eb4                SPI1_IRQHandler
                0x08001eb4                TIM6_DAC_IRQHandler
                0x08001eb4                EXTI2_3_IRQHandler
                0x08001eb4                I2C2_IRQHandler
                0x08001eb4                TIM17_IRQHandler
                0x08001eb4                RTC_IRQHandler
                0x08001eb4                PVD_VDDIO2_IRQHandler
                0x08001eb4                TIM16_IRQHandler
                0x08001eb4                TIM3_IRQHandler
                0x08001eb4                EXTI4_15_IRQHandler
                0x08001eb4                USART3_8_IRQHandler
                0x08001eb4                Default_Handler
                0x08001eb4                TIM14_IRQHandler
                0x08001eb4                TIM7_IRQHandler
                0x08001eb4                TIM15_IRQHandler
                0x08001eb4                EXTI0_1_IRQHandler
                0x08001eb4                SPI2_IRQHandler
                0x08001eb4                DMA1_Ch4_7_DMA2_Ch3_5_IRQHandler
                0x08001eb4                WWDG_IRQHandler
                0x08001eb4                TIM2_IRQHandler
                0x08001eb4                FLASH_IRQHandler
                0x08001eb4                USART1_IRQHandler
                0x08001eb4                TIM1_BRK_UP_TRG_COM_IRQHandler
 *fill*         0x08001eb6        0x2 
 .text.HAL_Init
                0x08001eb8       0x28 ./Drivers/STM32F0xx_HAL_Driver/Src/stm32f0xx_hal.o
                0x08001eb8                HAL_Init
 .text.HAL_InitTick
                0x08001ee0       0x68 ./Drivers/STM32F0xx_HAL_Driver/Src/stm32f0xx_hal.o
                0x08001ee0                HAL_InitTick
 .text.HAL_IncTick
                0x08001f48       0x24 ./Drivers/STM32F0xx_HAL_Driver/Src/stm32f0xx_hal.o
                0x08001f48                HAL_IncTick
 .text.HAL_GetTick
                0x08001f6c       0x14 ./Drivers/STM32F0xx_HAL_Driver/Src/stm32f0xx_hal.o
                0x08001f6c                HAL_GetTick
 .text.HAL_Delay
                0x08001f80       0x48 ./Drivers/STM32F0xx_HAL_Driver/Src/stm32f0xx_hal.o
                0x08001f80                HAL_Delay
 .text.HAL_CAN_Init
                0x08001fc8      0x1fc ./Drivers/STM32F0xx_HAL_Driver/Src/stm32f0xx_hal_can.o
                0x08001fc8                HAL_CAN_Init
 .text.HAL_CAN_GetRxMessage
                0x080021c4      0x256 ./Drivers/STM32F0xx_HAL_Driver/Src/stm32f0xx_hal_can.o
                0x080021c4                HAL_CAN_GetRxMessage
 .text.HAL_CAN_IRQHandler
                0x0800241a      0x368 ./Drivers/STM32F0xx_HAL_Driver/Src/stm32f0xx_hal_can.o
                0x0800241a                HAL_CAN_IRQHandler
 .text.HAL_CAN_TxMailbox0CompleteCallback
                0x08002782       0x10 ./Drivers/STM32F0xx_HAL_Driver/Src/stm32f0xx_hal_can.o
                0x08002782                HAL_CAN_TxMailbox0CompleteCallback
 .text.HAL_CAN_TxMailbox1CompleteCallback
                0x08002792       0x10 ./Drivers/STM32F0xx_HAL_Driver/Src/stm32f0xx_hal_can.o
                0x08002792                HAL_CAN_TxMailbox1CompleteCallback
 .text.HAL_CAN_TxMailbox2CompleteCallback
                0x080027a2       0x10 ./Drivers/STM32F0xx_HAL_Driver/Src/stm32f0xx_hal_can.o
                0x080027a2                HAL_CAN_TxMailbox2CompleteCallback
 .text.HAL_CAN_TxMailbox0AbortCallback
                0x080027b2       0x10 ./Drivers/STM32F0xx_HAL_Driver/Src/stm32f0xx_hal_can.o
                0x080027b2                HAL_CAN_TxMailbox0AbortCallback
 .text.HAL_CAN_TxMailbox1AbortCallback
                0x080027c2       0x10 ./Drivers/STM32F0xx_HAL_Driver/Src/stm32f0xx_hal_can.o
                0x080027c2                HAL_CAN_TxMailbox1AbortCallback
 .text.HAL_CAN_TxMailbox2AbortCallback
                0x080027d2       0x10 ./Drivers/STM32F0xx_HAL_Driver/Src/stm32f0xx_hal_can.o
                0x080027d2                HAL_CAN_TxMailbox2AbortCallback
 .text.HAL_CAN_RxFifo0FullCallback
                0x080027e2       0x10 ./Drivers/STM32F0xx_HAL_Driver/Src/stm32f0xx_hal_can.o
                0x080027e2                HAL_CAN_RxFifo0FullCallback
 .text.HAL_CAN_RxFifo1MsgPendingCallback
                0x080027f2       0x10 ./Drivers/STM32F0xx_HAL_Driver/Src/stm32f0xx_hal_can.o
                0x080027f2                HAL_CAN_RxFifo1MsgPendingCallback
 .text.HAL_CAN_RxFifo1FullCallback
                0x08002802       0x10 ./Drivers/STM32F0xx_HAL_Driver/Src/stm32f0xx_hal_can.o
                0x08002802                HAL_CAN_RxFifo1FullCallback
 .text.HAL_CAN_SleepCallback
                0x08002812       0x10 ./Drivers/STM32F0xx_HAL_Driver/Src/stm32f0xx_hal_can.o
                0x08002812                HAL_CAN_SleepCallback
 .text.HAL_CAN_WakeUpFromRxMsgCallback
                0x08002822       0x10 ./Drivers/STM32F0xx_HAL_Driver/Src/stm32f0xx_hal_can.o
                0x08002822                HAL_CAN_WakeUpFromRxMsgCallback
 .text.HAL_CAN_ErrorCallback
                0x08002832       0x10 ./Drivers/STM32F0xx_HAL_Driver/Src/stm32f0xx_hal_can.o
                0x08002832                HAL_CAN_ErrorCallback
 *fill*         0x08002842        0x2 
 .text.__NVIC_EnableIRQ
                0x08002844       0x34 ./Drivers/STM32F0xx_HAL_Driver/Src/stm32f0xx_hal_cortex.o
 .text.__NVIC_SetPriority
                0x08002878       0xdc ./Drivers/STM32F0xx_HAL_Driver/Src/stm32f0xx_hal_cortex.o
 .text.SysTick_Config
                0x08002954       0x48 ./Drivers/STM32F0xx_HAL_Driver/Src/stm32f0xx_hal_cortex.o
 .text.HAL_NVIC_SetPriority
                0x0800299c       0x2a ./Drivers/STM32F0xx_HAL_Driver/Src/stm32f0xx_hal_cortex.o
                0x0800299c                HAL_NVIC_SetPriority
 .text.HAL_NVIC_EnableIRQ
                0x080029c6       0x20 ./Drivers/STM32F0xx_HAL_Driver/Src/stm32f0xx_hal_cortex.o
                0x080029c6                HAL_NVIC_EnableIRQ
 .text.HAL_SYSTICK_Config
                0x080029e6       0x1a ./Drivers/STM32F0xx_HAL_Driver/Src/stm32f0xx_hal_cortex.o
                0x080029e6                HAL_SYSTICK_Config
 .text.HAL_DMA_Init
                0x08002a00       0x90 ./Drivers/STM32F0xx_HAL_Driver/Src/stm32f0xx_hal_dma.o
                0x08002a00                HAL_DMA_Init
 .text.HAL_DMA_Start_IT
                0x08002a90       0xcc ./Drivers/STM32F0xx_HAL_Driver/Src/stm32f0xx_hal_dma.o
                0x08002a90                HAL_DMA_Start_IT
 .text.HAL_DMA_Abort
                0x08002b5c       0x70 ./Drivers/STM32F0xx_HAL_Driver/Src/stm32f0xx_hal_dma.o
                0x08002b5c                HAL_DMA_Abort
 .text.HAL_DMA_Abort_IT
                0x08002bcc       0x8a ./Drivers/STM32F0xx_HAL_Driver/Src/stm32f0xx_hal_dma.o
                0x08002bcc                HAL_DMA_Abort_IT
 .text.HAL_DMA_IRQHandler
                0x08002c56      0x144 ./Drivers/STM32F0xx_HAL_Driver/Src/stm32f0xx_hal_dma.o
                0x08002c56                HAL_DMA_IRQHandler
 .text.DMA_SetConfig
                0x08002d9a       0x58 ./Drivers/STM32F0xx_HAL_Driver/Src/stm32f0xx_hal_dma.o
 *fill*         0x08002df2        0x2 
 .text.DMA_CalcBaseAndBitshift
                0x08002df4       0x74 ./Drivers/STM32F0xx_HAL_Driver/Src/stm32f0xx_hal_dma.o
 .text.HAL_GPIO_Init
                0x08002e68      0x2f0 ./Drivers/STM32F0xx_HAL_Driver/Src/stm32f0xx_hal_gpio.o
                0x08002e68                HAL_GPIO_Init
 .text.HAL_GPIO_WritePin
                0x08003158       0x3a ./Drivers/STM32F0xx_HAL_Driver/Src/stm32f0xx_hal_gpio.o
                0x08003158                HAL_GPIO_WritePin
 *fill*         0x08003192        0x2 
 .text.HAL_RCC_OscConfig
                0x08003194      0x70c ./Drivers/STM32F0xx_HAL_Driver/Src/stm32f0xx_hal_rcc.o
                0x08003194                HAL_RCC_OscConfig
 .text.HAL_RCC_ClockConfig
                0x080038a0      0x1b4 ./Drivers/STM32F0xx_HAL_Driver/Src/stm32f0xx_hal_rcc.o
                0x080038a0                HAL_RCC_ClockConfig
 .text.HAL_RCC_GetSysClockFreq
                0x08003a54       0xe4 ./Drivers/STM32F0xx_HAL_Driver/Src/stm32f0xx_hal_rcc.o
                0x08003a54                HAL_RCC_GetSysClockFreq
 .text.HAL_RCC_GetHCLKFreq
                0x08003b38       0x14 ./Drivers/STM32F0xx_HAL_Driver/Src/stm32f0xx_hal_rcc.o
                0x08003b38                HAL_RCC_GetHCLKFreq
 .text.HAL_RCC_GetPCLK1Freq
                0x08003b4c       0x2c ./Drivers/STM32F0xx_HAL_Driver/Src/stm32f0xx_hal_rcc.o
                0x08003b4c                HAL_RCC_GetPCLK1Freq
 .text.HAL_RCCEx_PeriphCLKConfig
                0x08003b78      0x200 ./Drivers/STM32F0xx_HAL_Driver/Src/stm32f0xx_hal_rcc_ex.o
                0x08003b78                HAL_RCCEx_PeriphCLKConfig
 .text.HAL_SPI_Init
                0x08003d78      0x170 ./Drivers/STM32F0xx_HAL_Driver/Src/stm32f0xx_hal_spi.o
                0x08003d78                HAL_SPI_Init
 .text.HAL_SPI_Transmit
                0x08003ee8      0x2be ./Drivers/STM32F0xx_HAL_Driver/Src/stm32f0xx_hal_spi.o
                0x08003ee8                HAL_SPI_Transmit
 *fill*         0x080041a6        0x2 
 .text.HAL_SPI_Transmit_DMA
                0x080041a8      0x204 ./Drivers/STM32F0xx_HAL_Driver/Src/stm32f0xx_hal_spi.o
                0x080041a8                HAL_SPI_Transmit_DMA
 .text.HAL_SPI_TxHalfCpltCallback
                0x080043ac       0x10 ./Drivers/STM32F0xx_HAL_Driver/Src/stm32f0xx_hal_spi.o
                0x080043ac                HAL_SPI_TxHalfCpltCallback
 .text.HAL_SPI_ErrorCallback
                0x080043bc       0x10 ./Drivers/STM32F0xx_HAL_Driver/Src/stm32f0xx_hal_spi.o
                0x080043bc                HAL_SPI_ErrorCallback
 .text.SPI_DMATransmitCplt
                0x080043cc       0xac ./Drivers/STM32F0xx_HAL_Driver/Src/stm32f0xx_hal_spi.o
 .text.SPI_DMAHalfTransmitCplt
                0x08004478       0x1e ./Drivers/STM32F0xx_HAL_Driver/Src/stm32f0xx_hal_spi.o
 .text.SPI_DMAError
                0x08004496       0x42 ./Drivers/STM32F0xx_HAL_Driver/Src/stm32f0xx_hal_spi.o
 .text.SPI_WaitFlagStateUntilTimeout
                0x080044d8      0x11c ./Drivers/STM32F0xx_HAL_Driver/Src/stm32f0xx_hal_spi.o
 .text.SPI_WaitFifoStateUntilTimeout
                0x080045f4      0x144 ./Drivers/STM32F0xx_HAL_Driver/Src/stm32f0xx_hal_spi.o
 .text.SPI_EndRxTxTransaction
                0x08004738       0x8c ./Drivers/STM32F0xx_HAL_Driver/Src/stm32f0xx_hal_spi.o
 .text.HAL_UART_Init
                0x080047c4       0xa8 ./Drivers/STM32F0xx_HAL_Driver/Src/stm32f0xx_hal_uart.o
                0x080047c4                HAL_UART_Init
 .text.HAL_UART_Transmit_IT
                0x0800486c       0xe0 ./Drivers/STM32F0xx_HAL_Driver/Src/stm32f0xx_hal_uart.o
                0x0800486c                HAL_UART_Transmit_IT
 .text.HAL_UART_IRQHandler
                0x0800494c      0x5c0 ./Drivers/STM32F0xx_HAL_Driver/Src/stm32f0xx_hal_uart.o
                0x0800494c                HAL_UART_IRQHandler
 .text.HAL_UART_TxCpltCallback
                0x08004f0c       0x10 ./Drivers/STM32F0xx_HAL_Driver/Src/stm32f0xx_hal_uart.o
                0x08004f0c                HAL_UART_TxCpltCallback
 .text.HAL_UART_RxCpltCallback
                0x08004f1c       0x10 ./Drivers/STM32F0xx_HAL_Driver/Src/stm32f0xx_hal_uart.o
                0x08004f1c                HAL_UART_RxCpltCallback
 .text.HAL_UART_RxHalfCpltCallback
                0x08004f2c       0x10 ./Drivers/STM32F0xx_HAL_Driver/Src/stm32f0xx_hal_uart.o
                0x08004f2c                HAL_UART_RxHalfCpltCallback
 .text.HAL_UART_ErrorCallback
                0x08004f3c       0x10 ./Drivers/STM32F0xx_HAL_Driver/Src/stm32f0xx_hal_uart.o
                0x08004f3c                HAL_UART_ErrorCallback
 .text.UART_SetConfig
                0x08004f4c      0x3d0 ./Drivers/STM32F0xx_HAL_Driver/Src/stm32f0xx_hal_uart.o
                0x08004f4c                UART_SetConfig
 .text.UART_AdvFeatureConfig
                0x0800531c      0x168 ./Drivers/STM32F0xx_HAL_Driver/Src/stm32f0xx_hal_uart.o
                0x0800531c                UART_AdvFeatureConfig
 .text.UART_CheckIdleState
                0x08005484      0x150 ./Drivers/STM32F0xx_HAL_Driver/Src/stm32f0xx_hal_uart.o
                0x08005484                UART_CheckIdleState
 .text.UART_WaitOnFlagUntilTimeout
                0x080055d4       0xde ./Drivers/STM32F0xx_HAL_Driver/Src/stm32f0xx_hal_uart.o
                0x080055d4                UART_WaitOnFlagUntilTimeout
 *fill*         0x080056b2        0x2 
 .text.UART_Start_Receive_DMA
                0x080056b4      0x140 ./Drivers/STM32F0xx_HAL_Driver/Src/stm32f0xx_hal_uart.o
                0x080056b4                UART_Start_Receive_DMA
 .text.UART_EndTxTransfer
                0x080057f4       0x48 ./Drivers/STM32F0xx_HAL_Driver/Src/stm32f0xx_hal_uart.o
 .text.UART_EndRxTransfer
                0x0800583c       0xc8 ./Drivers/STM32F0xx_HAL_Driver/Src/stm32f0xx_hal_uart.o
 .text.UART_DMAReceiveCplt
                0x08005904      0x12c ./Drivers/STM32F0xx_HAL_Driver/Src/stm32f0xx_hal_uart.o
 .text.UART_DMARxHalfCplt
                0x08005a30       0x42 ./Drivers/STM32F0xx_HAL_Driver/Src/stm32f0xx_hal_uart.o
 .text.UART_DMAError
                0x08005a72       0x84 ./Drivers/STM32F0xx_HAL_Driver/Src/stm32f0xx_hal_uart.o
 .text.UART_DMAAbortOnError
                0x08005af6       0x2e ./Drivers/STM32F0xx_HAL_Driver/Src/stm32f0xx_hal_uart.o
 .text.UART_TxISR_8BIT
                0x08005b24       0xb2 ./Drivers/STM32F0xx_HAL_Driver/Src/stm32f0xx_hal_uart.o
 .text.UART_TxISR_16BIT
                0x08005bd6       0xbc ./Drivers/STM32F0xx_HAL_Driver/Src/stm32f0xx_hal_uart.o
 .text.UART_EndTransmit_IT
                0x08005c92       0x56 ./Drivers/STM32F0xx_HAL_Driver/Src/stm32f0xx_hal_uart.o
 .text.HAL_UARTEx_WakeupCallback
                0x08005ce8       0x10 ./Drivers/STM32F0xx_HAL_Driver/Src/stm32f0xx_hal_uart_ex.o
                0x08005ce8                HAL_UARTEx_WakeupCallback
 .text.HAL_UARTEx_ReceiveToIdle_DMA
                0x08005cf8       0xd0 ./Drivers/STM32F0xx_HAL_Driver/Src/stm32f0xx_hal_uart_ex.o
                0x08005cf8                HAL_UARTEx_ReceiveToIdle_DMA
 .text.memset   0x08005dc8       0x10 /opt/stm32cubeide/plugins/com.st.stm32cube.ide.mcu.externaltools.gnu-tools-for-stm32.14.3.rel1.linux64_1.0.100.202602081740/tools/bin/../lib/gcc/arm-none-eabi/14.3.1/../../../../arm-none-eabi/lib/thumb/v6-m/nofp/libc_nano.a(libc_a-memset.o)
                0x08005dc8                memset
 .text.__libc_init_array
                0x08005dd8       0x48 /opt/stm32cubeide/plugins/com.st.stm32cube.ide.mcu.externaltools.gnu-tools-for-stm32.14.3.rel1.linux64_1.0.100.202602081740/tools/bin/../lib/gcc/arm-none-eabi/14.3.1/../../../../arm-none-eabi/lib/thumb/v6-m/nofp/libc_nano.a(libc_a-init.o)
                0x08005dd8                __libc_init_array
 *(.glue_7)
 .glue_7        0x08005e20        0x0 linker stubs
 *(.glue_7t)
 .glue_7t       0x08005e20        0x0 linker stubs
 *(.eh_frame)
 .eh_frame      0x08005e20        0x0 /opt/stm32cubeide/plugins/com.st.stm32cube.ide.mcu.externaltools.gnu-tools-for-stm32.14.3.rel1.linux64_1.0.100.202602081740/tools/bin/../lib/gcc/arm-none-eabi/14.3.1/thumb/v6-m/nofp/crtbegin.o
 *(.init)
 .init          0x08005e20        0x4 /opt/stm32cubeide/plugins/com.st.stm32cube.ide.mcu.externaltools.gnu-tools-for-stm32.14.3.rel1.linux64_1.0.100.202602081740/tools/bin/../lib/gcc/arm-none-eabi/14.3.1/thumb/v6-m/nofp/crti.o
                0x08005e20                _init
 .init          0x08005e24        0x8 /opt/stm32cubeide/plugins/com.st.stm32cube.ide.mcu.externaltools.gnu-tools-for-stm32.14.3.rel1.linux64_1.0.100.202602081740/tools/bin/../lib/gcc/arm-none-eabi/14.3.1/thumb/v6-m/nofp/crtn.o
 *(.fini)
 .fini          0x08005e2c        0x4 /opt/stm32cubeide/plugins/com.st.stm32cube.ide.mcu.externaltools.gnu-tools-for-stm32.14.3.rel1.linux64_1.0.100.202602081740/tools/bin/../lib/gcc/arm-none-eabi/14.3.1/thumb/v6-m/nofp/crti.o
                0x08005e2c                _fini
 .fini          0x08005e30        0x8 /opt/stm32cubeide/plugins/com.st.stm32cube.ide.mcu.externaltools.gnu-tools-for-stm32.14.3.rel1.linux64_1.0.100.202602081740/tools/bin/../lib/gcc/arm-none-eabi/14.3.1/thumb/v6-m/nofp/crtn.o
                0x08005e38                        . = ALIGN (0x4)
                0x08005e38                        _etext = .

.vfp11_veneer   0x08005e38        0x0
 .vfp11_veneer  0x08005e38        0x0 linker stubs

.v4_bx          0x08005e38        0x0
 .v4_bx         0x08005e38        0x0 linker stubs

.iplt           0x08005e38        0x0
 .iplt          0x08005e38        0x0 /opt/stm32cubeide/plugins/com.st.stm32cube.ide.mcu.externaltools.gnu-tools-for-stm32.14.3.rel1.linux64_1.0.100.202602081740/tools/bin/../lib/gcc/arm-none-eabi/14.3.1/thumb/v6-m/nofp/crtbegin.o

.rodata         0x08005e38    0x19ae0
                0x08005e38                        . = ALIGN (0x4)
 *(.rodata)
 .rodata        0x08005e38       0x54 ./Core/Src/commands-usart.o
 .rodata        0x08005e8c       0x70 ./Core/Src/main.o
 *(.rodata*)
 .rodata.File_002_ObjNum_001_NEW_6_17_26_DATA
                0x08005efc      0xf4f ./Core/Src/commands-usart.o
 *fill*         0x08006e4b        0x1 
 .rodata.File_002_ObjNum_001_NEW_6_17_26
                0x08006e4c        0xc ./Core/Src/commands-usart.o
 .rodata.File_005_ObjNum_004_480x320_6_18_26_DATA
                0x08006e58      0x4b5 ./Core/Src/commands-usart.o
 *fill*         0x0800730d        0x3 
 .rodata.File_005_ObjNum_004_480x320_6_18_26
                0x08007310        0xc ./Core/Src/commands-usart.o
 .rodata.File_006_ObjNum_005_480x320_6_18_26_C_DATA
                0x0800731c      0xbb3 ./Core/Src/commands-usart.o
 *fill*         0x08007ecf        0x1 
 .rodata.File_006_ObjNum_005_480x320_6_18_26_C
                0x08007ed0        0xc ./Core/Src/commands-usart.o
 .rodata.File_007_ObjNum_006_480x320_6_18_26_DATA
                0x08007edc      0x4b5 ./Core/Src/commands-usart.o
 *fill*         0x08008391        0x3 
 .rodata.File_007_ObjNum_006_480x320_6_18_26
                0x08008394        0xc ./Core/Src/commands-usart.o
 .rodata.File_008_ObjNum_007_96x190_6_18_26_DATA
                0x080083a0      0x2ad ./Core/Src/commands-usart.o
 *fill*         0x0800864d        0x3 
 .rodata.File_008_ObjNum_007_96x190_6_18_26
                0x08008650        0xc ./Core/Src/commands-usart.o
 .rodata.File_009_ObjNum_008_96x190_6_18_26_DATA
                0x0800865c      0x2bd ./Core/Src/commands-usart.o
 *fill*         0x08008919        0x3 
 .rodata.File_009_ObjNum_008_96x190_6_18_26
                0x0800891c        0xc ./Core/Src/commands-usart.o
 .rodata.File_010_ObjNum_009_96x190_6_18_26_DATA
                0x08008928      0x2c5 ./Core/Src/commands-usart.o
 *fill*         0x08008bed        0x3 
 .rodata.File_010_ObjNum_009_96x190_6_18_26
                0x08008bf0        0xc ./Core/Src/commands-usart.o
 .rodata.File_011_ObjNum_010_96x190_6_18_26_DATA
                0x08008bfc      0x2dd ./Core/Src/commands-usart.o
 *fill*         0x08008ed9        0x3 
 .rodata.File_011_ObjNum_010_96x190_6_18_26
                0x08008edc        0xc ./Core/Src/commands-usart.o
 .rodata.File_012_ObjNum_011_96x190_6_18_26_DATA
                0x08008ee8      0x2ed ./Core/Src/commands-usart.o
 *fill*         0x080091d5        0x3 
 .rodata.File_012_ObjNum_011_96x190_6_18_26
                0x080091d8        0xc ./Core/Src/commands-usart.o
 .rodata.File_013_ObjNum_012_96x190_6_18_26_DATA
                0x080091e4      0x2fd ./Core/Src/commands-usart.o
 *fill*         0x080094e1        0x3 
 .rodata.File_013_ObjNum_012_96x190_6_18_26
                0x080094e4        0xc ./Core/Src/commands-usart.o
 .rodata.File_014_ObjNum_013_96x190_6_18_26_DATA
                0x080094f0      0x30d ./Core/Src/commands-usart.o
 *fill*         0x080097fd        0x3 
 .rodata.File_014_ObjNum_013_96x190_6_18_26
                0x08009800        0xc ./Core/Src/commands-usart.o
 .rodata.File_015_ObjNum_014_96x190_6_18_26_DATA
                0x0800980c      0x31d ./Core/Src/commands-usart.o
 *fill*         0x08009b29        0x3 
 .rodata.File_015_ObjNum_014_96x190_6_18_26
                0x08009b2c        0xc ./Core/Src/commands-usart.o
 .rodata.File_016_ObjNum_015_96x190_6_18_26_DATA
                0x08009b38      0x32d ./Core/Src/commands-usart.o
 *fill*         0x08009e65        0x3 
 .rodata.File_016_ObjNum_015_96x190_6_18_26
                0x08009e68        0xc ./Core/Src/commands-usart.o
 .rodata.File_017_ObjNum_016_96x190_6_18_26_DATA
                0x08009e74      0x33d ./Core/Src/commands-usart.o
 *fill*         0x0800a1b1        0x3 
 .rodata.File_017_ObjNum_016_96x190_6_18_26
                0x0800a1b4        0xc ./Core/Src/commands-usart.o
 .rodata.File_018_ObjNum_017_96x190_6_16_26_DATA
                0x0800a1c0      0x34d ./Core/Src/commands-usart.o
 *fill*         0x0800a50d        0x3 
 .rodata.File_018_ObjNum_017_96x190_6_16_26
                0x0800a510        0xc ./Core/Src/commands-usart.o
 .rodata.File_019_ObjNum_018_48x208_6_19_26_DATA
                0x0800a51c      0x291 ./Core/Src/commands-usart.o
 *fill*         0x0800a7ad        0x3 
 .rodata.File_019_ObjNum_018_48x208_6_19_26
                0x0800a7b0        0xc ./Core/Src/commands-usart.o
 .rodata.File_020_ObjNum_019_48x208_6_19_26_DATA
                0x0800a7bc      0x287 ./Core/Src/commands-usart.o
 *fill*         0x0800aa43        0x1 
 .rodata.File_020_ObjNum_019_48x208_6_19_26
                0x0800aa44        0xc ./Core/Src/commands-usart.o
 .rodata.File_021_ObjNum_020_48x208_6_19_26_DATA
                0x0800aa50      0x263 ./Core/Src/commands-usart.o
 *fill*         0x0800acb3        0x1 
 .rodata.File_021_ObjNum_020_48x208_6_19_26
                0x0800acb4        0xc ./Core/Src/commands-usart.o
 .rodata.File_022_ObjNum_021_48x208_6_19_26_DATA
                0x0800acc0      0x245 ./Core/Src/commands-usart.o
 *fill*         0x0800af05        0x3 
 .rodata.File_022_ObjNum_021_48x208_6_19_26
                0x0800af08        0xc ./Core/Src/commands-usart.o
 .rodata.File_023_ObjNum_022_48x208_6_19_26_DATA
                0x0800af14      0x223 ./Core/Src/commands-usart.o
 *fill*         0x0800b137        0x1 
 .rodata.File_023_ObjNum_022_48x208_6_19_26
                0x0800b138        0xc ./Core/Src/commands-usart.o
 .rodata.File_024_ObjNum_023_48x208_6_19_26_DATA
                0x0800b144      0x205 ./Core/Src/commands-usart.o
 *fill*         0x0800b349        0x3 
 .rodata.File_024_ObjNum_023_48x208_6_19_26
                0x0800b34c        0xc ./Core/Src/commands-usart.o
 .rodata.File_025_ObjNum_024_48x208_6_19_26_DATA
                0x0800b358      0x1e7 ./Core/Src/commands-usart.o
 *fill*         0x0800b53f        0x1 
 .rodata.File_025_ObjNum_024_48x208_6_19_26
                0x0800b540        0xc ./Core/Src/commands-usart.o
 .rodata.File_026_ObjNum_025_48x208_6_19_26_DATA
                0x0800b54c      0x1c3 ./Core/Src/commands-usart.o
 *fill*         0x0800b70f        0x1 
 .rodata.File_026_ObjNum_025_48x208_6_19_26
                0x0800b710        0xc ./Core/Src/commands-usart.o
 .rodata.File_027_ObjNum_026_48x208_6_19_26_DATA
                0x0800b71c      0x1a5 ./Core/Src/commands-usart.o
 *fill*         0x0800b8c1        0x3 
 .rodata.File_027_ObjNum_026_48x208_6_19_26
                0x0800b8c4        0xc ./Core/Src/commands-usart.o
 .rodata.File_028_ObjNum_027_48x208_6_19_26_DATA
                0x0800b8d0      0x187 ./Core/Src/commands-usart.o
 *fill*         0x0800ba57        0x1 
 .rodata.File_028_ObjNum_027_48x208_6_19_26
                0x0800ba58        0xc ./Core/Src/commands-usart.o
 .rodata.File_029_ObjNum_028_48x208_6_19_26_DATA
                0x0800ba64      0x169 ./Core/Src/commands-usart.o
 *fill*         0x0800bbcd        0x3 
 .rodata.File_029_ObjNum_028_48x208_6_19_26
                0x0800bbd0        0xc ./Core/Src/commands-usart.o
 .rodata.File_030_ObjNum_029_64x25_6_19_26_DATA
                0x0800bbdc       0x8b ./Core/Src/commands-usart.o
 *fill*         0x0800bc67        0x1 
 .rodata.File_030_ObjNum_029_64x25_6_19_26
                0x0800bc68        0xc ./Core/Src/commands-usart.o
 .rodata.File_031_ObjNum_030_64x25_6_19_26_DATA
                0x0800bc74      0x105 ./Core/Src/commands-usart.o
 *fill*         0x0800bd79        0x3 
 .rodata.File_031_ObjNum_030_64x25_6_19_26
                0x0800bd7c        0xc ./Core/Src/commands-usart.o
 .rodata.File_032_ObjNum_031_96x190_6_19_26_DATA
                0x0800bd88      0x165 ./Core/Src/commands-usart.o
 *fill*         0x0800beed        0x3 
 .rodata.File_032_ObjNum_031_96x190_6_19_26
                0x0800bef0        0xc ./Core/Src/commands-usart.o
 .rodata.File_033_ObjNum_032_96x190_6_19_26_DATA
                0x0800befc      0x15b ./Core/Src/commands-usart.o
 *fill*         0x0800c057        0x1 
 .rodata.File_033_ObjNum_032_96x190_6_19_26
                0x0800c058        0xc ./Core/Src/commands-usart.o
 .rodata.File_034_ObjNum_033_96x190_6_19_26_DATA
                0x0800c064      0x151 ./Core/Src/commands-usart.o
 *fill*         0x0800c1b5        0x3 
 .rodata.File_034_ObjNum_033_96x190_6_19_26
                0x0800c1b8        0xc ./Core/Src/commands-usart.o
 .rodata.File_035_ObjNum_034_96x190_6_19_26_DATA
                0x0800c1c4      0x147 ./Core/Src/commands-usart.o
 *fill*         0x0800c30b        0x1 
 .rodata.File_035_ObjNum_034_96x190_6_19_26
                0x0800c30c        0xc ./Core/Src/commands-usart.o
 .rodata.File_036_ObjNum_035_96x190_6_19_26_DATA
                0x0800c318      0x13d ./Core/Src/commands-usart.o
 *fill*         0x0800c455        0x3 
 .rodata.File_036_ObjNum_035_96x190_6_19_26
                0x0800c458        0xc ./Core/Src/commands-usart.o
 .rodata.File_037_ObjNum_036_96x190_6_19_26_DATA
                0x0800c464      0x133 ./Core/Src/commands-usart.o
 *fill*         0x0800c597        0x1 
 .rodata.File_037_ObjNum_036_96x190_6_19_26
                0x0800c598        0xc ./Core/Src/commands-usart.o
 .rodata.File_038_ObjNum_037_96x190_6_19_26_DATA
                0x0800c5a4      0x129 ./Core/Src/commands-usart.o
 *fill*         0x0800c6cd        0x3 
 .rodata.File_038_ObjNum_037_96x190_6_19_26
                0x0800c6d0        0xc ./Core/Src/commands-usart.o
 .rodata.File_039_ObjNum_038_96x190_6_19_26_DATA
                0x0800c6dc      0x11f ./Core/Src/commands-usart.o
 *fill*         0x0800c7fb        0x1 
 .rodata.File_039_ObjNum_038_96x190_6_19_26
                0x0800c7fc        0xc ./Core/Src/commands-usart.o
 .rodata.File_040_ObjNum_039_96x190_6_19_26_DATA
                0x0800c808      0x115 ./Core/Src/commands-usart.o
 *fill*         0x0800c91d        0x3 
 .rodata.File_040_ObjNum_039_96x190_6_19_26
                0x0800c920        0xc ./Core/Src/commands-usart.o
 .rodata.File_041_ObjNum_040_96x190_6_19_26_DATA
                0x0800c92c      0x10b ./Core/Src/commands-usart.o
 *fill*         0x0800ca37        0x1 
 .rodata.File_041_ObjNum_040_96x190_6_19_26
                0x0800ca38        0xc ./Core/Src/commands-usart.o
 .rodata.File_042_ObjNum_041_96x190_6_19_26_DATA
                0x0800ca44      0x101 ./Core/Src/commands-usart.o
 *fill*         0x0800cb45        0x3 
 .rodata.File_042_ObjNum_041_96x190_6_19_26
                0x0800cb48        0xc ./Core/Src/commands-usart.o
 .rodata.File_043_ObjNum_042_144x208_6_19_26_DATA
                0x0800cb54      0x27d ./Core/Src/commands-usart.o
 *fill*         0x0800cdd1        0x3 
 .rodata.File_043_ObjNum_042_144x208_6_19_26
                0x0800cdd4        0xc ./Core/Src/commands-usart.o
 .rodata.File_044_ObjNum_043_144x208_6_19_26_DATA
                0x0800cde0      0x2a5 ./Core/Src/commands-usart.o
 *fill*         0x0800d085        0x3 
 .rodata.File_044_ObjNum_043_144x208_6_19_26
                0x0800d088        0xc ./Core/Src/commands-usart.o
 .rodata.File_045_ObjNum_044_144x208_6_19_26_DATA
                0x0800d094      0x293 ./Core/Src/commands-usart.o
 *fill*         0x0800d327        0x1 
 .rodata.File_045_ObjNum_044_144x208_6_19_26
                0x0800d328        0xc ./Core/Src/commands-usart.o
 .rodata.File_046_ObjNum_045_144x208_6_19_26_DATA
                0x0800d334      0x2a3 ./Core/Src/commands-usart.o
 *fill*         0x0800d5d7        0x1 
 .rodata.File_046_ObjNum_045_144x208_6_19_26
                0x0800d5d8        0xc ./Core/Src/commands-usart.o
 .rodata.File_047_ObjNum_046_144x208_6_19_26_DATA
                0x0800d5e4      0x27b ./Core/Src/commands-usart.o
 *fill*         0x0800d85f        0x1 
 .rodata.File_047_ObjNum_046_144x208_6_19_26
                0x0800d860        0xc ./Core/Src/commands-usart.o
 .rodata.File_048_ObjNum_052_144x183_6_19_26_DATA
                0x0800d86c      0x363 ./Core/Src/commands-usart.o
 *fill*         0x0800dbcf        0x1 
 .rodata.File_048_ObjNum_052_144x183_6_19_26
                0x0800dbd0        0xc ./Core/Src/commands-usart.o
 .rodata.File_049_ObjNum_053_144x183_6_19_26_DATA
                0x0800dbdc      0x301 ./Core/Src/commands-usart.o
 *fill*         0x0800dedd        0x3 
 .rodata.File_049_ObjNum_053_144x183_6_19_26
                0x0800dee0        0xc ./Core/Src/commands-usart.o
 .rodata.File_050_ObjNum_054_144x183_6_19_26_DATA
                0x0800deec      0x40f ./Core/Src/commands-usart.o
 *fill*         0x0800e2fb        0x1 
 .rodata.File_050_ObjNum_054_144x183_6_19_26
                0x0800e2fc        0xc ./Core/Src/commands-usart.o
 .rodata.File_051_ObjNum_055_144x183_6_19_26_DATA
                0x0800e308      0x255 ./Core/Src/commands-usart.o
 *fill*         0x0800e55d        0x3 
 .rodata.File_051_ObjNum_055_144x183_6_19_26
                0x0800e560        0xc ./Core/Src/commands-usart.o
 .rodata.File_052_ObjNum_057_144x30_6_19_26_DATA
                0x0800e56c       0x51 ./Core/Src/commands-usart.o
 *fill*         0x0800e5bd        0x3 
 .rodata.File_052_ObjNum_057_144x30_6_19_26
                0x0800e5c0        0xc ./Core/Src/commands-usart.o
 .rodata.File_053_ObjNum_077_48x30_6_19_26_DATA
                0x0800e5cc       0x39 ./Core/Src/commands-usart.o
 *fill*         0x0800e605        0x3 
 .rodata.File_053_ObjNum_077_48x30_6_19_26
                0x0800e608        0xc ./Core/Src/commands-usart.o
 .rodata.File_054_ObjNum_087_48x255_6_19_26_DATA
                0x0800e614       0x5f ./Core/Src/commands-usart.o
 *fill*         0x0800e673        0x1 
 .rodata.File_054_ObjNum_087_48x255_6_19_26
                0x0800e674        0xc ./Core/Src/commands-usart.o
 .rodata.File_055_ObjNum_090_480x320_6_18_26_DATA
                0x0800e680      0xaf7 ./Core/Src/commands-usart.o
 *fill*         0x0800f177        0x1 
 .rodata.File_055_ObjNum_090_480x320_6_18_26
                0x0800f178        0xc ./Core/Src/commands-usart.o
 .rodata.File_056_ObjNum_091_480x320_6_18_26_DATA
                0x0800f184      0xb65 ./Core/Src/commands-usart.o
 *fill*         0x0800fce9        0x3 
 .rodata.File_056_ObjNum_091_480x320_6_18_26
                0x0800fcec        0xc ./Core/Src/commands-usart.o
 .rodata.File_057_ObjNum_092_480x320_6_18_26_DATA
                0x0800fcf8      0xb1b ./Core/Src/commands-usart.o
 *fill*         0x08010813        0x1 
 .rodata.File_057_ObjNum_092_480x320_6_18_26
                0x08010814        0xc ./Core/Src/commands-usart.o
 .rodata.File_058_ObjNum_093_480x320_6_18_26_DATA
                0x08010820      0xa79 ./Core/Src/commands-usart.o
 *fill*         0x08011299        0x3 
 .rodata.File_058_ObjNum_093_480x320_6_18_26
                0x0801129c        0xc ./Core/Src/commands-usart.o
 .rodata.File_059_ObjNum_094_480x320_6_18_26_DATA
                0x080112a8      0xab9 ./Core/Src/commands-usart.o
 *fill*         0x08011d61        0x3 
 .rodata.File_059_ObjNum_094_480x320_6_18_26
                0x08011d64        0xc ./Core/Src/commands-usart.o
 .rodata.File_062_ObjNum_097_480x40_6_19_26_DATA
                0x08011d70       0x97 ./Core/Src/commands-usart.o
 *fill*         0x08011e07        0x1 
 .rodata.File_062_ObjNum_097_480x40_6_19_26
                0x08011e08        0xc ./Core/Src/commands-usart.o
 .rodata.File_063_ObjNum_098_176x33_6_19_26_DATA
                0x08011e14       0x37 ./Core/Src/commands-usart.o
 *fill*         0x08011e4b        0x1 
 .rodata.File_063_ObjNum_098_176x33_6_19_26
                0x08011e4c        0xc ./Core/Src/commands-usart.o
 .rodata.File_064_ObjNum_099_48x63_6_19_26_DATA
                0x08011e58       0x18 ./Core/Src/commands-usart.o
 .rodata.File_064_ObjNum_099_48x63_6_19_26
                0x08011e70        0xc ./Core/Src/commands-usart.o
 .rodata.File_065_ObjNum_104_16x30_6_19_26_DATA
                0x08011e7c       0x2a ./Core/Src/commands-usart.o
 *fill*         0x08011ea6        0x2 
 .rodata.File_065_ObjNum_104_16x30_6_19_26
                0x08011ea8        0xc ./Core/Src/commands-usart.o
 .rodata.File_066_ObjNum_109_96x80_6_19_26_DATA
                0x08011eb4      0x11d ./Core/Src/commands-usart.o
 *fill*         0x08011fd1        0x3 
 .rodata.File_066_ObjNum_109_96x80_6_19_26
                0x08011fd4        0xc ./Core/Src/commands-usart.o
 .rodata.File_067_ObjNum_114_64x103_6_19_26_DATA
                0x08011fe0      0x1e1 ./Core/Src/commands-usart.o
 *fill*         0x080121c1        0x3 
 .rodata.File_067_ObjNum_114_64x103_6_19_26
                0x080121c4        0xc ./Core/Src/commands-usart.o
 .rodata.File_068_ObjNum_119_64x103_6_19_26_DATA
                0x080121d0       0xdf ./Core/Src/commands-usart.o
 *fill*         0x080122af        0x1 
 .rodata.File_068_ObjNum_119_64x103_6_19_26
                0x080122b0        0xc ./Core/Src/commands-usart.o
 .rodata.File_069_ObjNum_124_64x103_6_19_26_DATA
                0x080122bc      0x1e1 ./Core/Src/commands-usart.o
 *fill*         0x0801249d        0x3 
 .rodata.File_069_ObjNum_124_64x103_6_19_26
                0x080124a0        0xc ./Core/Src/commands-usart.o
 .rodata.File_070_ObjNum_129_96x80_6_19_26_DATA
                0x080124ac      0x11d ./Core/Src/commands-usart.o
 *fill*         0x080125c9        0x3 
 .rodata.File_070_ObjNum_129_96x80_6_19_26
                0x080125cc        0xc ./Core/Src/commands-usart.o
 .rodata.File_071_ObjNum_134_176x188_6_19_26_DATA
                0x080125d8      0x103 ./Core/Src/commands-usart.o
 *fill*         0x080126db        0x1 
 .rodata.File_071_ObjNum_134_176x188_6_19_26
                0x080126dc        0xc ./Core/Src/commands-usart.o
 .rodata.File_072_ObjNum_135_480x320_6_18_26_DATA
                0x080126e8     0x3201 ./Core/Src/commands-usart.o
 *fill*         0x080158e9        0x3 
 .rodata.File_072_ObjNum_135_480x320_6_18_26
                0x080158ec        0xc ./Core/Src/commands-usart.o
 .rodata.File_073_ObjNum_136_480x320_6_18_26_DATA
                0x080158f8     0x3200 ./Core/Src/commands-usart.o
 .rodata.File_073_ObjNum_136_480x320_6_18_26
                0x08018af8        0xc ./Core/Src/commands-usart.o
 .rodata.File_074_ObjNum_138_48x143_6_19_26_DATA
                0x08018b04       0x35 ./Core/Src/commands-usart.o
 *fill*         0x08018b39        0x3 
 .rodata.File_074_ObjNum_138_48x143_6_19_26
                0x08018b3c        0xc ./Core/Src/commands-usart.o
 .rodata.File_075_ObjNum_140_368x40_6_19_26_DATA
                0x08018b48      0x1c5 ./Core/Src/commands-usart.o
 *fill*         0x08018d0d        0x3 
 .rodata.File_075_ObjNum_140_368x40_6_19_26
                0x08018d10        0xc ./Core/Src/commands-usart.o
 .rodata.File_076_ObjNum_143_368x40_6_19_26_DATA
                0x08018d1c      0x1c7 ./Core/Src/commands-usart.o
 *fill*         0x08018ee3        0x1 
 .rodata.File_076_ObjNum_143_368x40_6_19_26
                0x08018ee4        0xc ./Core/Src/commands-usart.o
 .rodata.File_077_ObjNum_147_480x320_6_18_26_DATA
                0x08018ef0      0x593 ./Core/Src/commands-usart.o
 *fill*         0x08019483        0x1 
 .rodata.File_077_ObjNum_147_480x320_6_18_26
                0x08019484        0xc ./Core/Src/commands-usart.o
 .rodata.File_078_ObjNum_148_480x320_6_18_26_DATA
                0x08019490      0x575 ./Core/Src/commands-usart.o
 *fill*         0x08019a05        0x3 
 .rodata.File_078_ObjNum_148_480x320_6_18_26
                0x08019a08        0xc ./Core/Src/commands-usart.o
 .rodata.File_079_ObjNum_149_480x320_6_17_26_DATA
                0x08019a14      0x7b3 ./Core/Src/commands-usart.o
 *fill*         0x0801a1c7        0x1 
 .rodata.File_079_ObjNum_149_480x320_6_17_26
                0x0801a1c8        0xc ./Core/Src/commands-usart.o
 .rodata.errorMsg
                0x0801a1d4       0x16 ./Core/Src/commands-usart.o
                0x0801a1d4                errorMsg
 *fill*         0x0801a1ea        0x2 
 .rodata.commands
                0x0801a1ec       0x30 ./Core/Src/commands-usart.o
                0x0801a1ec                commands
 .rodata.table  0x0801a21c      0x400 ./Core/Src/display-ili9488.o
                0x0801a21c                table
 .rodata.font_DATA0
                0x0801a61c       0xc8 ./Core/Src/main.o
 .rodata.font_DATA1
                0x0801a6e4       0xc8 ./Core/Src/main.o
 .rodata.font_DATA2
                0x0801a7ac       0xc8 ./Core/Src/main.o
 .rodata.font_DATA3
                0x0801a874       0xc8 ./Core/Src/main.o
 .rodata.font_DATA4
                0x0801a93c       0xc8 ./Core/Src/main.o
 .rodata.font_DATA5
                0x0801aa04       0xc8 ./Core/Src/main.o
 .rodata.font_DATA6
                0x0801aacc       0xc8 ./Core/Src/main.o
 .rodata.font_DATA7
                0x0801ab94       0xc8 ./Core/Src/main.o
 .rodata.font_DATA8
                0x0801ac5c       0xc8 ./Core/Src/main.o
 .rodata.font_DATA9
                0x0801ad24       0xc8 ./Core/Src/main.o
 .rodata.font_DATA10
                0x0801adec       0xc8 ./Core/Src/main.o
 .rodata.font_DATA11
                0x0801aeb4       0xc8 ./Core/Src/main.o
 .rodata.font_DATA12
                0x0801af7c       0xc8 ./Core/Src/main.o
 .rodata.font_DATA13
                0x0801b044       0xc8 ./Core/Src/main.o
 .rodata.font_DATA14
                0x0801b10c       0xc8 ./Core/Src/main.o
 .rodata.font_DATA15
                0x0801b1d4       0xc8 ./Core/Src/main.o
 .rodata.font_DATA16
                0x0801b29c       0xc8 ./Core/Src/main.o
 .rodata.font_DATA17
                0x0801b364       0xc8 ./Core/Src/main.o
 .rodata.font_DATA18
                0x0801b42c       0xc8 ./Core/Src/main.o
 .rodata.font_DATA19
                0x0801b4f4       0xc8 ./Core/Src/main.o
 .rodata.font_DATA20
                0x0801b5bc       0xc8 ./Core/Src/main.o
 .rodata.font_DATA21
                0x0801b684       0xc8 ./Core/Src/main.o
 .rodata.font_DATA22
                0x0801b74c       0xc8 ./Core/Src/main.o
 .rodata.font_DATA23
                0x0801b814       0xc8 ./Core/Src/main.o
 .rodata.font_DATA24
                0x0801b8dc       0xc8 ./Core/Src/main.o
 .rodata.font_DATA25
                0x0801b9a4       0xc8 ./Core/Src/main.o
 .rodata.font_DATA26
                0x0801ba6c       0xc8 ./Core/Src/main.o
 .rodata.font_DATA27
                0x0801bb34       0xc8 ./Core/Src/main.o
 .rodata.font_DATA28
                0x0801bbfc       0xc8 ./Core/Src/main.o
 .rodata.font_DATA29
                0x0801bcc4       0xc8 ./Core/Src/main.o
 .rodata.font_DATA30
                0x0801bd8c       0xc8 ./Core/Src/main.o
 .rodata.font_DATA31
                0x0801be54       0xc8 ./Core/Src/main.o
 .rodata.font_DATA32
                0x0801bf1c       0xc8 ./Core/Src/main.o
 .rodata.font_DATA33
                0x0801bfe4       0xc8 ./Core/Src/main.o
 .rodata.font_DATA34
                0x0801c0ac       0xc8 ./Core/Src/main.o
 .rodata.font_DATA35
                0x0801c174       0xc8 ./Core/Src/main.o
 .rodata.font_DATA36
                0x0801c23c       0xc8 ./Core/Src/main.o
 .rodata.font_DATA37
                0x0801c304       0xc8 ./Core/Src/main.o
 .rodata.font_DATA38
                0x0801c3cc       0xc8 ./Core/Src/main.o
 .rodata.font_DATA39
                0x0801c494       0xc8 ./Core/Src/main.o
 .rodata.font_DATA40
                0x0801c55c       0xc8 ./Core/Src/main.o
 .rodata.font_DATA41
                0x0801c624       0xc8 ./Core/Src/main.o
 .rodata.font_DATA42
                0x0801c6ec       0xc8 ./Core/Src/main.o
 .rodata.font_DATA43
                0x0801c7b4       0xc8 ./Core/Src/main.o
 .rodata.font_DATA44
                0x0801c87c       0xc8 ./Core/Src/main.o
 .rodata.font_DATA45
                0x0801c944       0xc8 ./Core/Src/main.o
 .rodata.font_DATA46
                0x0801ca0c       0xc8 ./Core/Src/main.o
 .rodata.font_DATA47
                0x0801cad4       0xc8 ./Core/Src/main.o
 .rodata.font_DATA48
                0x0801cb9c       0xc8 ./Core/Src/main.o
 .rodata.font_DATA49
                0x0801cc64       0xc8 ./Core/Src/main.o
 .rodata.font_DATA50
                0x0801cd2c       0xc8 ./Core/Src/main.o
 .rodata.font_DATA51
                0x0801cdf4       0xc8 ./Core/Src/main.o
 .rodata.font_DATA52
                0x0801cebc       0xc8 ./Core/Src/main.o
 .rodata.font_DATA53
                0x0801cf84       0xc8 ./Core/Src/main.o
 .rodata.font_DATA54
                0x0801d04c       0xc8 ./Core/Src/main.o
 .rodata.font_DATA55
                0x0801d114       0xc8 ./Core/Src/main.o
 .rodata.font_DATA56
                0x0801d1dc       0xc8 ./Core/Src/main.o
 .rodata.font_DATA57
                0x0801d2a4       0xc8 ./Core/Src/main.o
 .rodata.font_DATA58
                0x0801d36c       0xc8 ./Core/Src/main.o
 .rodata.font_DATA59
                0x0801d434       0xc8 ./Core/Src/main.o
 .rodata.font_DATA60
                0x0801d4fc       0xc8 ./Core/Src/main.o
 .rodata.font_DATA61
                0x0801d5c4       0xc8 ./Core/Src/main.o
 .rodata.font_DATA62
                0x0801d68c       0xc8 ./Core/Src/main.o
 .rodata.font_DATA63
                0x0801d754       0xc8 ./Core/Src/main.o
 .rodata.font_DATA64
                0x0801d81c       0xc8 ./Core/Src/main.o
 .rodata.font_DATA65
                0x0801d8e4       0xc8 ./Core/Src/main.o
 .rodata.font_DATA66
                0x0801d9ac       0xc8 ./Core/Src/main.o
 .rodata.font_DATA67
                0x0801da74       0xc8 ./Core/Src/main.o
 .rodata.font_DATA68
                0x0801db3c       0xc8 ./Core/Src/main.o
 .rodata.font_DATA69
                0x0801dc04       0xc8 ./Core/Src/main.o
 .rodata.font_DATA70
                0x0801dccc       0xc8 ./Core/Src/main.o
 .rodata.font_DATA71
                0x0801dd94       0xc8 ./Core/Src/main.o
 .rodata.font_DATA72
                0x0801de5c       0xc8 ./Core/Src/main.o
 .rodata.font_DATA73
                0x0801df24       0xc8 ./Core/Src/main.o
 .rodata.font_DATA74
                0x0801dfec       0xc8 ./Core/Src/main.o
 .rodata.font_DATA75
                0x0801e0b4       0xc8 ./Core/Src/main.o
 .rodata.font_DATA76
                0x0801e17c       0xc8 ./Core/Src/main.o
 .rodata.font_DATA77
                0x0801e244       0xc8 ./Core/Src/main.o
 .rodata.font_DATA78
                0x0801e30c       0xc8 ./Core/Src/main.o
 .rodata.font_DATA79
                0x0801e3d4       0xc8 ./Core/Src/main.o
 .rodata.font_DATA80
                0x0801e49c       0xc8 ./Core/Src/main.o
 .rodata.font_DATA81
                0x0801e564       0xc8 ./Core/Src/main.o
 .rodata.font_DATA82
                0x0801e62c       0xc8 ./Core/Src/main.o
 .rodata.font_DATA83
                0x0801e6f4       0xc8 ./Core/Src/main.o
 .rodata.font_DATA84
                0x0801e7bc       0xc8 ./Core/Src/main.o
 .rodata.font_DATA85
                0x0801e884       0xc8 ./Core/Src/main.o
 .rodata.font_DATA86
                0x0801e94c       0xc8 ./Core/Src/main.o
 .rodata.font_DATA87
                0x0801ea14       0xc8 ./Core/Src/main.o
 .rodata.font_DATA88
                0x0801eadc       0xc8 ./Core/Src/main.o
 .rodata.font_DATA89
                0x0801eba4       0xc8 ./Core/Src/main.o
 .rodata.font_DATA90
                0x0801ec6c       0xc8 ./Core/Src/main.o
 .rodata.font_DATA91
                0x0801ed34       0xc8 ./Core/Src/main.o
 .rodata.font_DATA92
                0x0801edfc       0xc8 ./Core/Src/main.o
 .rodata.font_DATA93
                0x0801eec4       0xc8 ./Core/Src/main.o
 .rodata.font_DATA94
                0x0801ef8c       0xc8 ./Core/Src/main.o
 .rodata.font_DATA95
                0x0801f054       0xc8 ./Core/Src/main.o
 .rodata.font   0x0801f11c      0x300 ./Core/Src/main.o
 .rodata.File_005_ObjNum_004_480x320_6_18_26_DATA
                0x0801f41c      0x4b5 ./Core/Src/main.o
 *fill*         0x0801f8d1        0x3 
 .rodata.File_005_ObjNum_004_480x320_6_18_26
                0x0801f8d4        0xc ./Core/Src/main.o
 .rodata.AHBPrescTable
                0x0801f8e0       0x10 ./Core/Src/system_stm32f0xx.o
                0x0801f8e0                AHBPrescTable
 .rodata.APBPrescTable
                0x0801f8f0        0x8 ./Core/Src/system_stm32f0xx.o
                0x0801f8f0                APBPrescTable
 .rodata.aPLLMULFactorTable.1
                0x0801f8f8       0x10 ./Drivers/STM32F0xx_HAL_Driver/Src/stm32f0xx_hal_rcc.o
 .rodata.aPredivFactorTable.0
                0x0801f908       0x10 ./Drivers/STM32F0xx_HAL_Driver/Src/stm32f0xx_hal_rcc.o
                0x0801f918                        . = ALIGN (0x4)

.ARM.extab      0x0801f918        0x0
                0x0801f918                        . = ALIGN (0x4)
 *(.ARM.extab* .gnu.linkonce.armextab.*)
                0x0801f918                        . = ALIGN (0x4)

.ARM            0x0801f918        0x0
                0x0801f918                        . = ALIGN (0x4)
                0x0801f918                        __exidx_start = .
 *(.ARM.exidx*)
                0x0801f918                        __exidx_end = .
                0x0801f918                        . = ALIGN (0x4)

.preinit_array  0x0801f918        0x0
                0x0801f918                        . = ALIGN (0x4)
                0x0801f918                        PROVIDE (__preinit_array_start = .)
 *(.preinit_array*)
                0x0801f918                        PROVIDE (__preinit_array_end = .)
                0x0801f918                        . = ALIGN (0x4)

.init_array     0x0801f918        0x4
                0x0801f918                        . = ALIGN (0x4)
                0x0801f918                        PROVIDE (__init_array_start = .)
 *(SORT_BY_NAME(.init_array.*))
 *(.init_array*)
 .init_array    0x0801f918        0x4 /opt/stm32cubeide/plugins/com.st.stm32cube.ide.mcu.externaltools.gnu-tools-for-stm32.14.3.rel1.linux64_1.0.100.202602081740/tools/bin/../lib/gcc/arm-none-eabi/14.3.1/thumb/v6-m/nofp/crtbegin.o
                0x0801f91c                        PROVIDE (__init_array_end = .)
                0x0801f91c                        . = ALIGN (0x4)

.fini_array     0x0801f91c        0x4
                0x0801f91c                        . = ALIGN (0x4)
                [!provide]                        PROVIDE (__fini_array_start = .)
 *(SORT_BY_NAME(.fini_array.*))
 *(.fini_array*)
 .fini_array    0x0801f91c        0x4 /opt/stm32cubeide/plugins/com.st.stm32cube.ide.mcu.externaltools.gnu-tools-for-stm32.14.3.rel1.linux64_1.0.100.202602081740/tools/bin/../lib/gcc/arm-none-eabi/14.3.1/thumb/v6-m/nofp/crtbegin.o
                [!provide]                        PROVIDE (__fini_array_end = .)
                0x0801f920                        . = ALIGN (0x4)
                0x0801f920                        _sidata = LOADADDR (.data)

.rel.dyn        0x0801f920        0x0
 .rel.iplt      0x0801f920        0x0 /opt/stm32cubeide/plugins/com.st.stm32cube.ide.mcu.externaltools.gnu-tools-for-stm32.14.3.rel1.linux64_1.0.100.202602081740/tools/bin/../lib/gcc/arm-none-eabi/14.3.1/thumb/v6-m/nofp/crtbegin.o

.data           0x20000000      0x230 load address 0x0801f920
                0x20000000                        . = ALIGN (0x4)
                0x20000000                        _sdata = .
 *(.data)
 *(.data*)
 .data.images   0x20000000      0x128 ./Core/Src/commands-usart.o
                0x20000000                images
 .data.imageNum
                0x20000128        0x1 ./Core/Src/commands-usart.o
 *fill*         0x20000129        0x3 
 .data.msg.0    0x2000012c       0x5e ./Core/Src/commands-usart.o
 *fill*         0x2000018a        0x2 
 .data.msg.2    0x2000018c       0x1f ./Core/Src/commands-usart.o
 *fill*         0x200001ab        0x1 
 .data.msg.1    0x200001ac       0x1d ./Core/Src/commands-usart.o
 *fill*         0x200001c9        0x3 
 .data.msg.4    0x200001cc       0x21 ./Core/Src/commands-usart.o
 *fill*         0x200001ed        0x3 
 .data.msg.3    0x200001f0       0x1f ./Core/Src/commands-usart.o
 *fill*         0x2000020f        0x1 
 .data.msg.5    0x20000210       0x11 ./Core/Src/commands-usart.o
 *fill*         0x20000221        0x3 
 .data.SystemCoreClock
                0x20000224        0x4 ./Core/Src/system_stm32f0xx.o
                0x20000224                SystemCoreClock
 .data.uwTickPrio
                0x20000228        0x4 ./Drivers/STM32F0xx_HAL_Driver/Src/stm32f0xx_hal.o
                0x20000228                uwTickPrio
 .data.uwTickFreq
                0x2000022c        0x1 ./Drivers/STM32F0xx_HAL_Driver/Src/stm32f0xx_hal.o
                0x2000022c                uwTickFreq
 *(.RamFunc)
 *(.RamFunc*)
                0x20000230                        . = ALIGN (0x4)
 *fill*         0x2000022d        0x3 
                0x20000230                        _edata = .

.igot.plt       0x20000230        0x0 load address 0x0801fb50
 .igot.plt      0x20000230        0x0 /opt/stm32cubeide/plugins/com.st.stm32cube.ide.mcu.externaltools.gnu-tools-for-stm32.14.3.rel1.linux64_1.0.100.202602081740/tools/bin/../lib/gcc/arm-none-eabi/14.3.1/thumb/v6-m/nofp/crtbegin.o
                0x20000230                        . = ALIGN (0x4)

.bss            0x20000230     0x7030 load address 0x0801fb50
                0x20000230                        _sbss = .
                0x20000230                        __bss_start__ = _sbss
 *(.bss)
 .bss           0x20000230       0x1c /opt/stm32cubeide/plugins/com.st.stm32cube.ide.mcu.externaltools.gnu-tools-for-stm32.14.3.rel1.linux64_1.0.100.202602081740/tools/bin/../lib/gcc/arm-none-eabi/14.3.1/thumb/v6-m/nofp/crtbegin.o
 *(.bss*)
 .bss.queuedMessages
                0x2000024c        0x1 ./Core/Src/commands-can.o
 *fill*         0x2000024d        0x3 
 .bss.queue     0x20000250      0x240 ./Core/Src/commands-can.o
 .bss.spi       0x20000490        0x4 ./Core/Src/commands-usart.o
 .bss.isOr      0x20000494        0x1 ./Core/Src/commands-usart.o
 *fill*         0x20000495        0x3 
 .bss.commandBuffer
                0x20000498       0xff ./Core/Src/commands-usart.o
                0x20000498                commandBuffer
 *fill*         0x20000597        0x1 
 .bss.state     0x20000598     0x6b28 ./Core/Src/display-ili9488.o
 .bss.hcan      0x200070c0       0x28 ./Core/Src/main.o
                0x200070c0                hcan
 .bss.hspi1     0x200070e8       0x64 ./Core/Src/main.o
                0x200070e8                hspi1
 .bss.hdma_spi1_tx
                0x2000714c       0x44 ./Core/Src/main.o
                0x2000714c                hdma_spi1_tx
 .bss.huart2    0x20007190       0x88 ./Core/Src/main.o
                0x20007190                huart2
 .bss.hdma_usart2_rx
                0x20007218       0x44 ./Core/Src/main.o
                0x20007218                hdma_usart2_rx
 .bss.uwTick    0x2000725c        0x4 ./Drivers/STM32F0xx_HAL_Driver/Src/stm32f0xx_hal.o
                0x2000725c                uwTick
 *(COMMON)
                0x20007260                        . = ALIGN (0x4)
                0x20007260                        _ebss = .
                0x20007260                        __bss_end__ = _ebss

._user_heap_stack
                0x20007260      0x600 load address 0x0801fb50
                0x20007260                        . = ALIGN (0x8)
                [!provide]                        PROVIDE (end = .)
                0x20007260                        PROVIDE (_end = .)
                0x20007460                        . = (. + _Min_Heap_Size)
 *fill*         0x20007260      0x200 
                0x20007860                        . = (. + _Min_Stack_Size)
 *fill*         0x20007460      0x400 
                0x20007860                        . = ALIGN (0x8)

/DISCARD/
 libc.a(*)
 libm.a(*)
 libgcc.a(*)

.ARM.attributes
                0x00000000       0x28
 *(.ARM.attributes)
 .ARM.attributes
                0x00000000       0x1e /opt/stm32cubeide/plugins/com.st.stm32cube.ide.mcu.externaltools.gnu-tools-for-stm32.14.3.rel1.linux64_1.0.100.202602081740/tools/bin/../lib/gcc/arm-none-eabi/14.3.1/thumb/v6-m/nofp/crti.o
 .ARM.attributes
                0x0000001e       0x2c /opt/stm32cubeide/plugins/com.st.stm32cube.ide.mcu.externaltools.gnu-tools-for-stm32.14.3.rel1.linux64_1.0.100.202602081740/tools/bin/../lib/gcc/arm-none-eabi/14.3.1/thumb/v6-m/nofp/crtbegin.o
 .ARM.attributes
                0x0000004a       0x2c ./Core/Src/commands-can.o
 .ARM.attributes
                0x00000076       0x2c ./Core/Src/commands-usart.o
 .ARM.attributes
                0x000000a2       0x2c ./Core/Src/display-ili9488.o
 .ARM.attributes
                0x000000ce       0x2c ./Core/Src/main.o
 .ARM.attributes
                0x000000fa       0x2c ./Core/Src/stm32f0xx_hal_msp.o
 .ARM.attributes
                0x00000126       0x2c ./Core/Src/stm32f0xx_it.o
 .ARM.attributes
                0x00000152       0x2c ./Core/Src/system_stm32f0xx.o
 .ARM.attributes
                0x0000017e       0x21 ./Core/Startup/startup_stm32f091rctx.o
 .ARM.attributes
                0x0000019f       0x2c ./Drivers/STM32F0xx_HAL_Driver/Src/stm32f0xx_hal.o
 .ARM.attributes
                0x000001cb       0x2c ./Drivers/STM32F0xx_HAL_Driver/Src/stm32f0xx_hal_can.o
 .ARM.attributes
                0x000001f7       0x2c ./Drivers/STM32F0xx_HAL_Driver/Src/stm32f0xx_hal_cortex.o
 .ARM.attributes
                0x00000223       0x2c ./Drivers/STM32F0xx_HAL_Driver/Src/stm32f0xx_hal_dma.o
 .ARM.attributes
                0x0000024f       0x2c ./Drivers/STM32F0xx_HAL_Driver/Src/stm32f0xx_hal_gpio.o
 .ARM.attributes
                0x0000027b       0x2c ./Drivers/STM32F0xx_HAL_Driver/Src/stm32f0xx_hal_rcc.o
 .ARM.attributes
                0x000002a7       0x2c ./Drivers/STM32F0xx_HAL_Driver/Src/stm32f0xx_hal_rcc_ex.o
 .ARM.attributes
                0x000002d3       0x2c ./Drivers/STM32F0xx_HAL_Driver/Src/stm32f0xx_hal_spi.o
 .ARM.attributes
                0x000002ff       0x2c ./Drivers/STM32F0xx_HAL_Driver/Src/stm32f0xx_hal_uart.o
 .ARM.attributes
                0x0000032b       0x2c ./Drivers/STM32F0xx_HAL_Driver/Src/stm32f0xx_hal_uart_ex.o
 .ARM.attributes
                0x00000357       0x2c /opt/stm32cubeide/plugins/com.st.stm32cube.ide.mcu.externaltools.gnu-tools-for-stm32.14.3.rel1.linux64_1.0.100.202602081740/tools/bin/../lib/gcc/arm-none-eabi/14.3.1/../../../../arm-none-eabi/lib/thumb/v6-m/nofp/libc_nano.a(libc_a-memset.o)
 .ARM.attributes
                0x00000383       0x2c /opt/stm32cubeide/plugins/com.st.stm32cube.ide.mcu.externaltools.gnu-tools-for-stm32.14.3.rel1.linux64_1.0.100.202602081740/tools/bin/../lib/gcc/arm-none-eabi/14.3.1/../../../../arm-none-eabi/lib/thumb/v6-m/nofp/libc_nano.a(libc_a-init.o)
 .ARM.attributes
                0x000003af       0x1e /opt/stm32cubeide/plugins/com.st.stm32cube.ide.mcu.externaltools.gnu-tools-for-stm32.14.3.rel1.linux64_1.0.100.202602081740/tools/bin/../lib/gcc/arm-none-eabi/14.3.1/thumb/v6-m/nofp/libgcc.a(_udivsi3.o)
 .ARM.attributes
                0x000003cd       0x1e /opt/stm32cubeide/plugins/com.st.stm32cube.ide.mcu.externaltools.gnu-tools-for-stm32.14.3.rel1.linux64_1.0.100.202602081740/tools/bin/../lib/gcc/arm-none-eabi/14.3.1/thumb/v6-m/nofp/libgcc.a(_divsi3.o)
 .ARM.attributes
                0x000003eb       0x1e /opt/stm32cubeide/plugins/com.st.stm32cube.ide.mcu.externaltools.gnu-tools-for-stm32.14.3.rel1.linux64_1.0.100.202602081740/tools/bin/../lib/gcc/arm-none-eabi/14.3.1/thumb/v6-m/nofp/libgcc.a(_dvmd_tls.o)
 .ARM.attributes
                0x00000409       0x1e /opt/stm32cubeide/plugins/com.st.stm32cube.ide.mcu.externaltools.gnu-tools-for-stm32.14.3.rel1.linux64_1.0.100.202602081740/tools/bin/../lib/gcc/arm-none-eabi/14.3.1/thumb/v6-m/nofp/crtn.o
OUTPUT(Display-ST7796.elf elf32-littlearm)
LOAD linker stubs
LOAD /opt/stm32cubeide/plugins/com.st.stm32cube.ide.mcu.externaltools.gnu-tools-for-stm32.14.3.rel1.linux64_1.0.100.202602081740/tools/bin/../lib/gcc/arm-none-eabi/14.3.1/../../../../arm-none-eabi/lib/thumb/v6-m/nofp/libc.a
LOAD /opt/stm32cubeide/plugins/com.st.stm32cube.ide.mcu.externaltools.gnu-tools-for-stm32.14.3.rel1.linux64_1.0.100.202602081740/tools/bin/../lib/gcc/arm-none-eabi/14.3.1/../../../../arm-none-eabi/lib/thumb/v6-m/nofp/libm.a
LOAD /opt/stm32cubeide/plugins/com.st.stm32cube.ide.mcu.externaltools.gnu-tools-for-stm32.14.3.rel1.linux64_1.0.100.202602081740/tools/bin/../lib/gcc/arm-none-eabi/14.3.1/thumb/v6-m/nofp/libgcc.a

.debug_info     0x00000000    0x1064f
 .debug_info    0x00000000      0x621 ./Core/Src/commands-can.o
 .debug_info    0x00000621     0x1e5e ./Core/Src/commands-usart.o
 .debug_info    0x0000247f      0xf74 ./Core/Src/display-ili9488.o
 .debug_info    0x000033f3     0x1dce ./Core/Src/main.o
 .debug_info    0x000051c1     0x1218 ./Core/Src/stm32f0xx_hal_msp.o
 .debug_info    0x000063d9      0xaed ./Core/Src/stm32f0xx_it.o
 .debug_info    0x00006ec6      0x242 ./Core/Src/system_stm32f0xx.o
 .debug_info    0x00007108       0x30 ./Core/Startup/startup_stm32f091rctx.o
 .debug_info    0x00007138      0x6c3 ./Drivers/STM32F0xx_HAL_Driver/Src/stm32f0xx_hal.o
 .debug_info    0x000077fb      0xeb5 ./Drivers/STM32F0xx_HAL_Driver/Src/stm32f0xx_hal_can.o
 .debug_info    0x000086b0      0x6bf ./Drivers/STM32F0xx_HAL_Driver/Src/stm32f0xx_hal_cortex.o
 .debug_info    0x00008d6f      0x712 ./Drivers/STM32F0xx_HAL_Driver/Src/stm32f0xx_hal_dma.o
 .debug_info    0x00009481      0x5e6 ./Drivers/STM32F0xx_HAL_Driver/Src/stm32f0xx_hal_gpio.o
 .debug_info    0x00009a67      0x83f ./Drivers/STM32F0xx_HAL_Driver/Src/stm32f0xx_hal_rcc.o
 .debug_info    0x0000a2a6      0x5e7 ./Drivers/STM32F0xx_HAL_Driver/Src/stm32f0xx_hal_rcc_ex.o
 .debug_info    0x0000a88d     0x1640 ./Drivers/STM32F0xx_HAL_Driver/Src/stm32f0xx_hal_spi.o
 .debug_info    0x0000becd     0x3acc ./Drivers/STM32F0xx_HAL_Driver/Src/stm32f0xx_hal_uart.o
 .debug_info    0x0000f999      0xcb6 ./Drivers/STM32F0xx_HAL_Driver/Src/stm32f0xx_hal_uart_ex.o

.debug_abbrev   0x00000000     0x2660
 .debug_abbrev  0x00000000      0x189 ./Core/Src/commands-can.o
 .debug_abbrev  0x00000189      0x29b ./Core/Src/commands-usart.o
 .debug_abbrev  0x00000424      0x31c ./Core/Src/display-ili9488.o
 .debug_abbrev  0x00000740      0x2de ./Core/Src/main.o
 .debug_abbrev  0x00000a1e      0x27c ./Core/Src/stm32f0xx_hal_msp.o
 .debug_abbrev  0x00000c9a      0x1cc ./Core/Src/stm32f0xx_it.o
 .debug_abbrev  0x00000e66      0x11c ./Core/Src/system_stm32f0xx.o
 .debug_abbrev  0x00000f82       0x24 ./Core/Startup/startup_stm32f091rctx.o
 .debug_abbrev  0x00000fa6      0x213 ./Drivers/STM32F0xx_HAL_Driver/Src/stm32f0xx_hal.o
 .debug_abbrev  0x000011b9      0x1c3 ./Drivers/STM32F0xx_HAL_Driver/Src/stm32f0xx_hal_can.o
 .debug_abbrev  0x0000137c      0x28c ./Drivers/STM32F0xx_HAL_Driver/Src/stm32f0xx_hal_cortex.o
 .debug_abbrev  0x00001608      0x236 ./Drivers/STM32F0xx_HAL_Driver/Src/stm32f0xx_hal_dma.o
 .debug_abbrev  0x0000183e      0x1da ./Drivers/STM32F0xx_HAL_Driver/Src/stm32f0xx_hal_gpio.o
 .debug_abbrev  0x00001a18      0x28c ./Drivers/STM32F0xx_HAL_Driver/Src/stm32f0xx_hal_rcc.o
 .debug_abbrev  0x00001ca4      0x1a7 ./Drivers/STM32F0xx_HAL_Driver/Src/stm32f0xx_hal_rcc_ex.o
 .debug_abbrev  0x00001e4b      0x27b ./Drivers/STM32F0xx_HAL_Driver/Src/stm32f0xx_hal_spi.o
 .debug_abbrev  0x000020c6      0x2df ./Drivers/STM32F0xx_HAL_Driver/Src/stm32f0xx_hal_uart.o
 .debug_abbrev  0x000023a5      0x2bb ./Drivers/STM32F0xx_HAL_Driver/Src/stm32f0xx_hal_uart_ex.o

.debug_aranges  0x00000000      0xb70
 .debug_aranges
                0x00000000       0x30 ./Core/Src/commands-can.o
 .debug_aranges
                0x00000030       0x58 ./Core/Src/commands-usart.o
 .debug_aranges
                0x00000088       0x80 ./Core/Src/display-ili9488.o
 .debug_aranges
                0x00000108       0x58 ./Core/Src/main.o
 .debug_aranges
                0x00000160       0x50 ./Core/Src/stm32f0xx_hal_msp.o
 .debug_aranges
                0x000001b0       0x60 ./Core/Src/stm32f0xx_it.o
 .debug_aranges
                0x00000210       0x28 ./Core/Src/system_stm32f0xx.o
 .debug_aranges
                0x00000238       0x28 ./Core/Startup/startup_stm32f091rctx.o
 .debug_aranges
                0x00000260       0xd0 ./Drivers/STM32F0xx_HAL_Driver/Src/stm32f0xx_hal.o
 .debug_aranges
                0x00000330      0x138 ./Drivers/STM32F0xx_HAL_Driver/Src/stm32f0xx_hal_can.o
 .debug_aranges
                0x00000468       0xc0 ./Drivers/STM32F0xx_HAL_Driver/Src/stm32f0xx_hal_cortex.o
 .debug_aranges
                0x00000528       0x88 ./Drivers/STM32F0xx_HAL_Driver/Src/stm32f0xx_hal_dma.o
 .debug_aranges
                0x000005b0       0x58 ./Drivers/STM32F0xx_HAL_Driver/Src/stm32f0xx_hal_gpio.o
 .debug_aranges
                0x00000608       0x80 ./Drivers/STM32F0xx_HAL_Driver/Src/stm32f0xx_hal_rcc.o
 .debug_aranges
                0x00000688       0x78 ./Drivers/STM32F0xx_HAL_Driver/Src/stm32f0xx_hal_rcc_ex.o
 .debug_aranges
                0x00000700      0x1d8 ./Drivers/STM32F0xx_HAL_Driver/Src/stm32f0xx_hal_spi.o
 .debug_aranges
                0x000008d8      0x228 ./Drivers/STM32F0xx_HAL_Driver/Src/stm32f0xx_hal_uart.o
 .debug_aranges
                0x00000b00       0x70 ./Drivers/STM32F0xx_HAL_Driver/Src/stm32f0xx_hal_uart_ex.o

.debug_rnglists
                0x00000000      0x8df
 .debug_rnglists
                0x00000000       0x1f ./Core/Src/commands-can.o
 .debug_rnglists
                0x0000001f       0x3f ./Core/Src/commands-usart.o
 .debug_rnglists
                0x0000005e       0x72 ./Core/Src/display-ili9488.o
 .debug_rnglists
                0x000000d0       0x40 ./Core/Src/main.o
 .debug_rnglists
                0x00000110       0x3a ./Core/Src/stm32f0xx_hal_msp.o
 .debug_rnglists
                0x0000014a       0x43 ./Core/Src/stm32f0xx_it.o
 .debug_rnglists
                0x0000018d       0x1a ./Core/Src/system_stm32f0xx.o
 .debug_rnglists
                0x000001a7       0x19 ./Core/Startup/startup_stm32f091rctx.o
 .debug_rnglists
                0x000001c0       0x97 ./Drivers/STM32F0xx_HAL_Driver/Src/stm32f0xx_hal.o
 .debug_rnglists
                0x00000257       0xee ./Drivers/STM32F0xx_HAL_Driver/Src/stm32f0xx_hal_can.o
 .debug_rnglists
                0x00000345       0x8c ./Drivers/STM32F0xx_HAL_Driver/Src/stm32f0xx_hal_cortex.o
 .debug_rnglists
                0x000003d1       0x6a ./Drivers/STM32F0xx_HAL_Driver/Src/stm32f0xx_hal_dma.o
 .debug_rnglists
                0x0000043b       0x3f ./Drivers/STM32F0xx_HAL_Driver/Src/stm32f0xx_hal_gpio.o
 .debug_rnglists
                0x0000047a       0x61 ./Drivers/STM32F0xx_HAL_Driver/Src/stm32f0xx_hal_rcc.o
 .debug_rnglists
                0x000004db       0x5b ./Drivers/STM32F0xx_HAL_Driver/Src/stm32f0xx_hal_rcc_ex.o
 .debug_rnglists
                0x00000536      0x17a ./Drivers/STM32F0xx_HAL_Driver/Src/stm32f0xx_hal_spi.o
 .debug_rnglists
                0x000006b0      0x1db ./Drivers/STM32F0xx_HAL_Driver/Src/stm32f0xx_hal_uart.o
 .debug_rnglists
                0x0000088b       0x54 ./Drivers/STM32F0xx_HAL_Driver/Src/stm32f0xx_hal_uart_ex.o

.debug_macro    0x00000000    0x1b3e5
 .debug_macro   0x00000000      0x1ea ./Core/Src/commands-can.o
 .debug_macro   0x000001ea      0xaae ./Core/Src/commands-can.o
 .debug_macro   0x00000c98      0x139 ./Core/Src/commands-can.o
 .debug_macro   0x00000dd1       0x2e ./Core/Src/commands-can.o
 .debug_macro   0x00000dff       0x22 ./Core/Src/commands-can.o
 .debug_macro   0x00000e21       0x22 ./Core/Src/commands-can.o
 .debug_macro   0x00000e43       0x8e ./Core/Src/commands-can.o
 .debug_macro   0x00000ed1       0x51 ./Core/Src/commands-can.o
 .debug_macro   0x00000f22      0x103 ./Core/Src/commands-can.o
 .debug_macro   0x00001025       0x6a ./Core/Src/commands-can.o
 .debug_macro   0x0000108f      0x1df ./Core/Src/commands-can.o
 .debug_macro   0x0000126e       0x1c ./Core/Src/commands-can.o
 .debug_macro   0x0000128a       0x22 ./Core/Src/commands-can.o
 .debug_macro   0x000012ac       0xaf ./Core/Src/commands-can.o
 .debug_macro   0x0000135b      0x391 ./Core/Src/commands-can.o
 .debug_macro   0x000016ec    0x10e6b ./Core/Src/commands-can.o
 .debug_macro   0x00012557       0x66 ./Core/Src/commands-can.o
 .debug_macro   0x000125bd     0x34da ./Core/Src/commands-can.o
 .debug_macro   0x00015a97      0x190 ./Core/Src/commands-can.o
 .debug_macro   0x00015c27       0x55 ./Core/Src/commands-can.o
 .debug_macro   0x00015c7c      0x946 ./Core/Src/commands-can.o
 .debug_macro   0x000165c2      0x69b ./Core/Src/commands-can.o
 .debug_macro   0x00016c5d      0x1ae ./Core/Src/commands-can.o
 .debug_macro   0x00016e0b      0x202 ./Core/Src/commands-can.o
 .debug_macro   0x0001700d      0x1a7 ./Core/Src/commands-can.o
 .debug_macro   0x000171b4      0x1bc ./Core/Src/commands-can.o
 .debug_macro   0x00017370      0x4cf ./Core/Src/commands-can.o
 .debug_macro   0x0001783f       0x3c ./Core/Src/commands-can.o
 .debug_macro   0x0001787b       0x28 ./Core/Src/commands-can.o
 .debug_macro   0x000178a3      0x408 ./Core/Src/commands-can.o
 .debug_macro   0x00017cab       0xb0 ./Core/Src/commands-can.o
 .debug_macro   0x00017d5b      0x23f ./Core/Src/commands-can.o
 .debug_macro   0x00017f9a      0x22c ./Core/Src/commands-can.o
 .debug_macro   0x000181c6       0x61 ./Core/Src/commands-can.o
 .debug_macro   0x00018227       0xa5 ./Core/Src/commands-can.o
 .debug_macro   0x000182cc       0x4c ./Core/Src/commands-can.o
 .debug_macro   0x00018318      0x16d ./Core/Src/commands-can.o
 .debug_macro   0x00018485      0x2fe ./Core/Src/commands-can.o
 .debug_macro   0x00018783      0x5ba ./Core/Src/commands-can.o
 .debug_macro   0x00018d3d       0x44 ./Core/Src/commands-can.o
 .debug_macro   0x00018d81      0x435 ./Core/Src/commands-can.o
 .debug_macro   0x000191b6       0x70 ./Core/Src/commands-can.o
 .debug_macro   0x00019226      0x4f4 ./Core/Src/commands-usart.o
 .debug_macro   0x0001971a       0x22 ./Core/Src/commands-usart.o
 .debug_macro   0x0001973c       0x34 ./Core/Src/commands-usart.o
 .debug_macro   0x00019770      0x20e ./Core/Src/display-ili9488.o
 .debug_macro   0x0001997e      0x237 ./Core/Src/main.o
 .debug_macro   0x00019bb5       0x1c ./Core/Src/main.o
 .debug_macro   0x00019bd1      0x1dc ./Core/Src/stm32f0xx_hal_msp.o
 .debug_macro   0x00019dad      0x1e6 ./Core/Src/stm32f0xx_it.o
 .debug_macro   0x00019f93      0x1cd ./Core/Src/system_stm32f0xx.o
 .debug_macro   0x0001a160      0x1f1 ./Drivers/STM32F0xx_HAL_Driver/Src/stm32f0xx_hal.o
 .debug_macro   0x0001a351      0x1dc ./Drivers/STM32F0xx_HAL_Driver/Src/stm32f0xx_hal_can.o
 .debug_macro   0x0001a52d      0x1cd ./Drivers/STM32F0xx_HAL_Driver/Src/stm32f0xx_hal_cortex.o
 .debug_macro   0x0001a6fa      0x1cd ./Drivers/STM32F0xx_HAL_Driver/Src/stm32f0xx_hal_dma.o
 .debug_macro   0x0001a8c7      0x1d4 ./Drivers/STM32F0xx_HAL_Driver/Src/stm32f0xx_hal_gpio.o
 .debug_macro   0x0001aa9b      0x1df ./Drivers/STM32F0xx_HAL_Driver/Src/stm32f0xx_hal_rcc.o
 .debug_macro   0x0001ac7a      0x1df ./Drivers/STM32F0xx_HAL_Driver/Src/stm32f0xx_hal_rcc_ex.o
 .debug_macro   0x0001ae59      0x1d5 ./Drivers/STM32F0xx_HAL_Driver/Src/stm32f0xx_hal_spi.o
 .debug_macro   0x0001b02e      0x1ea ./Drivers/STM32F0xx_HAL_Driver/Src/stm32f0xx_hal_uart.o
 .debug_macro   0x0001b218      0x1cd ./Drivers/STM32F0xx_HAL_Driver/Src/stm32f0xx_hal_uart_ex.o

.debug_line     0x00000000     0xf4c7
 .debug_line    0x00000000      0x6e1 ./Core/Src/commands-can.o
 .debug_line    0x000006e1     0x13c4 ./Core/Src/commands-usart.o
 .debug_line    0x00001aa5      0xdf1 ./Core/Src/display-ili9488.o
 .debug_line    0x00002896      0x942 ./Core/Src/main.o
 .debug_line    0x000031d8      0x7dc ./Core/Src/stm32f0xx_hal_msp.o
 .debug_line    0x000039b4      0x75b ./Core/Src/stm32f0xx_it.o
 .debug_line    0x0000410f      0x726 ./Core/Src/system_stm32f0xx.o
 .debug_line    0x00004835       0x7b ./Core/Startup/startup_stm32f091rctx.o
 .debug_line    0x000048b0      0x920 ./Drivers/STM32F0xx_HAL_Driver/Src/stm32f0xx_hal.o
 .debug_line    0x000051d0     0x112a ./Drivers/STM32F0xx_HAL_Driver/Src/stm32f0xx_hal_can.o
 .debug_line    0x000062fa      0x9c5 ./Drivers/STM32F0xx_HAL_Driver/Src/stm32f0xx_hal_cortex.o
 .debug_line    0x00006cbf      0xc42 ./Drivers/STM32F0xx_HAL_Driver/Src/stm32f0xx_hal_dma.o
 .debug_line    0x00007901      0xa97 ./Drivers/STM32F0xx_HAL_Driver/Src/stm32f0xx_hal_gpio.o
 .debug_line    0x00008398      0xe62 ./Drivers/STM32F0xx_HAL_Driver/Src/stm32f0xx_hal_rcc.o
 .debug_line    0x000091fa      0xbb2 ./Drivers/STM32F0xx_HAL_Driver/Src/stm32f0xx_hal_rcc_ex.o
 .debug_line    0x00009dac     0x1f3c ./Drivers/STM32F0xx_HAL_Driver/Src/stm32f0xx_hal_spi.o
 .debug_line    0x0000bce8     0x2cf4 ./Drivers/STM32F0xx_HAL_Driver/Src/stm32f0xx_hal_uart.o
 .debug_line    0x0000e9dc      0xaeb ./Drivers/STM32F0xx_HAL_Driver/Src/stm32f0xx_hal_uart_ex.o

.debug_str      0x00000000    0xa4421
 .debug_str     0x00000000    0xa4421 ./Core/Src/commands-can.o
                              0x9edc8 (size before relaxing)
 .debug_str     0x000a4421    0xa1416 ./Core/Src/commands-usart.o
 .debug_str     0x000a4421    0x9f305 ./Core/Src/display-ili9488.o
 .debug_str     0x000a4421    0xa00a2 ./Core/Src/main.o
 .debug_str     0x000a4421    0x9f62a ./Core/Src/stm32f0xx_hal_msp.o
 .debug_str     0x000a4421    0x9f1a7 ./Core/Src/stm32f0xx_it.o
 .debug_str     0x000a4421    0x9e90b ./Core/Src/system_stm32f0xx.o
 .debug_str     0x000a4421       0x8c ./Core/Startup/startup_stm32f091rctx.o
 .debug_str     0x000a4421    0x9eefb ./Drivers/STM32F0xx_HAL_Driver/Src/stm32f0xx_hal.o
 .debug_str     0x000a4421    0x9f0e4 ./Drivers/STM32F0xx_HAL_Driver/Src/stm32f0xx_hal_can.o
 .debug_str     0x000a4421    0x9ecec ./Drivers/STM32F0xx_HAL_Driver/Src/stm32f0xx_hal_cortex.o
 .debug_str     0x000a4421    0x9ecc1 ./Drivers/STM32F0xx_HAL_Driver/Src/stm32f0xx_hal_dma.o
 .debug_str     0x000a4421    0x9eac1 ./Drivers/STM32F0xx_HAL_Driver/Src/stm32f0xx_hal_gpio.o
 .debug_str     0x000a4421    0x9ed52 ./Drivers/STM32F0xx_HAL_Driver/Src/stm32f0xx_hal_rcc.o
 .debug_str     0x000a4421    0x9ecee ./Drivers/STM32F0xx_HAL_Driver/Src/stm32f0xx_hal_rcc_ex.o
 .debug_str     0x000a4421    0x9f28b ./Drivers/STM32F0xx_HAL_Driver/Src/stm32f0xx_hal_spi.o
 .debug_str     0x000a4421    0x9f67f ./Drivers/STM32F0xx_HAL_Driver/Src/stm32f0xx_hal_uart.o
 .debug_str     0x000a4421    0x9efb0 ./Drivers/STM32F0xx_HAL_Driver/Src/stm32f0xx_hal_uart_ex.o

.comment        0x00000000       0x43
 .comment       0x00000000       0x43 ./Core/Src/commands-can.o
                                 0x44 (size before relaxing)
 .comment       0x00000043       0x44 ./Core/Src/commands-usart.o
 .comment       0x00000043       0x44 ./Core/Src/display-ili9488.o
 .comment       0x00000043       0x44 ./Core/Src/main.o
 .comment       0x00000043       0x44 ./Core/Src/stm32f0xx_hal_msp.o
 .comment       0x00000043       0x44 ./Core/Src/stm32f0xx_it.o
 .comment       0x00000043       0x44 ./Core/Src/system_stm32f0xx.o
 .comment       0x00000043       0x44 ./Drivers/STM32F0xx_HAL_Driver/Src/stm32f0xx_hal.o
 .comment       0x00000043       0x44 ./Drivers/STM32F0xx_HAL_Driver/Src/stm32f0xx_hal_can.o
 .comment       0x00000043       0x44 ./Drivers/STM32F0xx_HAL_Driver/Src/stm32f0xx_hal_cortex.o
 .comment       0x00000043       0x44 ./Drivers/STM32F0xx_HAL_Driver/Src/stm32f0xx_hal_dma.o
 .comment       0x00000043       0x44 ./Drivers/STM32F0xx_HAL_Driver/Src/stm32f0xx_hal_gpio.o
 .comment       0x00000043       0x44 ./Drivers/STM32F0xx_HAL_Driver/Src/stm32f0xx_hal_rcc.o
 .comment       0x00000043       0x44 ./Drivers/STM32F0xx_HAL_Driver/Src/stm32f0xx_hal_rcc_ex.o
 .comment       0x00000043       0x44 ./Drivers/STM32F0xx_HAL_Driver/Src/stm32f0xx_hal_spi.o
 .comment       0x00000043       0x44 ./Drivers/STM32F0xx_HAL_Driver/Src/stm32f0xx_hal_uart.o
 .comment       0x00000043       0x44 ./Drivers/STM32F0xx_HAL_Driver/Src/stm32f0xx_hal_uart_ex.o

.debug_frame    0x00000000     0x27a4
 .debug_frame   0x00000000       0x6c ./Core/Src/commands-can.o
 .debug_frame   0x0000006c      0x110 ./Core/Src/commands-usart.o
 .debug_frame   0x0000017c      0x1b4 ./Core/Src/display-ili9488.o
 .debug_frame   0x00000330      0x100 ./Core/Src/main.o
 .debug_frame   0x00000430       0xf0 ./Core/Src/stm32f0xx_hal_msp.o
 .debug_frame   0x00000520      0x10c ./Core/Src/stm32f0xx_it.o
 .debug_frame   0x0000062c       0x4c ./Core/Src/system_stm32f0xx.o
 .debug_frame   0x00000678      0x2a4 ./Drivers/STM32F0xx_HAL_Driver/Src/stm32f0xx_hal.o
 .debug_frame   0x0000091c      0x490 ./Drivers/STM32F0xx_HAL_Driver/Src/stm32f0xx_hal_can.o
 .debug_frame   0x00000dac      0x2a0 ./Drivers/STM32F0xx_HAL_Driver/Src/stm32f0xx_hal_cortex.o
 .debug_frame   0x0000104c      0x1d0 ./Drivers/STM32F0xx_HAL_Driver/Src/stm32f0xx_hal_dma.o
 .debug_frame   0x0000121c      0x110 ./Drivers/STM32F0xx_HAL_Driver/Src/stm32f0xx_hal_gpio.o
 .debug_frame   0x0000132c      0x198 ./Drivers/STM32F0xx_HAL_Driver/Src/stm32f0xx_hal_rcc.o
 .debug_frame   0x000014c4      0x180 ./Drivers/STM32F0xx_HAL_Driver/Src/stm32f0xx_hal_rcc_ex.o
 .debug_frame   0x00001644      0x710 ./Drivers/STM32F0xx_HAL_Driver/Src/stm32f0xx_hal_spi.o
 .debug_frame   0x00001d54      0x850 ./Drivers/STM32F0xx_HAL_Driver/Src/stm32f0xx_hal_uart.o
 .debug_frame   0x000025a4      0x174 ./Drivers/STM32F0xx_HAL_Driver/Src/stm32f0xx_hal_uart_ex.o
 .debug_frame   0x00002718       0x20 /opt/stm32cubeide/plugins/com.st.stm32cube.ide.mcu.externaltools.gnu-tools-for-stm32.14.3.rel1.linux64_1.0.100.202602081740/tools/bin/../lib/gcc/arm-none-eabi/14.3.1/../../../../arm-none-eabi/lib/thumb/v6-m/nofp/libc_nano.a(libc_a-memset.o)
 .debug_frame   0x00002738       0x2c /opt/stm32cubeide/plugins/com.st.stm32cube.ide.mcu.externaltools.gnu-tools-for-stm32.14.3.rel1.linux64_1.0.100.202602081740/tools/bin/../lib/gcc/arm-none-eabi/14.3.1/../../../../arm-none-eabi/lib/thumb/v6-m/nofp/libc_nano.a(libc_a-init.o)
 .debug_frame   0x00002764       0x20 /opt/stm32cubeide/plugins/com.st.stm32cube.ide.mcu.externaltools.gnu-tools-for-stm32.14.3.rel1.linux64_1.0.100.202602081740/tools/bin/../lib/gcc/arm-none-eabi/14.3.1/thumb/v6-m/nofp/libgcc.a(_udivsi3.o)
 .debug_frame   0x00002784       0x20 /opt/stm32cubeide/plugins/com.st.stm32cube.ide.mcu.externaltools.gnu-tools-for-stm32.14.3.rel1.linux64_1.0.100.202602081740/tools/bin/../lib/gcc/arm-none-eabi/14.3.1/thumb/v6-m/nofp/libgcc.a(_divsi3.o)

.debug_line_str
                0x00000000       0x70
 .debug_line_str
                0x00000000       0x70 ./Core/Startup/startup_stm32f091rctx.o
