../Core/Src/commands.c:171:6:commandsInit	16	static
../Core/Src/commands.c:176:19:helpCMD	24	static
../Core/Src/commands.c:183:19:displayImageCMD	48	static
../Core/Src/commands.c:194:19:refreshCMD	32	static
../Core/Src/commands.c:207:19:orCMD	24	static
../Core/Src/commands.c:229:6:stringsEqual	24	static
../Core/Src/commands.c:239:10:getCommandBuffer	8	static
../Core/Src/commands.c:241:8:getCommandSize	8	static
../Core/Src/commands.c:244:6:parseCommand	40	static
../Core/Src/commands.c:262:6:HAL_UARTEx_RxEventCallback	16	static
