../Core/Src/display-ili9488.c:75:6:ILI9488_RESET	8	static
../Core/Src/display-ili9488.c:90:6:ILI9488_SELECT	8	static
../Core/Src/display-ili9488.c:95:6:ILI9488_DESELECT	8	static
../Core/Src/display-ili9488.c:101:6:ILI9488_CMD	16	static
../Core/Src/display-ili9488.c:116:6:ILI9488_DATA	32	static
../Core/Src/display-ili9488.c:134:6:ILI9488_INIT	24	static
../Core/Src/display-ili9488.c:187:6:ILI9488_FILL	32	static
../Core/Src/display-ili9488.c:254:6:ILI9488_REFRESH	32	static
../Core/Src/display-ili9488.c:328:6:ILI9488_LOAD_IMAGE	72	static
../Core/Src/display-ili9488.c:442:6:ILI9488_LOAD_TEXT	72	static
../Core/Src/display-ili9488.c:503:6:ILI9488_DRAW	64	static
../Core/Src/display-ili9488.c:640:6:HAL_SPI_TxCpltCallback	56	static
